Component: ARM Compiler 5.06 update 7 (build 960) Tool: armlink [4d3601]

==============================================================================

Section Cross References

    stm32f10x_adc.o(i.ADC_DeInit) refers to stm32f10x_rcc.o(i.RCC_APB2PeriphResetCmd) for RCC_APB2PeriphResetCmd
    stm32f10x_bkp.o(i.BKP_DeInit) refers to stm32f10x_rcc.o(i.RCC_BackupResetCmd) for RCC_BackupResetCmd
    stm32f10x_can.o(i.CAN_DeInit) refers to stm32f10x_rcc.o(i.RCC_APB1PeriphResetCmd) for RCC_APB1PeriphResetCmd
    stm32f10x_can.o(i.CAN_GetITStatus) refers to stm32f10x_can.o(i.CheckITStatus) for CheckITStatus
    stm32f10x_cec.o(i.CEC_DeInit) refers to stm32f10x_rcc.o(i.RCC_APB1PeriphResetCmd) for RCC_APB1PeriphResetCmd
    stm32f10x_dac.o(i.DAC_DeInit) refers to stm32f10x_rcc.o(i.RCC_APB1PeriphResetCmd) for RCC_APB1PeriphResetCmd
    stm32f10x_flash.o(i.FLASH_EnableWriteProtection) refers to stm32f10x_flash.o(i.FLASH_WaitForLastOperation) for FLASH_WaitForLastOperation
    stm32f10x_flash.o(i.FLASH_EraseAllBank1Pages) refers to stm32f10x_flash.o(i.FLASH_WaitForLastBank1Operation) for FLASH_WaitForLastBank1Operation
    stm32f10x_flash.o(i.FLASH_EraseAllPages) refers to stm32f10x_flash.o(i.FLASH_WaitForLastOperation) for FLASH_WaitForLastOperation
    stm32f10x_flash.o(i.FLASH_EraseOptionBytes) refers to stm32f10x_flash.o(i.FLASH_GetReadOutProtectionStatus) for FLASH_GetReadOutProtectionStatus
    stm32f10x_flash.o(i.FLASH_EraseOptionBytes) refers to stm32f10x_flash.o(i.FLASH_WaitForLastOperation) for FLASH_WaitForLastOperation
    stm32f10x_flash.o(i.FLASH_ErasePage) refers to stm32f10x_flash.o(i.FLASH_WaitForLastOperation) for FLASH_WaitForLastOperation
    stm32f10x_flash.o(i.FLASH_ProgramHalfWord) refers to stm32f10x_flash.o(i.FLASH_WaitForLastOperation) for FLASH_WaitForLastOperation
    stm32f10x_flash.o(i.FLASH_ProgramOptionByteData) refers to stm32f10x_flash.o(i.FLASH_WaitForLastOperation) for FLASH_WaitForLastOperation
    stm32f10x_flash.o(i.FLASH_ProgramWord) refers to stm32f10x_flash.o(i.FLASH_WaitForLastOperation) for FLASH_WaitForLastOperation
    stm32f10x_flash.o(i.FLASH_ReadOutProtection) refers to stm32f10x_flash.o(i.FLASH_WaitForLastOperation) for FLASH_WaitForLastOperation
    stm32f10x_flash.o(i.FLASH_UserOptionByteConfig) refers to stm32f10x_flash.o(i.FLASH_WaitForLastOperation) for FLASH_WaitForLastOperation
    stm32f10x_flash.o(i.FLASH_WaitForLastBank1Operation) refers to stm32f10x_flash.o(i.FLASH_GetBank1Status) for FLASH_GetBank1Status
    stm32f10x_flash.o(i.FLASH_WaitForLastOperation) refers to stm32f10x_flash.o(i.FLASH_GetBank1Status) for FLASH_GetBank1Status
    stm32f10x_gpio.o(i.GPIO_AFIODeInit) refers to stm32f10x_rcc.o(i.RCC_APB2PeriphResetCmd) for RCC_APB2PeriphResetCmd
    stm32f10x_gpio.o(i.GPIO_DeInit) refers to stm32f10x_rcc.o(i.RCC_APB2PeriphResetCmd) for RCC_APB2PeriphResetCmd
    stm32f10x_i2c.o(i.I2C_DeInit) refers to stm32f10x_rcc.o(i.RCC_APB1PeriphResetCmd) for RCC_APB1PeriphResetCmd
    stm32f10x_i2c.o(i.I2C_Init) refers to stm32f10x_rcc.o(i.RCC_GetClocksFreq) for RCC_GetClocksFreq
    stm32f10x_pwr.o(i.PWR_DeInit) refers to stm32f10x_rcc.o(i.RCC_APB1PeriphResetCmd) for RCC_APB1PeriphResetCmd
    stm32f10x_rcc.o(i.RCC_GetClocksFreq) refers to stm32f10x_rcc.o(.data) for APBAHBPrescTable
    stm32f10x_rcc.o(i.RCC_WaitForHSEStartUp) refers to stm32f10x_rcc.o(i.RCC_GetFlagStatus) for RCC_GetFlagStatus
    stm32f10x_rtc.o(i.RTC_SetAlarm) refers to stm32f10x_rtc.o(i.RTC_EnterConfigMode) for RTC_EnterConfigMode
    stm32f10x_rtc.o(i.RTC_SetAlarm) refers to stm32f10x_rtc.o(i.RTC_ExitConfigMode) for RTC_ExitConfigMode
    stm32f10x_rtc.o(i.RTC_SetCounter) refers to stm32f10x_rtc.o(i.RTC_EnterConfigMode) for RTC_EnterConfigMode
    stm32f10x_rtc.o(i.RTC_SetCounter) refers to stm32f10x_rtc.o(i.RTC_ExitConfigMode) for RTC_ExitConfigMode
    stm32f10x_rtc.o(i.RTC_SetPrescaler) refers to stm32f10x_rtc.o(i.RTC_EnterConfigMode) for RTC_EnterConfigMode
    stm32f10x_rtc.o(i.RTC_SetPrescaler) refers to stm32f10x_rtc.o(i.RTC_ExitConfigMode) for RTC_ExitConfigMode
    stm32f10x_spi.o(i.I2S_Init) refers to stm32f10x_rcc.o(i.RCC_GetClocksFreq) for RCC_GetClocksFreq
    stm32f10x_spi.o(i.SPI_I2S_DeInit) refers to stm32f10x_rcc.o(i.RCC_APB2PeriphResetCmd) for RCC_APB2PeriphResetCmd
    stm32f10x_spi.o(i.SPI_I2S_DeInit) refers to stm32f10x_rcc.o(i.RCC_APB1PeriphResetCmd) for RCC_APB1PeriphResetCmd
    stm32f10x_tim.o(i.TIM_DeInit) refers to stm32f10x_rcc.o(i.RCC_APB2PeriphResetCmd) for RCC_APB2PeriphResetCmd
    stm32f10x_tim.o(i.TIM_DeInit) refers to stm32f10x_rcc.o(i.RCC_APB1PeriphResetCmd) for RCC_APB1PeriphResetCmd
    stm32f10x_tim.o(i.TIM_ETRClockMode1Config) refers to stm32f10x_tim.o(i.TIM_ETRConfig) for TIM_ETRConfig
    stm32f10x_tim.o(i.TIM_ETRClockMode2Config) refers to stm32f10x_tim.o(i.TIM_ETRConfig) for TIM_ETRConfig
    stm32f10x_tim.o(i.TIM_ICInit) refers to stm32f10x_tim.o(i.TI1_Config) for TI1_Config
[...]
    i.vPortValidateInterruptPriority         0x08003d70   Section        0  port.o(i.vPortValidateInterruptPriority)
    i.vQueueAddToRegistry                    0x08003de8   Section        0  queue.o(i.vQueueAddToRegistry)
    i.vQueueWaitForMessageRestricted         0x08003e14   Section        0  queue.o(i.vQueueWaitForMessageRestricted)
    i.vTaskDelay                             0x08003e60   Section        0  tasks.o(i.vTaskDelay)
    i.vTaskDelete                            0x08003ebc   Section        0  tasks.o(i.vTaskDelete)
    i.vTaskMissedYield                       0x08003fb0   Section        0  tasks.o(i.vTaskMissedYield)
    i.vTaskPlaceOnEventList                  0x08003fbc   Section        0  tasks.o(i.vTaskPlaceOnEventList)
    i.vTaskPlaceOnEventListRestricted        0x08003ff4   Section        0  tasks.o(i.vTaskPlaceOnEventListRestricted)
    i.vTaskPriorityInherit                   0x08004034   Section        0  tasks.o(i.vTaskPriorityInherit)
    i.vTaskSetTimeOutState                   0x080040e4   Section        0  tasks.o(i.vTaskSetTimeOutState)
    i.vTaskStartScheduler                    0x08004114   Section        0  tasks.o(i.vTaskStartScheduler)
    i.vTaskSuspendAll                        0x080041a8   Section        0  tasks.o(i.vTaskSuspendAll)
    i.vTaskSwitchContext                     0x080041b8   Section        0  tasks.o(i.vTaskSwitchContext)
    i.xPortStartScheduler                    0x08004244   Section        0  port.o(i.xPortStartScheduler)
    i.xPortSysTickHandler                    0x080042e4   Section        0  port.o(i.xPortSysTickHandler)
    i.xQueueGenericCreate                    0x08004318   Section        0  queue.o(i.xQueueGenericCreate)
    i.xQueueGenericReceive                   0x08004370   Section        0  queue.o(i.xQueueGenericReceive)
    i.xQueueGenericReset                     0x08004534   Section        0  queue.o(i.xQueueGenericReset)
    i.xQueueGenericSend                      0x080045cc   Section        0  queue.o(i.xQueueGenericSend)
    i.xQueueGenericSendFromISR               0x08004794   Section        0  queue.o(i.xQueueGenericSendFromISR)
    i.xTaskCheckForTimeOut                   0x0800489c   Section        0  tasks.o(i.xTaskCheckForTimeOut)
    i.xTaskCreate                            0x08004928   Section        0  tasks.o(i.xTaskCreate)
    i.xTaskGetSchedulerState                 0x08004988   Section        0  tasks.o(i.xTaskGetSchedulerState)
    i.xTaskGetTickCount                      0x080049a8   Section        0  tasks.o(i.xTaskGetTickCount)
    i.xTaskIncrementTick                     0x080049b4   Section        0  tasks.o(i.xTaskIncrementTick)
    i.xTaskPriorityDisinherit                0x08004afc   Section        0  tasks.o(i.xTaskPriorityDisinherit)
    i.xTaskRemoveFromEventList               0x08004bc4   Section        0  tasks.o(i.xTaskRemoveFromEventList)
    i.xTaskResumeAll                         0x08004c5c   Section        0  tasks.o(i.xTaskResumeAll)
    i.xTimerCreateTimerTask                  0x08004d60   Section        0  timers.o(i.xTimerCreateTimerTask)
    i.xTimerGenericCommand                   0x08004db4   Section        0  timers.o(i.xTimerGenericCommand)
    locale$$code                             0x08004e38   Section       44  lc_ctype_c.o(locale$$code)
    .constdata                               0x08004e64   Section    36112  bsp_oled.o(.constdata)
    asc2_1206                                0x08004e64   Data        1140  bsp_oled.o(.constdata)
    asc2_1608                                0x080052d8   Data        1520  bsp_oled.o(.constdata)
    asc2_2412                                0x080058c8   Data        3420  bsp_oled.o(.constdata)
    ascii_3232                               0x08006624   Data        9120  bsp_oled.o(.constdata)
    ascii_4848                               0x080089c4   Data       13680  bsp_oled.o(.constdata)
    ascii_4816                               0x0800bf34   Data        1920  bsp_oled.o(.constdata)
    gbk_1212                                 0x0800c6b4   Data         168  bsp_oled.o(.constdata)
    gbk_1616                                 0x0800c75c   Data         224  bsp_oled.o(.constdata)
    gbk_2412                                 0x0800c83c   Data         504  bsp_oled.o(.constdata)
    faces                                    0x0800ca34   Data          96  bsp_oled.o(.constdata)
    vertices                                 0x0800ca94   Data        4320  bsp_oled.o(.constdata)
    .constdata                               0x0800db74   Section       17  __printf_flags_wp.o(.constdata)
    maptable                                 0x0800db74   Data          17  __printf_flags_wp.o(.constdata)
    .conststring                             0x0800db88   Section       28  system_timer_task.o(.conststring)
    locale$$data                             0x0800dbc4   Section      272  lc_ctype_c.o(locale$$data)
    __lcctype_c_name                         0x0800dbc8   Data           2  lc_ctype_c.o(locale$$data)
    __lcctype_c_start                        0x0800dbd0   Data           0  lc_ctype_c.o(locale$$data)
    __lcctype_c_end                          0x0800dcd4   Data           0  lc_ctype_c.o(locale$$data)
    .data                                    0x20000000   Section       20  stm32f10x_rcc.o(.data)
    APBAHBPrescTable                         0x20000000   Data          16  stm32f10x_rcc.o(.data)
    ADCPrescTable                            0x20000010   Data           4  stm32f10x_rcc.o(.data)
    .data                                    0x20000014   Section       20  system_stm32f10x.o(.data)
    .data                                    0x20000028   Section        4  delay.o(.data)
    fac_us                                   0x20000028   Data           1  delay.o(.data)
    fac_ms                                   0x2000002a   Data           2  delay.o(.data)
    .data                                    0x2000002c   Section        6  usart.o(.data)
    .data                                    0x20000032   Section        1  bsp_sim800a.o(.data)
    MaxMessAdd                               0x20000032   Data           1  bsp_sim800a.o(.data)
    .data                                    0x20000034   Section       32  system_timer_task.o(.data)
    weekString                               0x20000034   Data          28  system_timer_task.o(.data)
    .data                                    0x20000054   Section       44  starttask.o(.data)
    weekString                               0x20000054   Data          28  starttask.o(.data)
    StartTask_Handler                        0x20000070   Data           4  starttask.o(.data)
    UserTask_Handler                         0x20000074   Data           4  starttask.o(.data)
    OledTask_Handler                         0x20000078   Data           4  starttask.o(.data)
    Sim800aTask_Handler                      0x2000007c   Data           4  starttask.o(.data)
    .data                                    0x20000080   Section       57  usertask.o(.data)
    weekString                               0x20000080   Data          28  usertask.o(.data)
    .data                                    0x200000bc   Section       60  oledtask.o(.data)
    weekString                               0x200000bc   Data          28  oledtask.o(.data)
    ui_page                                  0x200000dc   Data           4  oledtask.o(.data)
    home_coordinate                          0x200000e2   Data           6  oledtask.o(.data)
    home_coordinate                          0x200000e8   Data           6  oledtask.o(.data)
    home_coordinate                          0x200000ee   Data           6  oledtask.o(.data)
    page_late                                0x200000f4   Data           4  oledtask.o(.data)
    .data                                    0x200000f8   Section        4  sim800atask.o(.data)
    .data                                    0x200000fc   Section       60  tasks.o(.data)
    pxDelayedTaskList                        0x20000100   Data           4  tasks.o(.data)
    pxOverflowDelayedTaskList                0x20000104   Data           4  tasks.o(.data)
    uxDeletedTasksWaitingCleanUp             0x20000108   Data           4  tasks.o(.data)
    uxCurrentNumberOfTasks                   0x2000010c   Data           4  tasks.o(.data)
    xTickCount                               0x20000110   Data           4  tasks.o(.data)
    uxTopReadyPriority                       0x20000114   Data           4  tasks.o(.data)
    xSchedulerRunning                        0x20000118   Data           4  tasks.o(.data)
    uxPendedTicks                            0x2000011c   Data           4  tasks.o(.data)
    xYieldPending                            0x20000120   Data           4  tasks.o(.data)
    xNumOfOverflows                          0x20000124   Data           4  tasks.o(.data)
    uxTaskNumber                             0x20000128   Data           4  tasks.o(.data)
    xNextTaskUnblockTime                     0x2000012c   Data           4  tasks.o(.data)
    xIdleTaskHandle                          0x20000130   Data           4  tasks.o(.data)
    uxSchedulerSuspended                     0x20000134   Data           4  tasks.o(.data)
    .data                                    0x20000138   Section       20  timers.o(.data)
    pxCurrentTimerList                       0x20000138   Data           4  timers.o(.data)
    pxOverflowTimerList                      0x2000013c   Data           4  timers.o(.data)
    xTimerQueue                              0x20000140   Data           4  timers.o(.data)
    xTimerTaskHandle                         0x20000144   Data           4  timers.o(.data)
    xLastTime                                0x20000148   Data           4  timers.o(.data)
    .data                                    0x2000014c   Section       24  heap_4.o(.data)
    xStart                                   0x2000014c   Data           8  heap_4.o(.data)
    pxEnd                                    0x20000154   Data           4  heap_4.o(.data)
    xFreeBytesRemaining                      0x20000158   Data           4  heap_4.o(.data)
    xMinimumEverFreeBytesRemaining           0x2000015c   Data           4  heap_4.o(.data)
    xBlockAllocatedBit                       0x20000160   Data           4  heap_4.o(.data)
    .data                                    0x20000164   Section       12  port.o(.data)
    uxCriticalNesting                        0x20000164   Data           4  port.o(.data)
    ucMaxSysCallPriority                     0x20000168   Data           1  port.o(.data)
    ulMaxPRIGROUPValue                       0x2000016c   Data           4  port.o(.data)
    .data                                    0x20000170   Section        4  strtok.o(.data)
    _strtok_saves1                           0x20000170   Data           4  strtok.o(.data)
    .bss                                     0x20000174   Section      200  usart.o(.bss)
    .bss                                     0x2000023c   Section       24  bsp_key.o(.bss)
    .bss                                     0x20000254   Section      302  bsp_sim800a.o(.bss)
    .bss                                     0x20000382   Section      300  oledtask.o(.bss)
    .bss                                     0x200004ae   Section      742  sim800atask.o(.bss)
    .bss                                     0x20000794   Section     1024  bsp_oled.o(.bss)
    .bss                                     0x20000b94   Section       64  queue.o(.bss)
    .bss                                     0x20000bd4   Section      740  tasks.o(.bss)
    pxReadyTasksLists                        0x20000bd4   Data         640  tasks.o(.bss)
    xDelayedTaskList1                        0x20000e54   Data          20  tasks.o(.bss)
    xDelayedTaskList2                        0x20000e68   Data          20  tasks.o(.bss)
    xPendingReadyList                        0x20000e7c   Data          20  tasks.o(.bss)
    xTasksWaitingTermination                 0x20000e90   Data          20  tasks.o(.bss)
    xSuspendedTaskList                       0x20000ea4   Data          20  tasks.o(.bss)
    .bss                                     0x20000eb8   Section       40  timers.o(.bss)
    xActiveTimerList1                        0x20000eb8   Data          20  timers.o(.bss)
    xActiveTimerList2                        0x20000ecc   Data          20  timers.o(.bss)
    .bss                                     0x20000ee0   Section    12288  heap_4.o(.bss)
    ucHeap                                   0x20000ee0   Data       12288  heap_4.o(.bss)
    .bss                                     0x20003ee0   Section       96  libspace.o(.bss)
    HEAP                                     0x20003f40   Section     1280  startup_stm32f10x_hd.o(HEAP)
    Heap_Mem                                 0x20003f40   Data        1279  startup_stm32f10x_hd.o(HEAP)
    STACK                                    0x20004440   Section     1024  startup_stm32f10x_hd.o(STACK)
    Stack_Mem                                0x20004440   Data        1024  startup_stm32f10x_hd.o(STACK)
    __initial_sp                             0x20004840   Data           0  startup_stm32f10x_hd.o(STACK)

    Global Symbols

    Symbol Name                              Value     Ov Type        Size  Object(Section)

    BuildAttributes$$THM_ISAv4$P$D$K$B$S$PE$A:L22UL41UL21$X:L11$S22US41US21$IEEE1$IW$USESV6$~STKCKD$USESV7$~SHL$OTIME$ROPI$IEEEX$EBA8$UX$STANDARDLIB$REQ8$PRES8$EABIv2 0x00000000   Number         0  anon$$obj.o ABSOLUTE
    __ARM_use_no_argv                        0x00000000   Number         0  main.o ABSOLUTE
    _printf_flags                            0x00000000   Number         0  printf_stubs.o ABSOLUTE
    _printf_return_value                     0x00000000   Number         0  printf_stubs.o ABSOLUTE
    _printf_sizespec                         0x00000000   Number         0  printf_stubs.o ABSOLUTE
    _printf_widthprec                        0x00000000   Number         0  printf_stubs.o ABSOLUTE
    __ARM_exceptions_init                     - Undefined Weak Reference
    __alloca_initialize                       - Undefined Weak Reference
    __arm_fini_                               - Undefined Weak Reference
    __arm_preinit_                            - Undefined Weak Reference
    __cpp_initialize__aeabi_                  - Undefined Weak Reference
    __cxa_finalize                            - Undefined Weak Reference
    __sigvec_lookup                           - Undefined Weak Reference
    __user_heap_extent                        - Undefined Weak Reference
    _atexit_init                              - Undefined Weak Reference
    _call_atexit_fns                          - Undefined Weak Reference
    _clock_init                               - Undefined Weak Reference
    _fp_trap_init                             - Undefined Weak Reference
    _fp_trap_shutdown                         - Undefined Weak Reference
    _get_lc_collate                           - Undefined Weak Reference
    _get_lc_monetary                          - Undefined Weak Reference
    _get_lc_time                              - Undefined Weak Reference
    _getenv_init                              - Undefined Weak Reference
    _handle_redirection                       - Undefined Weak Reference
    _initio                                   - Undefined Weak Reference
    _mutex_acquire                            - Undefined Weak Reference
    _mutex_free                               - Undefined Weak Reference
    _mutex_release                            - Undefined Weak Reference
    _printf_mbtowc                            - Undefined Weak Reference
    _printf_truncate_signed                   - Undefined Weak Reference
    _printf_truncate_unsigned                 - Undefined Weak Reference
    _rand_init                                - Undefined Weak Reference
    _scanf_int                                - Undefined Weak Reference
    _scanf_longlong                           - Undefined Weak Reference
    _scanf_mbtowc                             - Undefined Weak Reference
    _scanf_string                             - Undefined Weak Reference
    _scanf_wctomb                             - Undefined Weak Reference
    _scanf_wstring                            - Undefined Weak Reference
    _signal_finish                            - Undefined Weak Reference
    _signal_init                              - Undefined Weak Reference
    _terminateio                              - Undefined Weak Reference
    __Vectors_Size                           0x00000130   Number         0  startup_stm32f10x_hd.o ABSOLUTE
    __Vectors                                0x08000000   Data           4  startup_stm32f10x_hd.o(RESET)
    __Vectors_End                            0x08000130   Data           0  startup_stm32f10x_hd.o(RESET)
    __main                                   0x08000131   Thumb Code     8  __main.o(!!!main)
    __scatterload                            0x08000139   Thumb Code     0  __scatter.o(!!!scatter)
    __scatterload_rt2                        0x08000139   Thumb Code    44  __scatter.o(!!!scatter)
    __scatterload_rt2_thumb_only             0x08000139   Thumb Code     0  __scatter.o(!!!scatter)
    __scatterload_null                       0x08000147   Thumb Code     0  __scatter.o(!!!scatter)
    __decompress                             0x0800016d   Thumb Code    90  __dczerorl2.o(!!dczerorl2)
    __decompress1                            0x0800016d   Thumb Code     0  __dczerorl2.o(!!dczerorl2)
    __scatterload_zeroinit                   0x080001c9   Thumb Code    28  __scatter_zi.o(!!handler_zi)
    _printf_d                                0x080001e5   Thumb Code     0  _printf_d.o(.ARM.Collect$$_printf_percent$$00000009)
    _printf_percent                          0x080001e5   Thumb Code     0  _printf_percent.o(.ARM.Collect$$_printf_percent$$00000000)
    _printf_s                                0x080001eb   Thumb Code     0  _printf_s.o(.ARM.Collect$$_printf_percent$$00000014)
    _printf_percent_end                      0x080001f1   Thumb Code     0  _printf_percent_end.o(.ARM.Collect$$_printf_percent$$00000017)
    __rt_lib_init                            0x080001f5   Thumb Code     0  libinit.o(.ARM.Collect$$libinit$$00000000)
    __rt_lib_init_fp_1                       0x080001f7   Thumb Code     0  libinit2.o(.ARM.Collect$$libinit$$00000002)
    __rt_lib_init_heap_1                     0x080001f7   Thumb Code     0  libinit2.o(.ARM.Collect$$libinit$$0000000A)
    __rt_lib_init_lc_common                  0x080001f7   Thumb Code     0  libinit2.o(.ARM.Collect$$libinit$$0000000F)
    __rt_lib_init_preinit_1                  0x080001f7   Thumb Code     0  libinit2.o(.ARM.Collect$$libinit$$00000004)
    __rt_lib_init_rand_1                     0x080001f7   Thumb Code     0  libinit2.o(.ARM.Collect$$libinit$$0000000E)
    __rt_lib_init_user_alloc_1               0x080001f7   Thumb Code     0  libinit2.o(.ARM.Collect$$libinit$$0000000C)
    __rt_lib_init_lc_collate_1               0x080001fd   Thumb Code     0  libinit2.o(.ARM.Collect$$libinit$$00000011)
    __rt_lib_init_lc_ctype_2                 0x080001fd   Thumb Code     0  libinit2.o(.ARM.Collect$$libinit$$00000012)
    __rt_lib_init_alloca_1                   0x08000209   Thumb Code     0  libinit2.o(.ARM.Collect$$libinit$$0000002E)
    __rt_lib_init_argv_1                     0x08000209   Thumb Code     0  libinit2.o(.ARM.Collect$$libinit$$0000002C)
    __rt_lib_init_atexit_1                   0x08000209   Thumb Code     0  libinit2.o(.ARM.Collect$$libinit$$0000001B)
    __rt_lib_init_clock_1                    0x08000209   Thumb Code     0  libinit2.o(.ARM.Collect$$libinit$$00000021)
    __rt_lib_init_cpp_1                      0x08000209   Thumb Code     0  libinit2.o(.ARM.Collect$$libinit$$00000032)
    __rt_lib_init_exceptions_1               0x08000209   Thumb Code     0  libinit2.o(.ARM.Collect$$libinit$$00000030)
    __rt_lib_init_fp_trap_1                  0x08000209   Thumb Code     0  libinit2.o(.ARM.Collect$$libinit$$0000001F)
    __rt_lib_init_getenv_1                   0x08000209   Thumb Code     0  libinit2.o(.ARM.Collect$$libinit$$00000023)
    __rt_lib_init_lc_ctype_1                 0x08000209   Thumb Code     0  libinit2.o(.ARM.Collect$$libinit$$00000013)
    __rt_lib_init_lc_monetary_1              0x08000209   Thumb Code     0  libinit2.o(.ARM.Collect$$libinit$$00000015)
    __rt_lib_init_lc_numeric_1               0x08000209   Thumb Code     0  libinit2.o(.ARM.Collect$$libinit$$00000017)
    __rt_lib_init_lc_time_1                  0x08000209   Thumb Code     0  libinit2.o(.ARM.Collect$$libinit$$00000019)
    __rt_lib_init_return                     0x08000209   Thumb Code     0  libinit2.o(.ARM.Collect$$libinit$$00000033)
    __rt_lib_init_signal_1                   0x08000209   Thumb Code     0  libinit2.o(.ARM.Collect$$libinit$$0000001D)
    __rt_lib_init_stdio_1                    0x08000209   Thumb Code     0  libinit2.o(.ARM.Collect$$libinit$$00000025)
    __rt_lib_shutdown                        0x0800020b   Thumb Code     0  libshutdown.o(.ARM.Collect$$libshutdown$$00000000)
    __rt_lib_shutdown_cpp_1                  0x0800020d   Thumb Code     0  libshutdown2.o(.ARM.Collect$$libshutdown$$00000004)
    __rt_lib_shutdown_fini_1                 0x0800020d   Thumb Code     0  libshutdown2.o(.ARM.Collect$$libshutdown$$00000002)
    __rt_lib_shutdown_fp_trap_1              0x0800020d   Thumb Code     0  libshutdown2.o(.ARM.Collect$$libshutdown$$00000009)
    __rt_lib_shutdown_heap_1                 0x0800020d   Thumb Code     0  libshutdown2.o(.ARM.Collect$$libshutdown$$00000011)
    __rt_lib_shutdown_return                 0x0800020d   Thumb Code     0  libshutdown2.o(.ARM.Collect$$libshutdown$$00000012)
    __rt_lib_shutdown_signal_1               0x0800020d   Thumb Code     0  libshutdown2.o(.ARM.Collect$$libshutdown$$0000000C)
    __rt_lib_shutdown_stdio_1                0x0800020d   Thumb Code     0  libshutdown2.o(.ARM.Collect$$libshutdown$$00000006)
    __rt_lib_shutdown_user_alloc_1           0x0800020d   Thumb Code     0  libshutdown2.o(.ARM.Collect$$libshutdown$$0000000E)
    __rt_entry                               0x0800020f   Thumb Code     0  __rtentry.o(.ARM.Collect$$rtentry$$00000000)
    __rt_entry_presh_1                       0x0800020f   Thumb Code     0  __rtentry2.o(.ARM.Collect$$rtentry$$00000002)
    __rt_entry_sh                            0x0800020f   Thumb Code     0  __rtentry4.o(.ARM.Collect$$rtentry$$00000004)
    __rt_entry_li                            0x08000215   Thumb Code     0  __rtentry2.o(.ARM.Collect$$rtentry$$0000000A)
    __rt_entry_postsh_1                      0x08000215   Thumb Code     0  __rtentry2.o(.ARM.Collect$$rtentry$$00000009)
    __rt_entry_main                          0x08000219   Thumb Code     0  __rtentry2.o(.ARM.Collect$$rtentry$$0000000D)
    __rt_entry_postli_1                      0x08000219   Thumb Code     0  __rtentry2.o(.ARM.Collect$$rtentry$$0000000C)
    __rt_exit                                0x08000221   Thumb Code     0  rtexit.o(.ARM.Collect$$rtexit$$00000000)
    __rt_exit_ls                             0x08000223   Thumb Code     0  rtexit2.o(.ARM.Collect$$rtexit$$00000003)
    __rt_exit_prels_1                        0x08000223   Thumb Code     0  rtexit2.o(.ARM.Collect$$rtexit$$00000002)
    __rt_exit_exit                           0x08000227   Thumb Code     0  rtexit2.o(.ARM.Collect$$rtexit$$00000004)
    SVC_Handler                              0x0800022d   Thumb Code    32  port.o(.emb_text)
    __asm___6_port_c_39a90d8d__prvStartFirstTask 0x08000251   Thumb Code    28  port.o(.emb_text)
    PendSV_Handler                           0x08000271   Thumb Code    72  port.o(.emb_text)
    vPortGetIPSR                             0x080002bd   Thumb Code     6  port.o(.emb_text)
    Reset_Handler                            0x080002c5   Thumb Code     8  startup_stm32f10x_hd.o(.text)
    ADC1_2_IRQHandler                        0x080002df   Thumb Code     0  startup_stm32f10x_hd.o(.text)
    ADC3_IRQHandler                          0x080002df   Thumb Code     0  startup_stm32f10x_hd.o(.text)
    CAN1_RX1_IRQHandler                      0x080002df   Thumb Code     0  startup_stm32f10x_hd.o(.text)
    CAN1_SCE_IRQHandler                      0x080002df   Thumb Code     0  startup_stm32f10x_hd.o(.text)
    DMA1_Channel1_IRQHandler                 0x080002df   Thumb Code     0  startup_stm32f10x_hd.o(.text)
    DMA1_Channel2_IRQHandler                 0x080002df   Thumb Code     0  startup_stm32f10x_hd.o(.text)
    DMA1_Channel3_IRQHandler                 0x080002df   Thumb Code     0  startup_stm32f10x_hd.o(.text)
    DMA1_Channel4_IRQHandler                 0x080002df   Thumb Code     0  startup_stm32f10x_hd.o(.text)
    DMA1_Channel5_IRQHandler                 0x080002df   Thumb Code     0  startup_stm32f10x_hd.o(.text)
    DMA1_Channel6_IRQHandler                 0x080002df   Thumb Code     0  startup_stm32f10x_hd.o(.text)
    DMA1_Channel7_IRQHandler                 0x080002df   Thumb Code     0  startup_stm32f10x_hd.o(.text)
    DMA2_Channel1_IRQHandler                 0x080002df   Thumb Code     0  startup_stm32f10x_hd.o(.text)
    DMA2_Channel2_IRQHandler                 0x080002df   Thumb Code     0  startup_stm32f10x_hd.o(.text)
    DMA2_Channel3_IRQHandler                 0x080002df   Thumb Code     0  startup_stm32f10x_hd.o(.text)
    DMA2_Channel4_5_IRQHandler               0x080002df   Thumb Code     0  startup_stm32f10x_hd.o(.text)
    EXTI0_IRQHandler                         0x080002df   Thumb Code     0  startup_stm32f10x_hd.o(.text)
    EXTI15_10_IRQHandler                     0x080002df   Thumb Code     0  startup_stm32f10x_hd.o(.text)
    EXTI1_IRQHandler                         0x080002df   Thumb Code     0  startup_stm32f10x_hd.o(.text)
    EXTI2_IRQHandler                         0x080002df   Thumb Code     0  startup_stm32f10x_hd.o(.text)
    EXTI3_IRQHandler                         0x080002df   Thumb Code     0  startup_stm32f10x_hd.o(.text)
    EXTI4_IRQHandler                         0x080002df   Thumb Code     0  startup_stm32f10x_hd.o(.text)
    EXTI9_5_IRQHandler                       0x080002df   Thumb Code     0  startup_stm32f10x_hd.o(.text)
    FLASH_IRQHandler                         0x080002df   Thumb Code     0  startup_stm32f10x_hd.o(.text)
    FSMC_IRQHandler                          0x080002df   Thumb Code     0  startup_stm32f10x_hd.o(.text)
    I2C1_ER_IRQHandler                       0x080002df   Thumb Code     0  startup_stm32f10x_hd.o(.text)
    I2C1_EV_IRQHandler                       0x080002df   Thumb Code     0  startup_stm32f10x_hd.o(.text)
    I2C2_ER_IRQHandler                       0x080002df   Thumb Code     0  startup_stm32f10x_hd.o(.text)
    I2C2_EV_IRQHandler                       0x080002df   Thumb Code     0  startup_stm32f10x_hd.o(.text)
    PVD_IRQHandler                           0x080002df   Thumb Code     0  startup_stm32f10x_hd.o(.text)
    RCC_IRQHandler                           0x080002df   Thumb Code     0  startup_stm32f10x_hd.o(.text)
    RTCAlarm_IRQHandler                      0x080002df   Thumb Code     0  startup_stm32f10x_hd.o(.text)
    RTC_IRQHandler                           0x080002df   Thumb Code     0  startup_stm32f10x_hd.o(.text)
    SDIO_IRQHandler                          0x080002df   Thumb Code     0  startup_stm32f10x_hd.o(.text)
    SPI1_IRQHandler                          0x080002df   Thumb Code     0  startup_stm32f10x_hd.o(.text)
    SPI2_IRQHandler                          0x080002df   Thumb Code     0  startup_stm32f10x_hd.o(.text)
    SPI3_IRQHandler                          0x080002df   Thumb Code     0  startup_stm32f10x_hd.o(.text)
    TAMPER_IRQHandler                        0x080002df   Thumb Code     0  startup_stm32f10x_hd.o(.text)
    TIM1_BRK_IRQHandler                      0x080002df   Thumb Code     0  startup_stm32f10x_hd.o(.text)
    TIM1_CC_IRQHandler                       0x080002df   Thumb Code     0  startup_stm32f10x_hd.o(.text)
    TIM1_TRG_COM_IRQHandler                  0x080002df   Thumb Code     0  startup_stm32f10x_hd.o(.text)
    TIM1_UP_IRQHandler                       0x080002df   Thumb Code     0  startup_stm32f10x_hd.o(.text)
    TIM2_IRQHandler                          0x080002df   Thumb Code     0  startup_stm32f10x_hd.o(.text)
    TIM4_IRQHandler                          0x080002df   Thumb Code     0  startup_stm32f10x_hd.o(.text)
    TIM5_IRQHandler                          0x080002df   Thumb Code     0  startup_stm32f10x_hd.o(.text)
    TIM6_IRQHandler                          0x080002df   Thumb Code     0  startup_stm32f10x_hd.o(.text)
    TIM7_IRQHandler                          0x080002df   Thumb Code     0  startup_stm32f10x_hd.o(.text)
    TIM8_BRK_IRQHandler                      0x080002df   Thumb Code     0  startup_stm32f10x_hd.o(.text)
    TIM8_CC_IRQHandler                       0x080002df   Thumb Code     0  startup_stm32f10x_hd.o(.text)
    TIM8_TRG_COM_IRQHandler                  0x080002df   Thumb Code     0  startup_stm32f10x_hd.o(.text)
    TIM8_UP_IRQHandler                       0x080002df   Thumb Code     0  startup_stm32f10x_hd.o(.text)
    UART4_IRQHandler                         0x080002df   Thumb Code     0  startup_stm32f10x_hd.o(.text)
    UART5_IRQHandler                         0x080002df   Thumb Code     0  startup_stm32f10x_hd.o(.text)
    USART3_IRQHandler                        0x080002df   Thumb Code     0  startup_stm32f10x_hd.o(.text)
    USBWakeUp_IRQHandler                     0x080002df   Thumb Code     0  startup_stm32f10x_hd.o(.text)
    USB_HP_CAN1_TX_IRQHandler                0x080002df   Thumb Code     0  startup_stm32f10x_hd.o(.text)
    USB_LP_CAN1_RX0_IRQHandler               0x080002df   Thumb Code     0  startup_stm32f10x_hd.o(.text)
    WWDG_IRQHandler                          0x080002df   Thumb Code     0  startup_stm32f10x_hd.o(.text)
    __user_initial_stackheap                 0x080002e1   Thumb Code     0  startup_stm32f10x_hd.o(.text)
    __use_no_semihosting                     0x08000305   Thumb Code     2  use_no_semi_2.o(.text)
    __2printf                                0x08000309   Thumb Code    20  __2printf.o(.text)
    __2sprintf                               0x08000321   Thumb Code    38  __2sprintf.o(.text)
    _printf_pre_padding                      0x0800034d   Thumb Code    44  _printf_pad.o(.text)
    _printf_post_padding                     0x08000379   Thumb Code    34  _printf_pad.o(.text)
    _printf_str                              0x0800039b   Thumb Code    82  _printf_str.o(.text)
    _printf_int_dec                          0x080003ed   Thumb Code   104  _printf_dec.o(.text)
    __printf                                 0x08000465   Thumb Code   308  __printf_flags_wp.o(.text)
    atoi                                     0x0800059d   Thumb Code    26  atoi.o(.text)
    strtok                                   0x080005b9   Thumb Code     6  strtok.o(.text)
    strstr                                   0x080005c5   Thumb Code    36  strstr.o(.text)
    strcpy                                   0x080005e9   Thumb Code    72  strcpy.o(.text)
    __aeabi_memcpy                           0x08000631   Thumb Code     0  rt_memcpy_v6.o(.text)
    __rt_memcpy                              0x08000631   Thumb Code   138  rt_memcpy_v6.o(.text)
    _memcpy_lastbytes                        0x08000697   Thumb Code     0  rt_memcpy_v6.o(.text)
    __aeabi_memcpy4                          0x080006bb   Thumb Code     0  rt_memcpy_w.o(.text)
    __aeabi_memcpy8                          0x080006bb   Thumb Code     0  rt_memcpy_w.o(.text)
    __rt_memcpy_w                            0x080006bb   Thumb Code   100  rt_memcpy_w.o(.text)
    _memcpy_lastbytes_aligned                0x08000703   Thumb Code     0  rt_memcpy_w.o(.text)
    __aeabi_memset                           0x0800071f   Thumb Code    16  aeabi_memset.o(.text)
    __aeabi_memclr4                          0x0800072f   Thumb Code     0  rt_memclr_w.o(.text)
    __aeabi_memclr8                          0x0800072f   Thumb Code     0  rt_memclr_w.o(.text)
    __rt_memclr_w                            0x0800072f   Thumb Code    78  rt_memclr_w.o(.text)
    _memset_w                                0x08000733   Thumb Code     0  rt_memclr_w.o(.text)
    strcmp                                   0x0800077d   Thumb Code   128  strcmpv7m.o(.text)
    __use_two_region_memory                  0x080007fd   Thumb Code     2  heapauxi.o(.text)
    __rt_heap_escrow                         0x080007ff   Thumb Code     2  heapauxi.o(.text)
    __rt_heap_expand                         0x08000801   Thumb Code     2  heapauxi.o(.text)
    __I$use$semihosting                      0x08000803   Thumb Code     0  use_no_semi.o(.text)
    __use_no_semihosting_swi                 0x08000803   Thumb Code     2  use_no_semi.o(.text)
    __rt_ctype_table                         0x08000805   Thumb Code    16  rt_ctype_table.o(.text)
    __aeabi_errno_addr                       0x08000815   Thumb Code     8  rt_errno_addr_intlibspace.o(.text)
    __errno$intlibspace                      0x08000815   Thumb Code     0  rt_errno_addr_intlibspace.o(.text)
    __rt_errno_addr$intlibspace              0x08000815   Thumb Code     0  rt_errno_addr_intlibspace.o(.text)
    _printf_int_common                       0x0800081d   Thumb Code   178  _printf_intcommon.o(.text)
    _printf_char_common                      0x080008db   Thumb Code    32  _printf_char_common.o(.text)
    _sputc                                   0x08000901   Thumb Code    10  _sputc.o(.text)
    _printf_cs_common                        0x0800090b   Thumb Code    20  _printf_char.o(.text)
    _printf_char                             0x0800091f   Thumb Code    16  _printf_char.o(.text)
    _printf_string                           0x0800092f   Thumb Code     8  _printf_char.o(.text)
    _printf_char_file                        0x08000939   Thumb Code    32  _printf_char_file.o(.text)
    strtol                                   0x0800095d   Thumb Code   112  strtol.o(.text)
    __strtok_internal                        0x080009cd   Thumb Code    64  strtok_int.o(.text)
    __aeabi_memclr                           0x08000a11   Thumb Code     0  rt_memclr.o(.text)
    __rt_memclr                              0x08000a11   Thumb Code    68  rt_memclr.o(.text)
    _memset                                  0x08000a15   Thumb Code     0  rt_memclr.o(.text)
    __user_libspace                          0x08000a55   Thumb Code     8  libspace.o(.text)
    __user_perproc_libspace                  0x08000a55   Thumb Code     0  libspace.o(.text)
    __user_perthread_libspace                0x08000a55   Thumb Code     0  libspace.o(.text)
    __rt_locale                              0x08000a5d   Thumb Code     8  rt_locale_intlibspace.o(.text)
    _strtoul                                 0x08000a65   Thumb Code   158  _strtoul.o(.text)
    ferror                                   0x08000b03   Thumb Code     8  ferror.o(.text)
    strcspn                                  0x08000b0b   Thumb Code    32  strcspn.o(.text)
    strspn                                   0x08000b2b   Thumb Code    28  strspn.o(.text)
    __user_setup_stackheap                   0x08000b47   Thumb Code    74  sys_stackheap_outer.o(.text)
    _chval                                   0x08000b91   Thumb Code    28  _chval.o(.text)
    exit                                     0x08000bad   Thumb Code    18  exit.o(.text)
    Beep_Gpio_Init                           0x08000bc1   Thumb Code    50  beep.o(i.Beep_Gpio_Init)
    Beep_Off                                 0x08000bf9   Thumb Code    14  beep.o(i.Beep_Off)
    Beep_On                                  0x08000c0d   Thumb Code    14  beep.o(i.Beep_On)
    BusFault_Handler                         0x08000c21   Thumb Code     4  stm32f10x_it.o(i.BusFault_Handler)
    DebugMon_Handler                         0x08000c25   Thumb Code     2  stm32f10x_it.o(i.DebugMon_Handler)
    GPIO_Init                                0x08000c27   Thumb Code   278  stm32f10x_gpio.o(i.GPIO_Init)
    GPIO_PinRemapConfig                      0x08000d3d   Thumb Code   138  stm32f10x_gpio.o(i.GPIO_PinRemapConfig)
    GPIO_ResetBits                           0x08000dcd   Thumb Code     4  stm32f10x_gpio.o(i.GPIO_ResetBits)
    GPIO_SetBits                             0x08000dd1   Thumb Code     4  stm32f10x_gpio.o(i.GPIO_SetBits)
    HardFault_Handler                        0x08000dd5   Thumb Code     4  stm32f10x_it.o(i.HardFault_Handler)
    I2C_Start                                0x08000f71   Thumb Code    36  bsp_oled.o(i.I2C_Start)
    I2C_Stop                                 0x08000f99   Thumb Code    28  bsp_oled.o(i.I2C_Stop)
    I2C_WaitAck                              0x08000fb9   Thumb Code    20  bsp_oled.o(i.I2C_WaitAck)
    IsASSIC                                  0x08000fd1   Thumb Code    26  bsp_sim800a.o(i.IsASSIC)
    KEY_get                                  0x08000feb   Thumb Code    20  bsp_key.o(i.KEY_get)
    KEY_init                                 0x08001001   Thumb Code    76  key.o(i.KEY_init)
    LED_init                                 0x08001055   Thumb Code    50  led.o(i.LED_init)
    Ladar_Gpio_Init                          0x0800108d   Thumb Code    64  user.o(i.Ladar_Gpio_Init)
    MemManage_Handler                        0x080010d5   Thumb Code     4  stm32f10x_it.o(i.MemManage_Handler)
    NMI_Handler                              0x080010d9   Thumb Code     2  stm32f10x_it.o(i.NMI_Handler)
    NVIC_Init                                0x080010dd   Thumb Code   100  misc.o(i.NVIC_Init)
    NVIC_PriorityGroupConfig                 0x0800114d   Thumb Code    10  misc.o(i.NVIC_PriorityGroupConfig)
    OLED_Clear                               0x08001161   Thumb Code    42  bsp_oled.o(i.OLED_Clear)
    OLED_DrawPoint                           0x08001191   Thumb Code    92  bsp_oled.o(i.OLED_DrawPoint)
    OLED_Fill                                0x080011f1   Thumb Code    58  bsp_oled.o(i.OLED_Fill)
    OLED_Init                                0x0800122b   Thumb Code   148  bsp_oled.o(i.OLED_Init)
    OLED_Refresh_Gram                        0x080013d5   Thumb Code    70  bsp_oled.o(i.OLED_Refresh_Gram)
    OLED_ShowChar                            0x08001421   Thumb Code   294  bsp_oled.o(i.OLED_ShowChar)
    OLED_ShowString                          0x0800155d   Thumb Code   102  bsp_oled.o(i.OLED_ShowString)
    OLED_WR_Byte                             0x080015c3   Thumb Code    56  bsp_oled.o(i.OLED_WR_Byte)
    Oled_Gpio_Init                           0x080015fd   Thumb Code    62  oled.o(i.Oled_Gpio_Init)
    RCC_APB1PeriphClockCmd                   0x08001695   Thumb Code    26  stm32f10x_rcc.o(i.RCC_APB1PeriphClockCmd)
    RCC_APB2PeriphClockCmd                   0x080016b5   Thumb Code    26  stm32f10x_rcc.o(i.RCC_APB2PeriphClockCmd)
    RCC_GetClocksFreq                        0x080016d5   Thumb Code   192  stm32f10x_rcc.o(i.RCC_GetClocksFreq)
    Read_KeyGpio                             0x080017a9   Thumb Code   120  bsp_key.o(i.Read_KeyGpio)
    SIM800A_ClrRecBuffer                     0x08001829   Thumb Code    54  bsp_sim800a.o(i.SIM800A_ClrRecBuffer)
    SIM800A_Cmd                              0x08001865   Thumb Code    58  bsp_sim800a.o(i.SIM800A_Cmd)
    SIM800A_Cmd_Check                        0x080018bd   Thumb Code    80  bsp_sim800a.o(i.SIM800A_Cmd_Check)
    SIM800A_GetRecBuffer                     0x08001911   Thumb Code    18  bsp_sim800a.o(i.SIM800A_GetRecBuffer)
    SIM800A_Get_Net_Register_Status          0x08001929   Thumb Code    96  bsp_sim800a.o(i.SIM800A_Get_Net_Register_Status)
    SIM800A_Get_Singal_Quality               0x080019b1   Thumb Code    90  bsp_sim800a.o(i.SIM800A_Get_Singal_Quality)
    SIM800A_Init                             0x08001a31   Thumb Code    50  bsp_sim800a.o(i.SIM800A_Init)
    SIM800A_IsInsertCard                     0x08001a7d   Thumb Code    14  bsp_sim800a.o(i.SIM800A_IsInsertCard)
    SIM800A_IsReceiveMS                      0x08001a9d   Thumb Code   120  bsp_sim800a.o(i.SIM800A_IsReceiveMS)
    SIM800A_ReadMessage                      0x08001b69   Thumb Code   234  bsp_sim800a.o(i.SIM800A_ReadMessage)
    SIM800A_SendSMS                          0x08001c81   Thumb Code   228  bsp_sim800a.o(i.SIM800A_SendSMS)
    Send_Byte                                0x08001e59   Thumb Code    70  bsp_oled.o(i.Send_Byte)
    Shake_Gpio_Init                          0x0800210d   Thumb Code    40  user.o(i.Shake_Gpio_Init)
    Sim800a_Init                             0x08002139   Thumb Code    38  sim800atask.o(i.Sim800a_Init)
    SysTick_CLKSourceConfig                  0x08002165   Thumb Code    40  misc.o(i.SysTick_CLKSourceConfig)
    SysTick_Handler                          0x0800218d   Thumb Code    16  delay.o(i.SysTick_Handler)
    SystemInit                               0x0800219d   Thumb Code    78  system_stm32f10x.o(i.SystemInit)
    TIM3_IRQHandler                          0x080022b9   Thumb Code   116  system_timer_task.o(i.TIM3_IRQHandler)
    TIM_ClearITPendingBit                    0x08002341   Thumb Code     6  stm32f10x_tim.o(i.TIM_ClearITPendingBit)
    TIM_Cmd                                  0x08002347   Thumb Code    24  stm32f10x_tim.o(i.TIM_Cmd)
    TIM_GetITStatus                          0x0800235f   Thumb Code    34  stm32f10x_tim.o(i.TIM_GetITStatus)
    TIM_ITConfig                             0x08002381   Thumb Code    18  stm32f10x_tim.o(i.TIM_ITConfig)
    TIM_TimeBaseInit                         0x08002395   Thumb Code   122  stm32f10x_tim.o(i.TIM_TimeBaseInit)
    USART1_IRQHandler                        0x08002439   Thumb Code   122  usart.o(i.USART1_IRQHandler)
    USART2_IRQHandler                        0x080024c1   Thumb Code   112  bsp_sim800a.o(i.USART2_IRQHandler)
    USART_Cmd                                0x08002539   Thumb Code    24  stm32f10x_usart.o(i.USART_Cmd)
    USART_GetFlagStatus                      0x08002551   Thumb Code    26  stm32f10x_usart.o(i.USART_GetFlagStatus)
    USART_GetITStatus                        0x0800256b   Thumb Code    84  stm32f10x_usart.o(i.USART_GetITStatus)
    USART_ITConfig                           0x080025bf   Thumb Code    74  stm32f10x_usart.o(i.USART_ITConfig)
    USART_Init                               0x08002609   Thumb Code   210  stm32f10x_usart.o(i.USART_Init)
    USART_ReceiveData                        0x080026e1   Thumb Code    10  stm32f10x_usart.o(i.USART_ReceiveData)
    USART_SendData                           0x080026eb   Thumb Code     8  stm32f10x_usart.o(i.USART_SendData)
    USART_printf                             0x080026f3   Thumb Code   262  bsp_sim800a.o(i.USART_printf)
    Ui_Oled_Init                             0x080027f9   Thumb Code    14  oledtask.o(i.Ui_Oled_Init)
    UsageFault_Handler                       0x08002815   Thumb Code     4  stm32f10x_it.o(i.UsageFault_Handler)
    User_Init                                0x08002819   Thumb Code     2  usertask.o(i.User_Init)
    _is_digit                                0x0800281b   Thumb Code    14  __printf_wp.o(i._is_digit)
    _sys_exit                                0x08002829   Thumb Code     4  usart.o(i._sys_exit)
    delay_init                               0x0800282d   Thumb Code    74  delay.o(i.delay_init)
    fputc                                    0x08002889   Thumb Code    24  usart.o(i.fputc)
    getKey                                   0x080028a5   Thumb Code   120  bsp_key.o(i.getKey)
    key_IRQHandler                           0x08002985   Thumb Code    74  bsp_key.o(i.key_IRQHandler)
    main                                     0x080029d5   Thumb Code    62  main.o(i.main)
    oled_task                                0x08002a13   Thumb Code    30  oledtask.o(i.oled_task)
    pvPortMalloc                             0x0800345d   Thumb Code   296  heap_4.o(i.pvPortMalloc)
    pvTaskIncrementMutexHeldCount            0x08003599   Thumb Code    26  tasks.o(i.pvTaskIncrementMutexHeldCount)
    pxPortInitialiseStack                    0x080035b9   Thumb Code    30  port.o(i.pxPortInitialiseStack)
    sim800a_task                             0x080035dd   Thumb Code   486  sim800atask.o(i.sim800a_task)
    startTaskCreate                          0x0800391d   Thumb Code    24  starttask.o(i.startTaskCreate)
    start_task                               0x08003949   Thumb Code    82  starttask.o(i.start_task)
    timer3_init                              0x080039e1   Thumb Code    90  timer.o(i.timer3_init)
    uart1_init                               0x08003a41   Thumb Code   152  usart.o(i.uart1_init)
    user_task                                0x08003ae1   Thumb Code   130  usertask.o(i.user_task)
    uxListRemove                             0x08003b99   Thumb Code    40  list.o(i.uxListRemove)
    vListInitialise                          0x08003bc1   Thumb Code    26  list.o(i.vListInitialise)
    vListInitialiseItem                      0x08003bdb   Thumb Code     6  list.o(i.vListInitialiseItem)
    vListInsert                              0x08003be1   Thumb Code    52  list.o(i.vListInsert)
    vListInsertEnd                           0x08003c15   Thumb Code    24  list.o(i.vListInsertEnd)
    vPortEnterCritical                       0x08003c2d   Thumb Code    76  port.o(i.vPortEnterCritical)
    vPortExitCritical                        0x08003c81   Thumb Code    56  port.o(i.vPortExitCritical)
    vPortFree                                0x08003cbd   Thumb Code   140  heap_4.o(i.vPortFree)
    vPortSetupTimerInterrupt                 0x08003d51   Thumb Code    26  port.o(i.vPortSetupTimerInterrupt)
    vPortValidateInterruptPriority           0x08003d71   Thumb Code   106  port.o(i.vPortValidateInterruptPriority)
    vQueueAddToRegistry                      0x08003de9   Thumb Code    38  queue.o(i.vQueueAddToRegistry)
    vQueueWaitForMessageRestricted           0x08003e15   Thumb Code    74  queue.o(i.vQueueWaitForMessageRestricted)
    vTaskDelay                               0x08003e61   Thumb Code    82  tasks.o(i.vTaskDelay)
    vTaskDelete                              0x08003ebd   Thumb Code   202  tasks.o(i.vTaskDelete)
    vTaskMissedYield                         0x08003fb1   Thumb Code     8  tasks.o(i.vTaskMissedYield)
    vTaskPlaceOnEventList                    0x08003fbd   Thumb Code    52  tasks.o(i.vTaskPlaceOnEventList)
    vTaskPlaceOnEventListRestricted          0x08003ff5   Thumb Code    60  tasks.o(i.vTaskPlaceOnEventListRestricted)
    vTaskPriorityInherit                     0x08004035   Thumb Code   164  tasks.o(i.vTaskPriorityInherit)
    vTaskSetTimeOutState                     0x080040e5   Thumb Code    38  tasks.o(i.vTaskSetTimeOutState)
    vTaskStartScheduler                      0x08004115   Thumb Code   118  tasks.o(i.vTaskStartScheduler)
    vTaskSuspendAll                          0x080041a9   Thumb Code    12  tasks.o(i.vTaskSuspendAll)
    vTaskSwitchContext                       0x080041b9   Thumb Code   118  tasks.o(i.vTaskSwitchContext)
    xPortStartScheduler                      0x08004245   Thumb Code   140  port.o(i.xPortStartScheduler)
    xPortSysTickHandler                      0x080042e5   Thumb Code    46  port.o(i.xPortSysTickHandler)
    xQueueGenericCreate                      0x08004319   Thumb Code    88  queue.o(i.xQueueGenericCreate)
    xQueueGenericReceive                     0x08004371   Thumb Code   446  queue.o(i.xQueueGenericReceive)
    xQueueGenericReset                       0x08004535   Thumb Code   146  queue.o(i.xQueueGenericReset)
    xQueueGenericSend                        0x080045cd   Thumb Code   452  queue.o(i.xQueueGenericSend)
    xQueueGenericSendFromISR                 0x08004795   Thumb Code   264  queue.o(i.xQueueGenericSendFromISR)
    xTaskCheckForTimeOut                     0x0800489d   Thumb Code   132  tasks.o(i.xTaskCheckForTimeOut)
    xTaskCreate                              0x08004929   Thumb Code    96  tasks.o(i.xTaskCreate)
    xTaskGetSchedulerState                   0x08004989   Thumb Code    24  tasks.o(i.xTaskGetSchedulerState)
    xTaskGetTickCount                        0x080049a9   Thumb Code     6  tasks.o(i.xTaskGetTickCount)
    xTaskIncrementTick                       0x080049b5   Thumb Code   282  tasks.o(i.xTaskIncrementTick)
    xTaskPriorityDisinherit                  0x08004afd   Thumb Code   188  tasks.o(i.xTaskPriorityDisinherit)
    xTaskRemoveFromEventList                 0x08004bc5   Thumb Code   128  tasks.o(i.xTaskRemoveFromEventList)
    xTaskResumeAll                           0x08004c5d   Thumb Code   224  tasks.o(i.xTaskResumeAll)
    xTimerCreateTimerTask                    0x08004d61   Thumb Code    64  timers.o(i.xTimerCreateTimerTask)
    xTimerGenericCommand                     0x08004db5   Thumb Code   126  timers.o(i.xTimerGenericCommand)
    _get_lc_ctype                            0x08004e39   Thumb Code    44  lc_ctype_c.o(locale$$code)
    Region$$Table$$Base                      0x0800dba4   Number         0  anon$$obj.o(Region$$Table)
    Region$$Table$$Limit                     0x0800dbc4   Number         0  anon$$obj.o(Region$$Table)
    __ctype                                  0x0800dbd1   Data           0  lc_ctype_c.o(locale$$data)
    SystemCoreClock                          0x20000014   Data           4  system_stm32f10x.o(.data)
    AHBPrescTable                            0x20000018   Data          16  system_stm32f10x.o(.data)
    __stdout                                 0x2000002c   Data           4  usart.o(.data)
    USART1_RX_STA                            0x20000030   Data           2  usart.o(.data)
    system_timer_info                        0x20000050   Data           4  system_timer_task.o(.data)
    Ladar                                    0x2000009c   Data           1  usertask.o(.data)
    Shake                                    0x2000009d   Data           1  usertask.o(.data)
    ShakeCount                               0x200000a0   Data           4  usertask.o(.data)
    SendCount                                0x200000a4   Data           4  usertask.o(.data)
    BeepCount                                0x200000a8   Data           4  usertask.o(.data)
    ShakeCountNum                            0x200000ac   Data           4  usertask.o(.data)
    SendCountNum                             0x200000b0   Data           4  usertask.o(.data)
    BeepCountNum                             0x200000b4   Data           4  usertask.o(.data)
    Control                                  0x200000b8   Data           1  usertask.o(.data)
    page                                     0x200000d8   Data           1  oledtask.o(.data)
    key_value                                0x200000e0   Data           1  oledtask.o(.data)
    i                                        0x200000e1   Data           1  oledtask.o(.data)
    CSQ                                      0x200000f8   Data           2  sim800atask.o(.data)
    NetStatus                                0x200000fa   Data           1  sim800atask.o(.data)
    send_flag                                0x200000fb   Data           1  sim800atask.o(.data)
    pxCurrentTCB                             0x200000fc   Data           4  tasks.o(.data)
    USART1_RX_BUF                            0x20000174   Data         200  usart.o(.bss)
    keytime                                  0x2000023c   Data          24  bsp_key.o(.bss)
    strSim800a_Fram_Record                   0x20000254   Data         302  bsp_sim800a.o(.bss)
    list                                     0x20000382   Data         300  oledtask.o(.bss)
    Alarm_Phone                              0x200004ae   Data         100  sim800atask.o(.bss)
    Number                                   0x20000512   Data          50  sim800atask.o(.bss)
    namenum                                  0x20000544   Data          80  sim800atask.o(.bss)
    str                                      0x20000594   Data         512  sim800atask.o(.bss)
    OLED_GRAM                                0x20000794   Data        1024  bsp_oled.o(.bss)
    xQueueRegistry                           0x20000b94   Data          64  queue.o(.bss)
    __libspace_start                         0x20003ee0   Data          96  libspace.o(.bss)
    __temporary_stack_top$libspace           0x20003f40   Data           0  libspace.o(.bss)



==============================================================================

Memory Map of the image

  Image Entry point : 0x080002c5

  Load Region LR_1 (Base: 0x08000000, Size: 0x0000de48, Max: 0xffffffff, ABSOLUTE, COMPRESSED[0x0000dd1c])

    Execution Region ER_RO (Exec base: 0x08000000, Load base: 0x08000000, Size: 0x0000dcd4, Max: 0xffffffff, ABSOLUTE)

    Exec Addr    Load Addr    Size         Type   Attr      Idx    E Section Name        Object

    0x08000000   0x08000000   0x00000130   Data   RO         3137    RESET               startup_stm32f10x_hd.o
    0x08000130   0x08000130   0x00000008   Code   RO         6063  * !!!main             c_w.l(__main.o)
    0x08000138   0x08000138   0x00000034   Code   RO         6532    !!!scatter          c_w.l(__scatter.o)
    0x0800016c   0x0800016c   0x0000005a   Code   RO         6530    !!dczerorl2         c_w.l(__dczerorl2.o)
    0x080001c6   0x080001c6   0x00000002   PAD
    0x080001c8   0x080001c8   0x0000001c   Code   RO         6534    !!handler_zi        c_w.l(__scatter_zi.o)
    0x080001e4   0x080001e4   0x00000000   Code   RO         6035    .ARM.Collect$$_printf_percent$$00000000  c_w.l(_printf_percent.o)
    0x080001e4   0x080001e4   0x00000006   Code   RO         6032    .ARM.Collect$$_printf_percent$$00000009  c_w.l(_printf_d.o)
    0x080001ea   0x080001ea   0x00000006   Code   RO         6029    .ARM.Collect$$_printf_percent$$00000014  c_w.l(_printf_s.o)
    0x080001f0   0x080001f0   0x00000004   Code   RO         6202    .ARM.Collect$$_printf_percent$$00000017  c_w.l(_printf_percent_end.o)
    0x080001f4   0x080001f4   0x00000002   Code   RO         6447    .ARM.Collect$$libinit$$00000000  c_w.l(libinit.o)
    0x080001f6   0x080001f6   0x00000000   Code   RO         6220    .ARM.Collect$$libinit$$00000002  c_w.l(libinit2.o)
    0x080001f6   0x080001f6   0x00000000   Code   RO         6222    .ARM.Collect$$libinit$$00000004  c_w.l(libinit2.o)
    0x080001f6   0x080001f6   0x00000000   Code   RO         6225    .ARM.Collect$$libinit$$0000000A  c_w.l(libinit2.o)
    0x080001f6   0x080001f6   0x00000000   Code   RO         6227    .ARM.Collect$$libinit$$0000000C  c_w.l(libinit2.o)
    0x080001f6   0x080001f6   0x00000000   Code   RO         6229    .ARM.Collect$$libinit$$0000000E  c_w.l(libinit2.o)
    0x080001f6   0x080001f6   0x00000006   Code   RO         6230    .ARM.Collect$$libinit$$0000000F  c_w.l(libinit2.o)
    0x080001fc   0x080001fc   0x00000000   Code   RO         6232    .ARM.Collect$$libinit$$00000011  c_w.l(libinit2.o)
    0x080001fc   0x080001fc   0x0000000c   Code   RO         6233    .ARM.Collect$$libinit$$00000012  c_w.l(libinit2.o)
    0x08000208   0x08000208   0x00000000   Code   RO         6234    .ARM.Collect$$libinit$$00000013  c_w.l(libinit2.o)
    0x08000208   0x08000208   0x00000000   Code   RO         6236    .ARM.Collect$$libinit$$00000015  c_w.l(libinit2.o)
    0x08000208   0x08000208   0x00000000   Code   RO         6238    .ARM.Collect$$libinit$$00000017  c_w.l(libinit2.o)
    0x08000208   0x08000208   0x00000000   Code   RO         6240    .ARM.Collect$$libinit$$00000019  c_w.l(libinit2.o)
    0x08000208   0x08000208   0x00000000   Code   RO         6242    .ARM.Collect$$libinit$$0000001B  c_w.l(libinit2.o)
    0x08000208   0x08000208   0x00000000   Code   RO         6244    .ARM.Collect$$libinit$$0000001D  c_w.l(libinit2.o)
    0x08000208   0x08000208   0x00000000   Code   RO         6246    .ARM.Collect$$libinit$$0000001F  c_w.l(libinit2.o)
    0x08000208   0x08000208   0x00000000   Code   RO         6248    .ARM.Collect$$libinit$$00000021  c_w.l(libinit2.o)
    0x08000208   0x08000208   0x00000000   Code   RO         6250    .ARM.Collect$$libinit$$00000023  c_w.l(libinit2.o)
    0x08000208   0x08000208   0x00000000   Code   RO         6252    .ARM.Collect$$libinit$$00000025  c_w.l(libinit2.o)
    0x08000208   0x08000208   0x00000000   Code   RO         6256    .ARM.Collect$$libinit$$0000002C  c_w.l(libinit2.o)
    0x08000208   0x08000208   0x00000000   Code   RO         6258    .ARM.Collect$$libinit$$0000002E  c_w.l(libinit2.o)
    0x08000208   0x08000208   0x00000000   Code   RO         6260    .ARM.Collect$$libinit$$00000030  c_w.l(libinit2.o)
    0x08000208   0x08000208   0x00000000   Code   RO         6262    .ARM.Collect$$libinit$$00000032  c_w.l(libinit2.o)
    0x08000208   0x08000208   0x00000002   Code   RO         6263    .ARM.Collect$$libinit$$00000033  c_w.l(libinit2.o)
    0x0800020a   0x0800020a   0x00000002   Code   RO         6527    .ARM.Collect$$libshutdown$$00000000  c_w.l(libshutdown.o)
    0x0800020c   0x0800020c   0x00000000   Code   RO         6469    .ARM.Collect$$libshutdown$$00000002  c_w.l(libshutdown2.o)
    0x0800020c   0x0800020c   0x00000000   Code   RO         6471    .ARM.Collect$$libshutdown$$00000004  c_w.l(libshutdown2.o)
    0x0800020c   0x0800020c   0x00000000   Code   RO         6473    .ARM.Collect$$libshutdown$$00000006  c_w.l(libshutdown2.o)
    0x0800020c   0x0800020c   0x00000000   Code   RO         6476    .ARM.Collect$$libshutdown$$00000009  c_w.l(libshutdown2.o)
    0x0800020c   0x0800020c   0x00000000   Code   RO         6479    .ARM.Collect$$libshutdown$$0000000C  c_w.l(libshutdown2.o)
    0x0800020c   0x0800020c   0x00000000   Code   RO         6481    .ARM.Collect$$libshutdown$$0000000E  c_w.l(libshutdown2.o)
    0x0800020c   0x0800020c   0x00000000   Code   RO         6484    .ARM.Collect$$libshutdown$$00000011  c_w.l(libshutdown2.o)
    0x0800020c   0x0800020c   0x00000002   Code   RO         6485    .ARM.Collect$$libshutdown$$00000012  c_w.l(libshutdown2.o)
    0x0800020e   0x0800020e   0x00000000   Code   RO         6155    .ARM.Collect$$rtentry$$00000000  c_w.l(__rtentry.o)
    0x0800020e   0x0800020e   0x00000000   Code   RO         6310    .ARM.Collect$$rtentry$$00000002  c_w.l(__rtentry2.o)
    0x0800020e   0x0800020e   0x00000006   Code   RO         6322    .ARM.Collect$$rtentry$$00000004  c_w.l(__rtentry4.o)
    0x08000214   0x08000214   0x00000000   Code   RO         6312    .ARM.Collect$$rtentry$$00000009  c_w.l(__rtentry2.o)
    0x08000214   0x08000214   0x00000004   Code   RO         6313    .ARM.Collect$$rtentry$$0000000A  c_w.l(__rtentry2.o)
    0x08000218   0x08000218   0x00000000   Code   RO         6315    .ARM.Collect$$rtentry$$0000000C  c_w.l(__rtentry2.o)
    0x08000218   0x08000218   0x00000008   Code   RO         6316    .ARM.Collect$$rtentry$$0000000D  c_w.l(__rtentry2.o)
    0x08000220   0x08000220   0x00000002   Code   RO         6456    .ARM.Collect$$rtexit$$00000000  c_w.l(rtexit.o)
    0x08000222   0x08000222   0x00000000   Code   RO         6501    .ARM.Collect$$rtexit$$00000002  c_w.l(rtexit2.o)
    0x08000222   0x08000222   0x00000004   Code   RO         6502    .ARM.Collect$$rtexit$$00000003  c_w.l(rtexit2.o)
    0x08000226   0x08000226   0x00000006   Code   RO         6503    .ARM.Collect$$rtexit$$00000004  c_w.l(rtexit2.o)
    0x0800022c   0x0800022c   0x00000096   Code   RO         5820    .emb_text           port.o
    0x080002c2   0x080002c2   0x00000002   PAD
    0x080002c4   0x080002c4   0x00000040   Code   RO         3138  * .text               startup_stm32f10x_hd.o
    0x08000304   0x08000304   0x00000002   Code   RO         5899    .text               c_w.l(use_no_semi_2.o)
    0x08000306   0x08000306   0x00000002   PAD
    0x08000308   0x08000308   0x00000018   Code   RO         5971    .text               c_w.l(__2printf.o)
    0x08000320   0x08000320   0x0000002c   Code   RO         5973    .text               c_w.l(__2sprintf.o)
    0x0800034c   0x0800034c   0x0000004e   Code   RO         5981    .text               c_w.l(_printf_pad.o)
    0x0800039a   0x0800039a   0x00000052   Code   RO         5983    .text               c_w.l(_printf_str.o)
    0x080003ec   0x080003ec   0x00000078   Code   RO         5985    .text               c_w.l(_printf_dec.o)
    0x08000464   0x08000464   0x00000138   Code   RO         6020    .text               c_w.l(__printf_flags_wp.o)
    0x0800059c   0x0800059c   0x0000001a   Code   RO         6038    .text               c_w.l(atoi.o)
    0x080005b6   0x080005b6   0x00000002   PAD
    0x080005b8   0x080005b8   0x0000000c   Code   RO         6040    .text               c_w.l(strtok.o)
    0x080005c4   0x080005c4   0x00000024   Code   RO         6043    .text               c_w.l(strstr.o)
    0x080005e8   0x080005e8   0x00000048   Code   RO         6045    .text               c_w.l(strcpy.o)
    0x08000630   0x08000630   0x0000008a   Code   RO         6051    .text               c_w.l(rt_memcpy_v6.o)
    0x080006ba   0x080006ba   0x00000064   Code   RO         6053    .text               c_w.l(rt_memcpy_w.o)
    0x0800071e   0x0800071e   0x00000010   Code   RO         6055    .text               c_w.l(aeabi_memset.o)
    0x0800072e   0x0800072e   0x0000004e   Code   RO         6057    .text               c_w.l(rt_memclr_w.o)
    0x0800077c   0x0800077c   0x00000080   Code   RO         6059    .text               c_w.l(strcmpv7m.o)
    0x080007fc   0x080007fc   0x00000006   Code   RO         6061    .text               c_w.l(heapauxi.o)
    0x08000802   0x08000802   0x00000002   Code   RO         6151    .text               c_w.l(use_no_semi.o)
    0x08000804   0x08000804   0x00000010   Code   RO         6156    .text               c_w.l(rt_ctype_table.o)
    0x08000814   0x08000814   0x00000008   Code   RO         6166    .text               c_w.l(rt_errno_addr_intlibspace.o)
    0x0800081c   0x0800081c   0x000000b2   Code   RO         6190    .text               c_w.l(_printf_intcommon.o)
    0x080008ce   0x080008ce   0x00000002   PAD
    0x080008d0   0x080008d0   0x00000030   Code   RO         6194    .text               c_w.l(_printf_char_common.o)
    0x08000900   0x08000900   0x0000000a   Code   RO         6196    .text               c_w.l(_sputc.o)
    0x0800090a   0x0800090a   0x0000002c   Code   RO         6198    .text               c_w.l(_printf_char.o)
    0x08000936   0x08000936   0x00000002   PAD
    0x08000938   0x08000938   0x00000024   Code   RO         6200    .text               c_w.l(_printf_char_file.o)
    0x0800095c   0x0800095c   0x00000070   Code   RO         6211    .text               c_w.l(strtol.o)
    0x080009cc   0x080009cc   0x00000044   Code   RO         6213    .text               c_w.l(strtok_int.o)
    0x08000a10   0x08000a10   0x00000044   Code   RO         6215    .text               c_w.l(rt_memclr.o)
    0x08000a54   0x08000a54   0x00000008   Code   RO         6306    .text               c_w.l(libspace.o)
    0x08000a5c   0x08000a5c   0x00000008   Code   RO         6327    .text               c_w.l(rt_locale_intlibspace.o)
    0x08000a64   0x08000a64   0x0000009e   Code   RO         6347    .text               c_w.l(_strtoul.o)
    0x08000b02   0x08000b02   0x00000008   Code   RO         6374    .text               c_w.l(ferror.o)
    0x08000b0a   0x08000b0a   0x00000020   Code   RO         6388    .text               c_w.l(strcspn.o)
    0x08000b2a   0x08000b2a   0x0000001c   Code   RO         6390    .text               c_w.l(strspn.o)
    0x08000b46   0x08000b46   0x0000004a   Code   RO         6420    .text               c_w.l(sys_stackheap_outer.o)
    0x08000b90   0x08000b90   0x0000001c   Code   RO         6426    .text               c_w.l(_chval.o)
    0x08000bac   0x08000bac   0x00000012   Code   RO         6432    .text               c_w.l(exit.o)
    0x08000bbe   0x08000bbe   0x00000002   PAD
    0x08000bc0   0x08000bc0   0x00000038   Code   RO         3459    i.Beep_Gpio_Init    beep.o
    0x08000bf8   0x08000bf8   0x00000014   Code   RO         3460    i.Beep_Off          beep.o
    0x08000c0c   0x08000c0c   0x00000014   Code   RO         3461    i.Beep_On           beep.o
    0x08000c20   0x08000c20   0x00000004   Code   RO         3090    i.BusFault_Handler  stm32f10x_it.o
    0x08000c24   0x08000c24   0x00000002   Code   RO         3091    i.DebugMon_Handler  stm32f10x_it.o
    0x08000c26   0x08000c26   0x00000116   Code   RO         1240    i.GPIO_Init         stm32f10x_gpio.o
    0x08000d3c   0x08000d3c   0x00000090   Code   RO         1242    i.GPIO_PinRemapConfig  stm32f10x_gpio.o
    0x08000dcc   0x08000dcc   0x00000004   Code   RO         1247    i.GPIO_ResetBits    stm32f10x_gpio.o
    0x08000dd0   0x08000dd0   0x00000004   Code   RO         1248    i.GPIO_SetBits      stm32f10x_gpio.o
    0x08000dd4   0x08000dd4   0x00000004   Code   RO         3092    i.HardFault_Handler  stm32f10x_it.o
    0x08000dd8   0x08000dd8   0x00000198   Code   RO         3781    i.Home_Page         oledtask.o
    0x08000f70   0x08000f70   0x00000028   Code   RO         3881    i.I2C_Start         bsp_oled.o
    0x08000f98   0x08000f98   0x00000020   Code   RO         3882    i.I2C_Stop          bsp_oled.o
    0x08000fb8   0x08000fb8   0x00000018   Code   RO         3883    i.I2C_WaitAck       bsp_oled.o
    0x08000fd0   0x08000fd0   0x0000001a   Code   RO         3537    i.IsASSIC           bsp_sim800a.o
    0x08000fea   0x08000fea   0x00000014   Code   RO         3501    i.KEY_get           bsp_key.o
    0x08000ffe   0x08000ffe   0x00000002   PAD
    0x08001000   0x08001000   0x00000054   Code   RO         3319    i.KEY_init          key.o
    0x08001054   0x08001054   0x00000038   Code   RO         3331    i.LED_init          led.o
    0x0800108c   0x0800108c   0x00000048   Code   RO         3483    i.Ladar_Gpio_Init   user.o
    0x080010d4   0x080010d4   0x00000004   Code   RO         3093    i.MemManage_Handler  stm32f10x_it.o
    0x080010d8   0x080010d8   0x00000002   Code   RO         3094    i.NMI_Handler       stm32f10x_it.o
    0x080010da   0x080010da   0x00000002   PAD
    0x080010dc   0x080010dc   0x00000070   Code   RO            1    i.NVIC_Init         misc.o
    0x0800114c   0x0800114c   0x00000014   Code   RO            2    i.NVIC_PriorityGroupConfig  misc.o
    0x08001160   0x08001160   0x00000030   Code   RO         3884    i.OLED_Clear        bsp_oled.o
    0x08001190   0x08001190   0x00000060   Code   RO         3890    i.OLED_DrawPoint    bsp_oled.o
    0x080011f0   0x080011f0   0x0000003a   Code   RO         3891    i.OLED_Fill         bsp_oled.o
    0x0800122a   0x0800122a   0x00000094   Code   RO         3892    i.OLED_Init         bsp_oled.o
    0x080012be   0x080012be   0x00000002   PAD
    0x080012c0   0x080012c0   0x00000114   Code   RO         3783    i.OLED_PageShow     oledtask.o
    0x080013d4   0x080013d4   0x0000004c   Code   RO         3894    i.OLED_Refresh_Gram  bsp_oled.o
    0x08001420   0x08001420   0x0000013c   Code   RO         3896    i.OLED_ShowChar     bsp_oled.o
    0x0800155c   0x0800155c   0x00000066   Code   RO         3902    i.OLED_ShowString   bsp_oled.o
    0x080015c2   0x080015c2   0x00000038   Code   RO         3903    i.OLED_WR_Byte      bsp_oled.o
    0x080015fa   0x080015fa   0x00000002   PAD
    0x080015fc   0x080015fc   0x0000004c   Code   RO         3447    i.Oled_Gpio_Init    oled.o
    0x08001648   0x08001648   0x0000004c   Code   RO         3784    i.Page_Refresh      oledtask.o
    0x08001694   0x08001694   0x00000020   Code   RO         1656    i.RCC_APB1PeriphClockCmd  stm32f10x_rcc.o
    0x080016b4   0x080016b4   0x00000020   Code   RO         1658    i.RCC_APB2PeriphClockCmd  stm32f10x_rcc.o
    0x080016d4   0x080016d4   0x000000d4   Code   RO         1666    i.RCC_GetClocksFreq  stm32f10x_rcc.o
    0x080017a8   0x080017a8   0x00000080   Code   RO         3502    i.Read_KeyGpio      bsp_key.o
    0x08001828   0x08001828   0x0000003c   Code   RO         3540    i.SIM800A_ClrRecBuffer  bsp_sim800a.o
    0x08001864   0x08001864   0x00000058   Code   RO         3541    i.SIM800A_Cmd       bsp_sim800a.o
    0x080018bc   0x080018bc   0x00000054   Code   RO         3542    i.SIM800A_Cmd_Check  bsp_sim800a.o
    0x08001910   0x08001910   0x00000018   Code   RO         3543    i.SIM800A_GetRecBuffer  bsp_sim800a.o
    0x08001928   0x08001928   0x00000088   Code   RO         3544    i.SIM800A_Get_Net_Register_Status  bsp_sim800a.o
    0x080019b0   0x080019b0   0x00000080   Code   RO         3546    i.SIM800A_Get_Singal_Quality  bsp_sim800a.o
    0x08001a30   0x08001a30   0x0000004c   Code   RO         3547    i.SIM800A_Init      bsp_sim800a.o
    0x08001a7c   0x08001a7c   0x00000020   Code   RO         3548    i.SIM800A_IsInsertCard  bsp_sim800a.o
    0x08001a9c   0x08001a9c   0x000000cc   Code   RO         3549    i.SIM800A_IsReceiveMS  bsp_sim800a.o
    0x08001b68   0x08001b68   0x00000118   Code   RO         3551    i.SIM800A_ReadMessage  bsp_sim800a.o
    0x08001c80   0x08001c80   0x00000120   Code   RO         3553    i.SIM800A_SendSMS   bsp_sim800a.o
    0x08001da0   0x08001da0   0x00000098   Code   RO         3554    i.SIM800A_USART_Config  bsp_sim800a.o
    0x08001e38   0x08001e38   0x00000020   Code   RO         3555    i.SIM800A_USART_NVIC_Configuration  bsp_sim800a.o
    0x08001e58   0x08001e58   0x0000004c   Code   RO         3904    i.Send_Byte         bsp_oled.o
    0x08001ea4   0x08001ea4   0x00000008   Code   RO         3056    i.SetSysClock       system_stm32f10x.o
    0x08001eac   0x08001eac   0x000000e0   Code   RO         3057    i.SetSysClockTo72   system_stm32f10x.o
    0x08001f8c   0x08001f8c   0x00000180   Code   RO         3785    i.Set_Page          oledtask.o
    0x0800210c   0x0800210c   0x0000002c   Code   RO         3484    i.Shake_Gpio_Init   user.o
    0x08002138   0x08002138   0x0000002c   Code   RO         3850    i.Sim800a_Init      sim800atask.o
    0x08002164   0x08002164   0x00000028   Code   RO            5    i.SysTick_CLKSourceConfig  misc.o
    0x0800218c   0x0800218c   0x00000010   Code   RO         3275    i.SysTick_Handler   delay.o
    0x0800219c   0x0800219c   0x00000060   Code   RO         3059    i.SystemInit        system_stm32f10x.o
    0x080021fc   0x080021fc   0x000000bc   Code   RO         3786    i.System_Page       oledtask.o
    0x080022b8   0x080022b8   0x00000088   Code   RO         3701    i.TIM3_IRQHandler   system_timer_task.o
    0x08002340   0x08002340   0x00000006   Code   RO         2285    i.TIM_ClearITPendingBit  stm32f10x_tim.o
    0x08002346   0x08002346   0x00000018   Code   RO         2290    i.TIM_Cmd           stm32f10x_tim.o
    0x0800235e   0x0800235e   0x00000022   Code   RO         2311    i.TIM_GetITStatus   stm32f10x_tim.o
    0x08002380   0x08002380   0x00000012   Code   RO         2315    i.TIM_ITConfig      stm32f10x_tim.o
    0x08002392   0x08002392   0x00000002   PAD
    0x08002394   0x08002394   0x000000a4   Code   RO         2361    i.TIM_TimeBaseInit  stm32f10x_tim.o
    0x08002438   0x08002438   0x00000088   Code   RO         3385    i.USART1_IRQHandler  usart.o
    0x080024c0   0x080024c0   0x00000078   Code   RO         3556    i.USART2_IRQHandler  bsp_sim800a.o
    0x08002538   0x08002538   0x00000018   Code   RO         2826    i.USART_Cmd         stm32f10x_usart.o
    0x08002550   0x08002550   0x0000001a   Code   RO         2829    i.USART_GetFlagStatus  stm32f10x_usart.o
    0x0800256a   0x0800256a   0x00000054   Code   RO         2830    i.USART_GetITStatus  stm32f10x_usart.o
    0x080025be   0x080025be   0x0000004a   Code   RO         2832    i.USART_ITConfig    stm32f10x_usart.o
    0x08002608   0x08002608   0x000000d8   Code   RO         2833    i.USART_Init        stm32f10x_usart.o
    0x080026e0   0x080026e0   0x0000000a   Code   RO         2840    i.USART_ReceiveData  stm32f10x_usart.o
    0x080026ea   0x080026ea   0x00000008   Code   RO         2843    i.USART_SendData    stm32f10x_usart.o
    0x080026f2   0x080026f2   0x00000106   Code   RO         3558    i.USART_printf      bsp_sim800a.o
    0x080027f8   0x080027f8   0x0000001c   Code   RO         3787    i.Ui_Oled_Init      oledtask.o
    0x08002814   0x08002814   0x00000004   Code   RO         3095    i.UsageFault_Handler  stm32f10x_it.o
    0x08002818   0x08002818   0x00000002   Code   RO         3752    i.User_Init         usertask.o
    0x0800281a   0x0800281a   0x0000000e   Code   RO         6018    i._is_digit         c_w.l(__printf_wp.o)
    0x08002828   0x08002828   0x00000004   Code   RO         3387    i._sys_exit         usart.o
    0x0800282c   0x0800282c   0x0000005c   Code   RO         3276    i.delay_init        delay.o
    0x08002888   0x08002888   0x0000001c   Code   RO         3389    i.fputc             usart.o
    0x080028a4   0x080028a4   0x0000007c   Code   RO         3503    i.getKey            bsp_key.o
    0x08002920   0x08002920   0x00000062   Code   RO         3559    i.itoa              bsp_sim800a.o
    0x08002982   0x08002982   0x00000002   PAD
    0x08002984   0x08002984   0x00000050   Code   RO         3504    i.key_IRQHandler    bsp_key.o
    0x080029d4   0x080029d4   0x0000003e   Code   RO         3143    i.main              main.o
    0x08002a12   0x08002a12   0x0000001e   Code   RO         3788    i.oled_task         oledtask.o
    0x08002a30   0x08002a30   0x00000098   Code   RO         5283    i.prvAddCurrentTaskToDelayedList  tasks.o
    0x08002ac8   0x08002ac8   0x000000b8   Code   RO         5284    i.prvAddNewTaskToReadyList  tasks.o
    0x08002b80   0x08002b80   0x00000064   Code   RO         5641    i.prvCheckForValidListAndQueue  timers.o
    0x08002be4   0x08002be4   0x00000064   Code   RO         5285    i.prvCheckTasksWaitingTermination  tasks.o
    0x08002c48   0x08002c48   0x0000002a   Code   RO         5047    i.prvCopyDataFromQueue  queue.o
    0x08002c72   0x08002c72   0x0000007c   Code   RO         5048    i.prvCopyDataToQueue  queue.o
    0x08002cee   0x08002cee   0x00000012   Code   RO         5286    i.prvDeleteTCB      tasks.o
    0x08002d00   0x08002d00   0x00000028   Code   RO         5642    i.prvGetNextExpireTime  timers.o
    0x08002d28   0x08002d28   0x0000007c   Code   RO         5771    i.prvHeapInit       heap_4.o
    0x08002da4   0x08002da4   0x00000028   Code   RO         5287    i.prvIdleTask       tasks.o
    0x08002dcc   0x08002dcc   0x0000002e   Code   RO         5050    i.prvInitialiseNewQueue  queue.o
    0x08002dfa   0x08002dfa   0x000000b4   Code   RO         5288    i.prvInitialiseNewTask  tasks.o
    0x08002eae   0x08002eae   0x00000002   PAD
    0x08002eb0   0x08002eb0   0x00000068   Code   RO         5289    i.prvInitialiseTaskLists  tasks.o
    0x08002f18   0x08002f18   0x00000068   Code   RO         5772    i.prvInsertBlockIntoFreeList  heap_4.o
    0x08002f80   0x08002f80   0x00000058   Code   RO         5644    i.prvInsertTimerInActiveList  timers.o
    0x08002fd8   0x08002fd8   0x0000001a   Code   RO         5051    i.prvIsQueueEmpty   queue.o
    0x08002ff2   0x08002ff2   0x0000001e   Code   RO         5052    i.prvIsQueueFull    queue.o
    0x08003010   0x08003010   0x00000090   Code   RO         5053    i.prvNotifyQueueSetContainer  queue.o
    0x080030a0   0x080030a0   0x00000064   Code   RO         5645    i.prvProcessExpiredTimer  timers.o
    0x08003104   0x08003104   0x000000f8   Code   RO         5646    i.prvProcessReceivedCommands  timers.o
    0x080031fc   0x080031fc   0x00000074   Code   RO         5647    i.prvProcessTimerOrBlockTask  timers.o
    0x08003270   0x08003270   0x00000034   Code   RO         5291    i.prvResetNextTaskUnblockTime  tasks.o
    0x080032a4   0x080032a4   0x0000002c   Code   RO         5648    i.prvSampleTimeNow  timers.o
    0x080032d0   0x080032d0   0x000000a0   Code   RO         5649    i.prvSwitchTimerLists  timers.o
    0x08003370   0x08003370   0x00000040   Code   RO         5821    i.prvTaskExitError  port.o
    0x080033b0   0x080033b0   0x0000001a   Code   RO         5650    i.prvTimerTask      timers.o
    0x080033ca   0x080033ca   0x00000092   Code   RO         5054    i.prvUnlockQueue    queue.o
    0x0800345c   0x0800345c   0x0000013c   Code   RO         5773    i.pvPortMalloc      heap_4.o
    0x08003598   0x08003598   0x00000020   Code   RO         5295    i.pvTaskIncrementMutexHeldCount  tasks.o
    0x080035b8   0x080035b8   0x00000024   Code   RO         5822    i.pxPortInitialiseStack  port.o
    0x080035dc   0x080035dc   0x00000340   Code   RO         3851    i.sim800a_task      sim800atask.o
    0x0800391c   0x0800391c   0x0000002c   Code   RO         3731    i.startTaskCreate   starttask.o
    0x08003948   0x08003948   0x00000098   Code   RO         3732    i.start_task        starttask.o
    0x080039e0   0x080039e0   0x00000060   Code   RO         3348    i.timer3_init       timer.o
    0x08003a40   0x08003a40   0x000000a0   Code   RO         3390    i.uart1_init        usart.o
    0x08003ae0   0x08003ae0   0x000000b8   Code   RO         3753    i.user_task         usertask.o
    0x08003b98   0x08003b98   0x00000028   Code   RO         5010    i.uxListRemove      list.o
    0x08003bc0   0x08003bc0   0x0000001a   Code   RO         5011    i.vListInitialise   list.o
    0x08003bda   0x08003bda   0x00000006   Code   RO         5012    i.vListInitialiseItem  list.o
    0x08003be0   0x08003be0   0x00000034   Code   RO         5013    i.vListInsert       list.o
    0x08003c14   0x08003c14   0x00000018   Code   RO         5014    i.vListInsertEnd    list.o
    0x08003c2c   0x08003c2c   0x00000054   Code   RO         5824    i.vPortEnterCritical  port.o
    0x08003c80   0x08003c80   0x0000003c   Code   RO         5825    i.vPortExitCritical  port.o
    0x08003cbc   0x08003cbc   0x00000094   Code   RO         5774    i.vPortFree         heap_4.o
    0x08003d50   0x08003d50   0x00000020   Code   RO         5826    i.vPortSetupTimerInterrupt  port.o
    0x08003d70   0x08003d70   0x00000078   Code   RO         5827    i.vPortValidateInterruptPriority  port.o
    0x08003de8   0x08003de8   0x0000002c   Code   RO         5060    i.vQueueAddToRegistry  queue.o
    0x08003e14   0x08003e14   0x0000004a   Code   RO         5064    i.vQueueWaitForMessageRestricted  queue.o
    0x08003e5e   0x08003e5e   0x00000002   PAD
    0x08003e60   0x08003e60   0x0000005c   Code   RO         5304    i.vTaskDelay        tasks.o
    0x08003ebc   0x08003ebc   0x000000f4   Code   RO         5306    i.vTaskDelete       tasks.o
    0x08003fb0   0x08003fb0   0x0000000c   Code   RO         5310    i.vTaskMissedYield  tasks.o
    0x08003fbc   0x08003fbc   0x00000038   Code   RO         5312    i.vTaskPlaceOnEventList  tasks.o
    0x08003ff4   0x08003ff4   0x00000040   Code   RO         5313    i.vTaskPlaceOnEventListRestricted  tasks.o
    0x08004034   0x08004034   0x000000b0   Code   RO         5315    i.vTaskPriorityInherit  tasks.o
    0x080040e4   0x080040e4   0x00000030   Code   RO         5319    i.vTaskSetTimeOutState  tasks.o
    0x08004114   0x08004114   0x00000094   Code   RO         5320    i.vTaskStartScheduler  tasks.o
    0x080041a8   0x080041a8   0x00000010   Code   RO         5322    i.vTaskSuspendAll   tasks.o
    0x080041b8   0x080041b8   0x0000008c   Code   RO         5323    i.vTaskSwitchContext  tasks.o
    0x08004244   0x08004244   0x000000a0   Code   RO         5828    i.xPortStartScheduler  port.o
    0x080042e4   0x080042e4   0x00000034   Code   RO         5829    i.xPortSysTickHandler  port.o
    0x08004318   0x08004318   0x00000058   Code   RO         5069    i.xQueueGenericCreate  queue.o
    0x08004370   0x08004370   0x000001c4   Code   RO         5070    i.xQueueGenericReceive  queue.o
    0x08004534   0x08004534   0x00000098   Code   RO         5071    i.xQueueGenericReset  queue.o
    0x080045cc   0x080045cc   0x000001c8   Code   RO         5072    i.xQueueGenericSend  queue.o
    0x08004794   0x08004794   0x00000108   Code   RO         5073    i.xQueueGenericSendFromISR  queue.o
    0x0800489c   0x0800489c   0x0000008c   Code   RO         5324    i.xTaskCheckForTimeOut  tasks.o
    0x08004928   0x08004928   0x00000060   Code   RO         5325    i.xTaskCreate       tasks.o
    0x08004988   0x08004988   0x00000020   Code   RO         5329    i.xTaskGetSchedulerState  tasks.o
    0x080049a8   0x080049a8   0x0000000c   Code   RO         5330    i.xTaskGetTickCount  tasks.o
    0x080049b4   0x080049b4   0x00000148   Code   RO         5332    i.xTaskIncrementTick  tasks.o
    0x08004afc   0x08004afc   0x000000c8   Code   RO         5335    i.xTaskPriorityDisinherit  tasks.o
    0x08004bc4   0x08004bc4   0x00000098   Code   RO         5336    i.xTaskRemoveFromEventList  tasks.o
    0x08004c5c   0x08004c5c   0x00000104   Code   RO         5338    i.xTaskResumeAll    tasks.o
    0x08004d60   0x08004d60   0x00000054   Code   RO         5654    i.xTimerCreateTimerTask  timers.o
    0x08004db4   0x08004db4   0x00000084   Code   RO         5655    i.xTimerGenericCommand  timers.o
    0x08004e38   0x08004e38   0x0000002c   Code   RO         6379    locale$$code        c_w.l(lc_ctype_c.o)
    0x08004e64   0x08004e64   0x00008d10   Data   RO         3908    .constdata          bsp_oled.o
    0x0800db74   0x0800db74   0x00000011   Data   RO         6021    .constdata          c_w.l(__printf_flags_wp.o)
    0x0800db85   0x0800db85   0x00000003   PAD
    0x0800db88   0x0800db88   0x0000001c   Data   RO         3703    .conststring        system_timer_task.o
    0x0800dba4   0x0800dba4   0x00000020   Data   RO         6528    Region$$Table       anon$$obj.o
    0x0800dbc4   0x0800dbc4   0x00000110   Data   RO         6378    locale$$data        c_w.l(lc_ctype_c.o)


    Execution Region ER_RW (Exec base: 0x20000000, Load base: 0x0800dcd4, Size: 0x00000174, Max: 0xffffffff, ABSOLUTE, COMPRESSED[0x00000048])

    Exec Addr    Load Addr    Size         Type   Attr      Idx    E Section Name        Object

    0x20000000   COMPRESSED   0x00000014   Data   RW         1686    .data               stm32f10x_rcc.o
    0x20000014   COMPRESSED   0x00000014   Data   RW         3060    .data               system_stm32f10x.o
    0x20000028   COMPRESSED   0x00000004   Data   RW         3280    .data               delay.o
    0x2000002c   COMPRESSED   0x00000006   Data   RW         3392    .data               usart.o
    0x20000032   COMPRESSED   0x00000001   Data   RW         3561    .data               bsp_sim800a.o
    0x20000033   COMPRESSED   0x00000001   PAD
    0x20000034   COMPRESSED   0x00000020   Data   RW         3704    .data               system_timer_task.o
    0x20000054   COMPRESSED   0x0000002c   Data   RW         3734    .data               starttask.o
    0x20000080   COMPRESSED   0x00000039   Data   RW         3755    .data               usertask.o
    0x200000b9   COMPRESSED   0x00000003   PAD
    0x200000bc   COMPRESSED   0x0000003c   Data   RW         3792    .data               oledtask.o
    0x200000f8   COMPRESSED   0x00000004   Data   RW         3853    .data               sim800atask.o
    0x200000fc   COMPRESSED   0x0000003c   Data   RW         5341    .data               tasks.o
    0x20000138   COMPRESSED   0x00000014   Data   RW         5661    .data               timers.o
    0x2000014c   COMPRESSED   0x00000018   Data   RW         5779    .data               heap_4.o
    0x20000164   COMPRESSED   0x0000000c   Data   RW         5830    .data               port.o
    0x20000170   COMPRESSED   0x00000004   Data   RW         6041    .data               c_w.l(strtok.o)


    Execution Region ER_ZI (Exec base: 0x20000174, Load base: 0x0800dd1c, Size: 0x000046cc, Max: 0xffffffff, ABSOLUTE)

    Exec Addr    Load Addr    Size         Type   Attr      Idx    E Section Name        Object

    0x20000174        -       0x000000c8   Zero   RW         3391    .bss                usart.o
    0x2000023c        -       0x00000018   Zero   RW         3505    .bss                bsp_key.o
    0x20000254        -       0x0000012e   Zero   RW         3560    .bss                bsp_sim800a.o
    0x20000382        -       0x0000012c   Zero   RW         3789    .bss                oledtask.o
    0x200004ae        -       0x000002e6   Zero   RW         3852    .bss                sim800atask.o
    0x20000794        -       0x00000400   Zero   RW         3907    .bss                bsp_oled.o
    0x20000b94        -       0x00000040   Zero   RW         5084    .bss                queue.o
    0x20000bd4        -       0x000002e4   Zero   RW         5340    .bss                tasks.o
    0x20000eb8        -       0x00000028   Zero   RW         5660    .bss                timers.o
    0x20000ee0        -       0x00003000   Zero   RW         5778    .bss                heap_4.o
    0x20003ee0        -       0x00000060   Zero   RW         6307    .bss                c_w.l(libspace.o)
    0x20003f40        -       0x00000500   Zero   RW         3136    HEAP                startup_stm32f10x_hd.o
    0x20004440        -       0x00000400   Zero   RW         3135    STACK               startup_stm32f10x_hd.o


==============================================================================

Image component sizes


      Code (inc. data)   RO Data    RW Data    ZI Data      Debug   Object Name

        96         18          0          0          0       1330   beep.o
       352         18          0          0         24       3413   bsp_key.o
      1072         56      36112          0       1024       8372   bsp_oled.o
      2090        374          0          1        302      14665   bsp_sim800a.o
       108         18          0          4          0       1123   delay.o
         0          0          0          0          0      11876   event_groups.o
       692         62          0         24      12288       4375   heap_4.o
        84          8          0          0          0        487   key.o
        56          6          0          0          0        467   led.o
       148          0          0          0          0       3138   list.o
        62          0          0          0          0      12619   main.o
       172         22          0          0          0     253217   misc.o
        76         14          0          0          0        501   oled.o
      1390        412          0         60        300       5631   oledtask.o
       758         80          0         12          0      10621   port.o
      2088         22          0          0         64      16821   queue.o
       876        352          0          4        742       2442   sim800atask.o
       196         90          0         44          0       1315   starttask.o
        64         26        304          0       2304        828   startup_stm32f10x_hd.o
       430          6          0          0          0       3742   stm32f10x_gpio.o
        20          0          0          0          0       2545   stm32f10x_it.o
       276         32          0         20          0       4310   stm32f10x_rcc.o
       246         42          0          0          0       3394   stm32f10x_tim.o
       442          6          0          0          0       5969   stm32f10x_usart.o
       328         28          0         20          0       2129   system_stm32f10x.o
       136         20         28         32          0        814   system_timer_task.o
      3078        410          0         60        740      22759   tasks.o
        96          6          0          0          0        622   timer.o
      1138        116          0         20         40      17195   timers.o
       328         26          0          6        200       4643   usart.o
       116         12          0          0          0        988   user.o
       186         54          0         57          0       1525   usertask.o

    ----------------------------------------------------------------------
     17218       2336      36476        368      18028     423876   Object Totals
         0          0         32          0          0          0   (incl. Generated)
        18          0          0          4          0          0   (incl. Padding)

    ----------------------------------------------------------------------

      Code (inc. data)   RO Data    RW Data    ZI Data      Debug   Library Member Name

        24          4          0          0          0         84   __2printf.o
        44          6          0          0          0         84   __2sprintf.o
        90          0          0          0          0          0   __dczerorl2.o
         8          0          0          0          0         68   __main.o
       312          4         17          0          0         92   __printf_flags_wp.o
        14          0          0          0          0         68   __printf_wp.o
         0          0          0          0          0          0   __rtentry.o
        12          0          0          0          0          0   __rtentry2.o
         6          0          0          0          0          0   __rtentry4.o
        52          8          0          0          0          0   __scatter.o
        28          0          0          0          0          0   __scatter_zi.o
        28          0          0          0          0         68   _chval.o
        44          0          0          0          0        108   _printf_char.o
        48          6          0          0          0         96   _printf_char_common.o
        36          4          0          0          0         80   _printf_char_file.o
         6          0          0          0          0          0   _printf_d.o
       120         16          0          0          0         92   _printf_dec.o
       178          0          0          0          0         88   _printf_intcommon.o
        78          0          0          0          0        108   _printf_pad.o
         0          0          0          0          0          0   _printf_percent.o
         4          0          0          0          0          0   _printf_percent_end.o
         6          0          0          0          0          0   _printf_s.o
        82          0          0          0          0         80   _printf_str.o
        10          0          0          0          0         68   _sputc.o
       158          0          0          0          0         92   _strtoul.o
        16          0          0          0          0         68   aeabi_memset.o
        26          0          0          0          0         80   atoi.o
        18          0          0          0          0         80   exit.o
         8          0          0          0          0         68   ferror.o
         6          0          0          0          0        152   heapauxi.o
        44         10        272          0          0         76   lc_ctype_c.o
         2          0          0          0          0          0   libinit.o
        20          0          0          0          0          0   libinit2.o
         2          0          0          0          0          0   libshutdown.o
         2          0          0          0          0          0   libshutdown2.o
         8          4          0          0         96         68   libspace.o
        16          4          0          0          0         76   rt_ctype_table.o
         8          4          0          0          0         68   rt_errno_addr_intlibspace.o
         8          4          0          0          0         68   rt_locale_intlibspace.o
        68          0          0          0          0         68   rt_memclr.o
        78          0          0          0          0         80   rt_memclr_w.o
       138          0          0          0          0         68   rt_memcpy_v6.o
       100          0          0          0          0         80   rt_memcpy_w.o
         2          0          0          0          0          0   rtexit.o
        10          0          0          0          0          0   rtexit2.o
       128          0          0          0          0         68   strcmpv7m.o
        72          0          0          0          0         80   strcpy.o
        32          0          0          0          0         80   strcspn.o
        28          0          0          0          0         80   strspn.o
        36          0          0          0          0         80   strstr.o
        12          6          0          4          0         68   strtok.o
        68          4          0          0          0         84   strtok_int.o
       112          0          0          0          0         88   strtol.o
        74          0          0          0          0         80   sys_stackheap_outer.o
         2          0          0          0          0         68   use_no_semi.o
         2          0          0          0          0         68   use_no_semi_2.o

    ----------------------------------------------------------------------
      2546         84        292          4         96       3220   Library Totals
        12          0          3          0          0          0   (incl. Padding)

    ----------------------------------------------------------------------

      Code (inc. data)   RO Data    RW Data    ZI Data      Debug   Library Name

      2534         84        289          4         96       3220   c_w.l

    ----------------------------------------------------------------------
      2546         84        292          4         96       3220   Library Totals

    ----------------------------------------------------------------------

==============================================================================


      Code (inc. data)   RO Data    RW Data    ZI Data      Debug   

     19764       2420      36768        372      18124     416952   Grand Totals
     19764       2420      36768         72      18124     416952   ELF Image Totals (compressed)
     19764       2420      36768         72          0          0   ROM Totals

==============================================================================

    Total RO  Size (Code + RO Data)                56532 (  55.21kB)
    Total RW  Size (RW Data + ZI Data)             18496 (  18.06kB)
    Total ROM Size (Code + RO Data + RW Data)      56604 (  55.28kB)

==============================================================================

