Component: ARM Compiler 5.05 update 1 (build 106) Tool: armlink [4d0efa]

==============================================================================

Section Cross References

    main.o(i.main) refers to misc.o(i.NVIC_PriorityGroupConfig) for NVIC_PriorityGroupConfig
    main.o(i.main) refers to delay.o(i.delay_init) for delay_init
    main.o(i.main) refers to led.o(i.LED_init) for LED_init
    main.o(i.main) refers to key.o(i.KEY_init) for KEY_init
    main.o(i.main) refers to oled.o(i.OLED_Init) for OLED_Init
    main.o(i.main) refers to cuankou.o(i.USART_cuankou) for USART_cuankou
    main.o(i.main) refers to motor.o(i.Motor_init) for Motor_init
    main.o(i.main) refers to code.o(i.Code_init) for Code_init
    main.o(i.main) refers to mpu6050.o(i.MPU_Init) for MPU_Init
    main.o(i.main) refers to inv_mpu.o(i.mpu_dmp_init) for mpu_dmp_init
    main.o(i.main) refers to pid.o(i.Speed_Pid_Init) for Speed_Pid_Init
    main.o(i.main) refers to mpu6050.o(i.MPU6050_SetPoint) for MPU6050_SetPoint
    main.o(i.main) refers to pid.o(i.Balance_Pid_Init) for Balance_Pid_Init
    main.o(i.main) refers to pid.o(i.coder_PID_Init) for coder_PID_Init
    main.o(i.main) refers to pages.o(i.Page_Init) for Page_Init
    main.o(i.main) refers to timer.o(i.TIMER_init) for TIMER_init
    main.o(i.main) refers to delay.o(i.delay_ms) for delay_ms
    main.o(i.main) refers to noretval__2sprintf.o(.text) for __2sprintf
    main.o(i.main) refers to oled.o(i.OLED_ShowString) for OLED_ShowString
    main.o(i.main) refers to oled.o(i.OLED_Refresh_Gram) for OLED_Refresh_Gram
    main.o(i.main) refers to task.o(i.task_1ms) for task_1ms
    main.o(i.main) refers to task.o(i.task_10ms) for task_10ms
    main.o(i.main) refers to task.o(i.task_20ms) for task_20ms
    main.o(i.main) refers to task.o(i.task_100ms) for task_100ms
    main.o(i.main) refers to pages.o(i.Page_Freshen) for Page_Freshen
    main.o(i.main) refers to main.o(.bss) for text
    system_stm32f10x.o(i.SetSysClock) refers to system_stm32f10x.o(i.SetSysClockTo72) for SetSysClockTo72
    system_stm32f10x.o(i.SystemCoreClockUpdate) refers to system_stm32f10x.o(.data) for SystemCoreClock
    system_stm32f10x.o(i.SystemInit) refers to system_stm32f10x.o(i.SetSysClock) for SetSysClock
    delay.o(i.delay_init) refers to misc.o(i.SysTick_CLKSourceConfig) for SysTick_CLKSourceConfig
    delay.o(i.delay_init) refers to system_stm32f10x.o(.data) for SystemCoreClock
    delay.o(i.delay_init) refers to delay.o(.data) for fac_us
    delay.o(i.delay_ms) refers to delay.o(.data) for fac_ms
    delay.o(i.delay_us) refers to delay.o(.data) for fac_us
    startup_stm32f10x_hd.o(STACK) refers (Special) to heapauxi.o(.text) for __use_two_region_memory
    startup_stm32f10x_hd.o(HEAP) refers (Special) to heapauxi.o(.text) for __use_two_region_memory
    startup_stm32f10x_hd.o(RESET) refers (Special) to heapauxi.o(.text) for __use_two_region_memory
    startup_stm32f10x_hd.o(RESET) refers to startup_stm32f10x_hd.o(STACK) for __initial_sp
    startup_stm32f10x_hd.o(RESET) refers to startup_stm32f10x_hd.o(.text) for Reset_Handler
    startup_stm32f10x_hd.o(RESET) refers to stm32f10x_it.o(i.NMI_Handler) for NMI_Handler
    startup_stm32f10x_hd.o(RESET) refers to stm32f10x_it.o(i.HardFault_Handler) for HardFault_Handler
    startup_stm32f10x_hd.o(RESET) refers to stm32f10x_it.o(i.MemManage_Handler) for MemManage_Handler
    startup_stm32f10x_hd.o(RESET) refers to stm32f10x_it.o(i.BusFault_Handler) for BusFault_Handler
    startup_stm32f10x_hd.o(RESET) refers to stm32f10x_it.o(i.UsageFault_Handler) for UsageFault_Handler
    startup_stm32f10x_hd.o(RESET) refers to stm32f10x_it.o(i.SVC_Handler) for SVC_Handler
    startup_stm32f10x_hd.o(RESET) refers to stm32f10x_it.o(i.DebugMon_Handler) for DebugMon_Handler
    startup_stm32f10x_hd.o(RESET) refers to stm32f10x_it.o(i.PendSV_Handler) for PendSV_Handler
    startup_stm32f10x_hd.o(RESET) refers to stm32f10x_it.o(i.SysTick_Handler) for SysTick_Handler
    startup_stm32f10x_hd.o(RESET) refers to code.o(i.EXTI4_IRQHandler) for EXTI4_IRQHandler
    startup_stm32f10x_hd.o(RESET) refers to code.o(i.EXTI9_5_IRQHandler) for EXTI9_5_IRQHandler
    startup_stm32f10x_hd.o(RESET) refers to timer.o(i.TIM3_IRQHandler) for TIM3_IRQHandler
    startup_stm32f10x_hd.o(RESET) refers to cuankou.o(i.USART1_IRQHandler) for USART1_IRQHandler
    startup_stm32f10x_hd.o(.text) refers (Special) to heapauxi.o(.text) for __use_two_region_memory
    startup_stm32f10x_hd.o(.text) refers to system_stm32f10x.o(i.SystemInit) for SystemInit
    startup_stm32f10x_hd.o(.text) refers to __main.o(!!!main) for __main
    startup_stm32f10x_hd.o(.text) refers to startup_stm32f10x_hd.o(HEAP) for Heap_Mem
    startup_stm32f10x_hd.o(.text) refers to startup_stm32f10x_hd.o(STACK) for Stack_Mem
    stm32f10x_adc.o(i.ADC_DeInit) refers to stm32f10x_rcc.o(i.RCC_APB2PeriphResetCmd) for RCC_APB2PeriphResetCmd
[...]
    _clock_init                               - Undefined Weak Reference
    _fp_trap_init                             - Undefined Weak Reference
    _fp_trap_shutdown                         - Undefined Weak Reference
    _get_lc_collate                           - Undefined Weak Reference
    _get_lc_ctype                             - Undefined Weak Reference
    _get_lc_monetary                          - Undefined Weak Reference
    _get_lc_time                              - Undefined Weak Reference
    _getenv_init                              - Undefined Weak Reference
    _handle_redirection                       - Undefined Weak Reference
    _init_alloc                               - Undefined Weak Reference
    _init_user_alloc                          - Undefined Weak Reference
    _initio                                   - Undefined Weak Reference
    _mutex_acquire                            - Undefined Weak Reference
    _mutex_release                            - Undefined Weak Reference
    _printf_mbtowc                            - Undefined Weak Reference
    _printf_truncate_signed                   - Undefined Weak Reference
    _printf_truncate_unsigned                 - Undefined Weak Reference
    _rand_init                                - Undefined Weak Reference
    _signal_finish                            - Undefined Weak Reference
    _signal_init                              - Undefined Weak Reference
    _terminate_alloc                          - Undefined Weak Reference
    _terminate_user_alloc                     - Undefined Weak Reference
    _terminateio                              - Undefined Weak Reference
    __Vectors_Size                           0x00000130   Number         0  startup_stm32f10x_hd.o ABSOLUTE
    __Vectors                                0x08000000   Data           4  startup_stm32f10x_hd.o(RESET)
    __Vectors_End                            0x08000130   Data           0  startup_stm32f10x_hd.o(RESET)
    __main                                   0x08000131   Thumb Code     8  __main.o(!!!main)
    __scatterload                            0x08000139   Thumb Code     0  __scatter.o(!!!scatter)
    __scatterload_rt2                        0x08000139   Thumb Code    44  __scatter.o(!!!scatter)
    __scatterload_rt2_thumb_only             0x08000139   Thumb Code     0  __scatter.o(!!!scatter)
    __scatterload_null                       0x08000147   Thumb Code     0  __scatter.o(!!!scatter)
    __scatterload_copy                       0x0800016d   Thumb Code    26  __scatter_copy.o(!!handler_copy)
    __scatterload_zeroinit                   0x08000189   Thumb Code    28  __scatter_zi.o(!!handler_zi)
    _printf_f                                0x080001a5   Thumb Code     0  _printf_f.o(.ARM.Collect$$_printf_percent$$00000003)
    _printf_percent                          0x080001a5   Thumb Code     0  _printf_percent.o(.ARM.Collect$$_printf_percent$$00000000)
    _printf_d                                0x080001ab   Thumb Code     0  _printf_d.o(.ARM.Collect$$_printf_percent$$00000009)
    _printf_percent_end                      0x080001b1   Thumb Code     0  _printf_percent_end.o(.ARM.Collect$$_printf_percent$$00000017)
    __rt_lib_init                            0x080001b5   Thumb Code     0  libinit.o(.ARM.Collect$$libinit$$00000000)
    __rt_lib_init_fp_1                       0x080001b7   Thumb Code     0  libinit2.o(.ARM.Collect$$libinit$$00000002)
    __rt_lib_init_heap_1                     0x080001b7   Thumb Code     0  libinit2.o(.ARM.Collect$$libinit$$0000000A)
    __rt_lib_init_lc_common                  0x080001b7   Thumb Code     0  libinit2.o(.ARM.Collect$$libinit$$0000000F)
    __rt_lib_init_preinit_1                  0x080001b7   Thumb Code     0  libinit2.o(.ARM.Collect$$libinit$$00000004)
    __rt_lib_init_rand_1                     0x080001b7   Thumb Code     0  libinit2.o(.ARM.Collect$$libinit$$0000000E)
    __rt_lib_init_user_alloc_1               0x080001b7   Thumb Code     0  libinit2.o(.ARM.Collect$$libinit$$0000000C)
    __rt_lib_init_lc_collate_1               0x080001bd   Thumb Code     0  libinit2.o(.ARM.Collect$$libinit$$00000011)
    __rt_lib_init_lc_ctype_1                 0x080001bd   Thumb Code     0  libinit2.o(.ARM.Collect$$libinit$$00000013)
    __rt_lib_init_lc_monetary_1              0x080001bd   Thumb Code     0  libinit2.o(.ARM.Collect$$libinit$$00000015)
    __rt_lib_init_lc_numeric_2               0x080001bd   Thumb Code     0  libinit2.o(.ARM.Collect$$libinit$$00000016)
    __rt_lib_init_alloca_1                   0x080001c7   Thumb Code     0  libinit2.o(.ARM.Collect$$libinit$$0000002E)
    __rt_lib_init_argv_1                     0x080001c7   Thumb Code     0  libinit2.o(.ARM.Collect$$libinit$$0000002C)
    __rt_lib_init_atexit_1                   0x080001c7   Thumb Code     0  libinit2.o(.ARM.Collect$$libinit$$0000001B)
    __rt_lib_init_clock_1                    0x080001c7   Thumb Code     0  libinit2.o(.ARM.Collect$$libinit$$00000021)
    __rt_lib_init_cpp_1                      0x080001c7   Thumb Code     0  libinit2.o(.ARM.Collect$$libinit$$00000032)
    __rt_lib_init_exceptions_1               0x080001c7   Thumb Code     0  libinit2.o(.ARM.Collect$$libinit$$00000030)
    __rt_lib_init_fp_trap_1                  0x080001c7   Thumb Code     0  libinit2.o(.ARM.Collect$$libinit$$0000001F)
    __rt_lib_init_getenv_1                   0x080001c7   Thumb Code     0  libinit2.o(.ARM.Collect$$libinit$$00000023)
    __rt_lib_init_lc_numeric_1               0x080001c7   Thumb Code     0  libinit2.o(.ARM.Collect$$libinit$$00000017)
    __rt_lib_init_lc_time_1                  0x080001c7   Thumb Code     0  libinit2.o(.ARM.Collect$$libinit$$00000019)
    __rt_lib_init_return                     0x080001c7   Thumb Code     0  libinit2.o(.ARM.Collect$$libinit$$00000033)
    __rt_lib_init_signal_1                   0x080001c7   Thumb Code     0  libinit2.o(.ARM.Collect$$libinit$$0000001D)
    __rt_lib_init_stdio_1                    0x080001c7   Thumb Code     0  libinit2.o(.ARM.Collect$$libinit$$00000025)
    __rt_lib_shutdown                        0x080001c9   Thumb Code     0  libshutdown.o(.ARM.Collect$$libshutdown$$00000000)
    __rt_lib_shutdown_fp_trap_1              0x080001cb   Thumb Code     0  libshutdown2.o(.ARM.Collect$$libshutdown$$00000006)
    __rt_lib_shutdown_heap_1                 0x080001cb   Thumb Code     0  libshutdown2.o(.ARM.Collect$$libshutdown$$0000000E)
    __rt_lib_shutdown_return                 0x080001cb   Thumb Code     0  libshutdown2.o(.ARM.Collect$$libshutdown$$0000000F)
    __rt_lib_shutdown_signal_1               0x080001cb   Thumb Code     0  libshutdown2.o(.ARM.Collect$$libshutdown$$00000009)
    __rt_lib_shutdown_stdio_1                0x080001cb   Thumb Code     0  libshutdown2.o(.ARM.Collect$$libshutdown$$00000003)
    __rt_lib_shutdown_user_alloc_1           0x080001cb   Thumb Code     0  libshutdown2.o(.ARM.Collect$$libshutdown$$0000000B)
    __rt_entry                               0x080001cd   Thumb Code     0  __rtentry.o(.ARM.Collect$$rtentry$$00000000)
    __rt_entry_presh_1                       0x080001cd   Thumb Code     0  __rtentry2.o(.ARM.Collect$$rtentry$$00000002)
    __rt_entry_sh                            0x080001cd   Thumb Code     0  __rtentry4.o(.ARM.Collect$$rtentry$$00000004)
    __rt_entry_li                            0x080001d3   Thumb Code     0  __rtentry2.o(.ARM.Collect$$rtentry$$0000000A)
    __rt_entry_postsh_1                      0x080001d3   Thumb Code     0  __rtentry2.o(.ARM.Collect$$rtentry$$00000009)
    __rt_entry_main                          0x080001d7   Thumb Code     0  __rtentry2.o(.ARM.Collect$$rtentry$$0000000D)
    __rt_entry_postli_1                      0x080001d7   Thumb Code     0  __rtentry2.o(.ARM.Collect$$rtentry$$0000000C)
    __rt_exit                                0x080001df   Thumb Code     0  rtexit.o(.ARM.Collect$$rtexit$$00000000)
    __rt_exit_ls                             0x080001e1   Thumb Code     0  rtexit2.o(.ARM.Collect$$rtexit$$00000003)
    __rt_exit_prels_1                        0x080001e1   Thumb Code     0  rtexit2.o(.ARM.Collect$$rtexit$$00000002)
    __rt_exit_exit                           0x080001e5   Thumb Code     0  rtexit2.o(.ARM.Collect$$rtexit$$00000004)
    Reset_Handler                            0x080001ed   Thumb Code     8  startup_stm32f10x_hd.o(.text)
    ADC1_2_IRQHandler                        0x08000207   Thumb Code     0  startup_stm32f10x_hd.o(.text)
    ADC3_IRQHandler                          0x08000207   Thumb Code     0  startup_stm32f10x_hd.o(.text)
    CAN1_RX1_IRQHandler                      0x08000207   Thumb Code     0  startup_stm32f10x_hd.o(.text)
    CAN1_SCE_IRQHandler                      0x08000207   Thumb Code     0  startup_stm32f10x_hd.o(.text)
    DMA1_Channel1_IRQHandler                 0x08000207   Thumb Code     0  startup_stm32f10x_hd.o(.text)
    DMA1_Channel2_IRQHandler                 0x08000207   Thumb Code     0  startup_stm32f10x_hd.o(.text)
    DMA1_Channel3_IRQHandler                 0x08000207   Thumb Code     0  startup_stm32f10x_hd.o(.text)
    DMA1_Channel4_IRQHandler                 0x08000207   Thumb Code     0  startup_stm32f10x_hd.o(.text)
    DMA1_Channel5_IRQHandler                 0x08000207   Thumb Code     0  startup_stm32f10x_hd.o(.text)
    DMA1_Channel6_IRQHandler                 0x08000207   Thumb Code     0  startup_stm32f10x_hd.o(.text)
    DMA1_Channel7_IRQHandler                 0x08000207   Thumb Code     0  startup_stm32f10x_hd.o(.text)
    DMA2_Channel1_IRQHandler                 0x08000207   Thumb Code     0  startup_stm32f10x_hd.o(.text)
    DMA2_Channel2_IRQHandler                 0x08000207   Thumb Code     0  startup_stm32f10x_hd.o(.text)
    DMA2_Channel3_IRQHandler                 0x08000207   Thumb Code     0  startup_stm32f10x_hd.o(.text)
    DMA2_Channel4_5_IRQHandler               0x08000207   Thumb Code     0  startup_stm32f10x_hd.o(.text)
    EXTI0_IRQHandler                         0x08000207   Thumb Code     0  startup_stm32f10x_hd.o(.text)
    EXTI15_10_IRQHandler                     0x08000207   Thumb Code     0  startup_stm32f10x_hd.o(.text)
    EXTI1_IRQHandler                         0x08000207   Thumb Code     0  startup_stm32f10x_hd.o(.text)
    EXTI2_IRQHandler                         0x08000207   Thumb Code     0  startup_stm32f10x_hd.o(.text)
    EXTI3_IRQHandler                         0x08000207   Thumb Code     0  startup_stm32f10x_hd.o(.text)
    FLASH_IRQHandler                         0x08000207   Thumb Code     0  startup_stm32f10x_hd.o(.text)
    FSMC_IRQHandler                          0x08000207   Thumb Code     0  startup_stm32f10x_hd.o(.text)
    I2C1_ER_IRQHandler                       0x08000207   Thumb Code     0  startup_stm32f10x_hd.o(.text)
    I2C1_EV_IRQHandler                       0x08000207   Thumb Code     0  startup_stm32f10x_hd.o(.text)
    I2C2_ER_IRQHandler                       0x08000207   Thumb Code     0  startup_stm32f10x_hd.o(.text)
    I2C2_EV_IRQHandler                       0x08000207   Thumb Code     0  startup_stm32f10x_hd.o(.text)
    PVD_IRQHandler                           0x08000207   Thumb Code     0  startup_stm32f10x_hd.o(.text)
    RCC_IRQHandler                           0x08000207   Thumb Code     0  startup_stm32f10x_hd.o(.text)
    RTCAlarm_IRQHandler                      0x08000207   Thumb Code     0  startup_stm32f10x_hd.o(.text)
    RTC_IRQHandler                           0x08000207   Thumb Code     0  startup_stm32f10x_hd.o(.text)
    SDIO_IRQHandler                          0x08000207   Thumb Code     0  startup_stm32f10x_hd.o(.text)
    SPI1_IRQHandler                          0x08000207   Thumb Code     0  startup_stm32f10x_hd.o(.text)
    SPI2_IRQHandler                          0x08000207   Thumb Code     0  startup_stm32f10x_hd.o(.text)
    SPI3_IRQHandler                          0x08000207   Thumb Code     0  startup_stm32f10x_hd.o(.text)
    TAMPER_IRQHandler                        0x08000207   Thumb Code     0  startup_stm32f10x_hd.o(.text)
    TIM1_BRK_IRQHandler                      0x08000207   Thumb Code     0  startup_stm32f10x_hd.o(.text)
    TIM1_CC_IRQHandler                       0x08000207   Thumb Code     0  startup_stm32f10x_hd.o(.text)
    TIM1_TRG_COM_IRQHandler                  0x08000207   Thumb Code     0  startup_stm32f10x_hd.o(.text)
    TIM1_UP_IRQHandler                       0x08000207   Thumb Code     0  startup_stm32f10x_hd.o(.text)
    TIM2_IRQHandler                          0x08000207   Thumb Code     0  startup_stm32f10x_hd.o(.text)
    TIM4_IRQHandler                          0x08000207   Thumb Code     0  startup_stm32f10x_hd.o(.text)
    TIM5_IRQHandler                          0x08000207   Thumb Code     0  startup_stm32f10x_hd.o(.text)
    TIM6_IRQHandler                          0x08000207   Thumb Code     0  startup_stm32f10x_hd.o(.text)
    TIM7_IRQHandler                          0x08000207   Thumb Code     0  startup_stm32f10x_hd.o(.text)
    TIM8_BRK_IRQHandler                      0x08000207   Thumb Code     0  startup_stm32f10x_hd.o(.text)
    TIM8_CC_IRQHandler                       0x08000207   Thumb Code     0  startup_stm32f10x_hd.o(.text)
    TIM8_TRG_COM_IRQHandler                  0x08000207   Thumb Code     0  startup_stm32f10x_hd.o(.text)
    TIM8_UP_IRQHandler                       0x08000207   Thumb Code     0  startup_stm32f10x_hd.o(.text)
    UART4_IRQHandler                         0x08000207   Thumb Code     0  startup_stm32f10x_hd.o(.text)
    UART5_IRQHandler                         0x08000207   Thumb Code     0  startup_stm32f10x_hd.o(.text)
    USART2_IRQHandler                        0x08000207   Thumb Code     0  startup_stm32f10x_hd.o(.text)
    USART3_IRQHandler                        0x08000207   Thumb Code     0  startup_stm32f10x_hd.o(.text)
    USBWakeUp_IRQHandler                     0x08000207   Thumb Code     0  startup_stm32f10x_hd.o(.text)
    USB_HP_CAN1_TX_IRQHandler                0x08000207   Thumb Code     0  startup_stm32f10x_hd.o(.text)
    USB_LP_CAN1_RX0_IRQHandler               0x08000207   Thumb Code     0  startup_stm32f10x_hd.o(.text)
    WWDG_IRQHandler                          0x08000207   Thumb Code     0  startup_stm32f10x_hd.o(.text)
    __user_initial_stackheap                 0x08000209   Thumb Code     0  startup_stm32f10x_hd.o(.text)
    __use_no_semihosting                     0x0800022d   Thumb Code     2  use_no_semi_2.o(.text)
    __aeabi_ldivmod                          0x0800022f   Thumb Code     0  llsdiv.o(.text)
    _ll_sdiv                                 0x0800022f   Thumb Code    72  llsdiv.o(.text)
    __2printf                                0x08000279   Thumb Code    20  noretval__2printf.o(.text)
    __2sprintf                               0x08000291   Thumb Code    34  noretval__2sprintf.o(.text)
    _printf_pre_padding                      0x080002b9   Thumb Code    44  _printf_pad.o(.text)
    _printf_post_padding                     0x080002e5   Thumb Code    34  _printf_pad.o(.text)
    _printf_int_dec                          0x08000309   Thumb Code   104  _printf_dec.o(.text)
    __printf                                 0x08000381   Thumb Code   308  __printf_flags_wp.o(.text)
    memcmp                                   0x080004b9   Thumb Code    88  memcmp.o(.text)
    __aeabi_memset                           0x08000511   Thumb Code    16  aeabi_memset.o(.text)
    __aeabi_memclr4                          0x08000521   Thumb Code     0  rt_memclr_w.o(.text)
    __aeabi_memclr8                          0x08000521   Thumb Code     0  rt_memclr_w.o(.text)
    __rt_memclr_w                            0x08000521   Thumb Code    78  rt_memclr_w.o(.text)
    _memset_w                                0x08000525   Thumb Code     0  rt_memclr_w.o(.text)
    __use_two_region_memory                  0x0800056f   Thumb Code     2  heapauxi.o(.text)
    __rt_heap_escrow$2region                 0x08000571   Thumb Code     2  heapauxi.o(.text)
    __rt_heap_expand$2region                 0x08000573   Thumb Code     2  heapauxi.o(.text)
    __I$use$semihosting                      0x08000575   Thumb Code     0  use_no_semi.o(.text)
    __use_no_semihosting_swi                 0x08000575   Thumb Code     2  use_no_semi.o(.text)
    __aeabi_uldivmod                         0x08000577   Thumb Code     0  lludivv7m.o(.text)
    _ll_udiv                                 0x08000577   Thumb Code   238  lludivv7m.o(.text)
    __read_errno                             0x08000665   Thumb Code    10  _rserrno.o(.text)
    __set_errno                              0x0800066f   Thumb Code    12  _rserrno.o(.text)
    _printf_int_common                       0x0800067b   Thumb Code   178  _printf_intcommon.o(.text)
    __lib_sel_fp_printf                      0x0800072d   Thumb Code     2  _printf_fp_dec.o(.text)
    _printf_fp_dec_real                      0x080008db   Thumb Code   620  _printf_fp_dec.o(.text)
    _printf_char_common                      0x08000b53   Thumb Code    32  _printf_char_common.o(.text)
    _sputc                                   0x08000b79   Thumb Code    10  _sputc.o(.text)
    _printf_char_file                        0x08000b85   Thumb Code    32  _printf_char_file.o(.text)
    __aeabi_memclr                           0x08000ba9   Thumb Code     0  rt_memclr.o(.text)
    __rt_memclr                              0x08000ba9   Thumb Code    68  rt_memclr.o(.text)
    _memset                                  0x08000bad   Thumb Code     0  rt_memclr.o(.text)
    __rt_locale                              0x08000bed   Thumb Code     8  rt_locale_intlibspace.o(.text)
    __aeabi_errno_addr                       0x08000bf5   Thumb Code     8  rt_errno_addr_intlibspace.o(.text)
    __errno$intlibspace                      0x08000bf5   Thumb Code     0  rt_errno_addr_intlibspace.o(.text)
    __rt_errno_addr$intlibspace              0x08000bf5   Thumb Code     0  rt_errno_addr_intlibspace.o(.text)
    _ll_udiv10                               0x08000bfd   Thumb Code   138  lludiv10.o(.text)
    _printf_fp_infnan                        0x08000c89   Thumb Code   112  _printf_fp_infnan.o(.text)
    _btod_etento                             0x08000d09   Thumb Code   216  bigflt0.o(.text)
    ferror                                   0x08000de5   Thumb Code     8  ferror.o(.text)
    __user_libspace                          0x08000ded   Thumb Code     8  libspace.o(.text)
    __user_perproc_libspace                  0x08000ded   Thumb Code     0  libspace.o(.text)
    __user_perthread_libspace                0x08000ded   Thumb Code     0  libspace.o(.text)
    __user_setup_stackheap                   0x08000df5   Thumb Code    74  sys_stackheap_outer.o(.text)
    exit                                     0x08000e3f   Thumb Code    12  exit.o(.text)
    strcmp                                   0x08000e4d   Thumb Code   128  strcmpv7m.o(.text)
    _btod_d2e                                0x08000ecd   Thumb Code    62  btod.o(CL$$btod_d2e)
    _d2e_denorm_low                          0x08000f0b   Thumb Code    70  btod.o(CL$$btod_d2e_denorm_low)
    _d2e_norm_op1                            0x08000f51   Thumb Code    96  btod.o(CL$$btod_d2e_norm_op1)
    __btod_div_common                        0x08000fb1   Thumb Code   696  btod.o(CL$$btod_div_common)
    _e2e                                     0x080012e9   Thumb Code   198  btod.o(CL$$btod_e2e)
    _btod_ediv                               0x080013af   Thumb Code    40  btod.o(CL$$btod_ediv)
    _btod_emul                               0x080013d7   Thumb Code    40  btod.o(CL$$btod_emul)
    __btod_mult_common                       0x080013ff   Thumb Code   580  btod.o(CL$$btod_mult_common)
    Balance_Page                             0x08001645   Thumb Code   484  pages.o(i.Balance_Page)
    Balance_Pid_First                        0x080018e1   Thumb Code   196  pid.o(i.Balance_Pid_First)
    Balance_Pid_Init                         0x080019a9   Thumb Code    22  pid.o(i.Balance_Pid_Init)
    Balance_Pid_Second                       0x080019c5   Thumb Code   242  pid.o(i.Balance_Pid_Second)
    BusFault_Handler                         0x08001ac1   Thumb Code     4  stm32f10x_it.o(i.BusFault_Handler)
    Code_init                                0x08001ac5   Thumb Code   206  code.o(i.Code_init)
    DebugMon_Handler                         0x08001b9d   Thumb Code     2  stm32f10x_it.o(i.DebugMon_Handler)
    EXTI4_IRQHandler                         0x08001ba1   Thumb Code    84  code.o(i.EXTI4_IRQHandler)
    EXTI9_5_IRQHandler                       0x08001c09   Thumb Code    84  code.o(i.EXTI9_5_IRQHandler)
    EXTI_ClearITPendingBit                   0x08001c71   Thumb Code     6  stm32f10x_exti.o(i.EXTI_ClearITPendingBit)
    EXTI_Init                                0x08001c7d   Thumb Code   142  stm32f10x_exti.o(i.EXTI_Init)
    GPIO_EXTILineConfig                      0x08001d11   Thumb Code    60  stm32f10x_gpio.o(i.GPIO_EXTILineConfig)
    GPIO_Init                                0x08001d51   Thumb Code   278  stm32f10x_gpio.o(i.GPIO_Init)
    GPIO_PinRemapConfig                      0x08001e69   Thumb Code   138  stm32f10x_gpio.o(i.GPIO_PinRemapConfig)
    GPIO_SetBits                             0x08001ef9   Thumb Code     4  stm32f10x_gpio.o(i.GPIO_SetBits)
    HardFault_Handler                        0x08001efd   Thumb Code     4  stm32f10x_it.o(i.HardFault_Handler)
    Home_Page                                0x08001f01   Thumb Code   192  pages.o(i.Home_Page)
    KEY_get                                  0x0800207d   Thumb Code    20  key.o(i.KEY_get)
    KEY_init                                 0x08002091   Thumb Code   106  key.o(i.KEY_init)
    Kalman_Page                              0x08002101   Thumb Code   160  pages.o(i.Kalman_Page)
    Keep_Balance                             0x08002221   Thumb Code    90  pid.o(i.Keep_Balance)
    LED_init                                 0x0800229d   Thumb Code   116  led.o(i.LED_init)
    MPU6050_SetPoint                         0x08002315   Thumb Code    22  mpu6050.o(i.MPU6050_SetPoint)
    MPU_Get_Accelerometer                    0x08002331   Thumb Code    80  mpu6050.o(i.MPU_Get_Accelerometer)
    MPU_Get_Gyroscope                        0x08002381   Thumb Code    80  mpu6050.o(i.MPU_Get_Gyroscope)
    MPU_Get_Temperature                      0x080023d1   Thumb Code    86  mpu6050.o(i.MPU_Get_Temperature)
    MPU_IIC_Ack                              0x08002439   Thumb Code    44  mpuiic.o(i.MPU_IIC_Ack)
    MPU_IIC_Delay                            0x08002471   Thumb Code    10  mpuiic.o(i.MPU_IIC_Delay)
    MPU_IIC_Init                             0x0800247d   Thumb Code   100  mpuiic.o(i.MPU_IIC_Init)
    MPU_IIC_NAck                             0x080024ed   Thumb Code    44  mpuiic.o(i.MPU_IIC_NAck)
    MPU_IIC_Read_Byte                        0x08002525   Thumb Code    74  mpuiic.o(i.MPU_IIC_Read_Byte)
    MPU_IIC_Send_Byte                        0x0800257d   Thumb Code    60  mpuiic.o(i.MPU_IIC_Send_Byte)
    MPU_IIC_Start                            0x080025c5   Thumb Code    42  mpuiic.o(i.MPU_IIC_Start)
    MPU_IIC_Stop                             0x080025f9   Thumb Code    40  mpuiic.o(i.MPU_IIC_Stop)
    MPU_IIC_Wait_Ack                         0x08002629   Thumb Code    66  mpuiic.o(i.MPU_IIC_Wait_Ack)
    MPU_Init                                 0x08002679   Thumb Code   122  mpu6050.o(i.MPU_Init)
    MPU_Read_Byte                            0x080026f3   Thumb Code    58  mpu6050.o(i.MPU_Read_Byte)
    MPU_Read_Len                             0x0800272d   Thumb Code   116  mpu6050.o(i.MPU_Read_Len)
    MPU_Set_Accel_Fsr                        0x080027a1   Thumb Code    16  mpu6050.o(i.MPU_Set_Accel_Fsr)
    MPU_Set_Gyro_Fsr                         0x080027b1   Thumb Code    16  mpu6050.o(i.MPU_Set_Gyro_Fsr)
    MPU_Set_LPF                              0x080027c1   Thumb Code    58  mpu6050.o(i.MPU_Set_LPF)
    MPU_Set_Rate                             0x080027fb   Thumb Code    58  mpu6050.o(i.MPU_Set_Rate)
    MPU_Write_Byte                           0x08002835   Thumb Code    68  mpu6050.o(i.MPU_Write_Byte)
    MPU_Write_Len                            0x08002879   Thumb Code    96  mpu6050.o(i.MPU_Write_Len)
    MemManage_Handler                        0x080028d9   Thumb Code     4  stm32f10x_it.o(i.MemManage_Handler)
    Motor_Page                               0x080028dd   Thumb Code   422  pages.o(i.Motor_Page)
    Motor_Set_Pwm                            0x08002b5d   Thumb Code   150  motor.o(i.Motor_Set_Pwm)
    Motor_init                               0x08002bfd   Thumb Code    44  motor.o(i.Motor_init)
    Mpu6050_Get_Data                         0x08002c29   Thumb Code   118  mpu6050.o(i.Mpu6050_Get_Data)
    Mpu6050_Page                             0x08002cc9   Thumb Code   462  pages.o(i.Mpu6050_Page)
    NMI_Handler                              0x08002fa1   Thumb Code     2  stm32f10x_it.o(i.NMI_Handler)
    NVIC_Init                                0x08002fa5   Thumb Code   100  misc.o(i.NVIC_Init)
    NVIC_PriorityGroupConfig                 0x08003015   Thumb Code    10  misc.o(i.NVIC_PriorityGroupConfig)
    OLED_Clear                               0x08003029   Thumb Code    42  oled.o(i.OLED_Clear)
    OLED_DrawPoint                           0x08003059   Thumb Code   100  oled.o(i.OLED_DrawPoint)
    OLED_Fill                                0x080030c1   Thumb Code    58  oled.o(i.OLED_Fill)
    OLED_Init                                0x080030fd   Thumb Code   320  oled.o(i.OLED_Init)
    OLED_PageShow                            0x0800324d   Thumb Code   240  pages.o(i.OLED_PageShow)
    OLED_Refresh_Gram                        0x08003359   Thumb Code    70  oled.o(i.OLED_Refresh_Gram)
    OLED_ShowChar                            0x080033a5   Thumb Code   254  oled.o(i.OLED_ShowChar)
    OLED_ShowString                          0x080034b1   Thumb Code   102  oled.o(i.OLED_ShowString)
    OLED_WR_Byte                             0x08003519   Thumb Code    66  oled.o(i.OLED_WR_Byte)
    PWM3_OC1_init                            0x08003565   Thumb Code   122  pwm.o(i.PWM3_OC1_init)
    PWM3_OC2_init                            0x080035e9   Thumb Code   122  pwm.o(i.PWM3_OC2_init)
    PWM3_OC3_init                            0x0800366d   Thumb Code   122  pwm.o(i.PWM3_OC3_init)
    PWM3_OC4_init                            0x080036f1   Thumb Code   124  pwm.o(i.PWM3_OC4_init)
    Page_Freshen                             0x08003775   Thumb Code    62  pages.o(i.Page_Freshen)
    Page_Init                                0x080037c1   Thumb Code    14  pages.o(i.Page_Init)
    PendSV_Handler                           0x080037dd   Thumb Code     2  stm32f10x_it.o(i.PendSV_Handler)
    Pid_Page                                 0x080037e1   Thumb Code  2796  pages.o(i.Pid_Page)
    RCC_APB1PeriphClockCmd                   0x080042e5   Thumb Code    26  stm32f10x_rcc.o(i.RCC_APB1PeriphClockCmd)
    RCC_APB2PeriphClockCmd                   0x08004305   Thumb Code    26  stm32f10x_rcc.o(i.RCC_APB2PeriphClockCmd)
    RCC_GetClocksFreq                        0x08004325   Thumb Code   192  stm32f10x_rcc.o(i.RCC_GetClocksFreq)
    Read_KeyGpio                             0x080043f9   Thumb Code    82  key.o(i.Read_KeyGpio)
    SDA_CIN                                  0x08004451   Thumb Code    30  mpuiic.o(i.SDA_CIN)
    SDA_COUT                                 0x08004475   Thumb Code    30  mpuiic.o(i.SDA_COUT)
    SVC_Handler                              0x08004499   Thumb Code     2  stm32f10x_it.o(i.SVC_Handler)
    Speed_Pid                                0x08004585   Thumb Code   530  pid.o(i.Speed_Pid)
    Speed_Pid_Init                           0x080047a1   Thumb Code    48  pid.o(i.Speed_Pid_Init)
    Speed_Pid_Pwm                            0x080047d9   Thumb Code   102  pid.o(i.Speed_Pid_Pwm)
    SysTick_CLKSourceConfig                  0x0800484d   Thumb Code    40  misc.o(i.SysTick_CLKSourceConfig)
    SysTick_Handler                          0x08004875   Thumb Code     2  stm32f10x_it.o(i.SysTick_Handler)
    SystemInit                               0x08004879   Thumb Code    78  system_stm32f10x.o(i.SystemInit)
    TIM3_IRQHandler                          0x080048d9   Thumb Code    88  timer.o(i.TIM3_IRQHandler)
    TIMER_init                               0x0800493d   Thumb Code    90  timer.o(i.TIMER_init)
    TIM_ClearITPendingBit                    0x0800499d   Thumb Code     6  stm32f10x_tim.o(i.TIM_ClearITPendingBit)
    TIM_Cmd                                  0x080049a3   Thumb Code    24  stm32f10x_tim.o(i.TIM_Cmd)
    TIM_GetITStatus                          0x080049bb   Thumb Code    34  stm32f10x_tim.o(i.TIM_GetITStatus)
    TIM_ITConfig                             0x080049dd   Thumb Code    18  stm32f10x_tim.o(i.TIM_ITConfig)
    TIM_OC1Init                              0x080049f1   Thumb Code   132  stm32f10x_tim.o(i.TIM_OC1Init)
    TIM_OC1PreloadConfig                     0x08004a89   Thumb Code    18  stm32f10x_tim.o(i.TIM_OC1PreloadConfig)
    TIM_OC2Init                              0x08004a9d   Thumb Code   154  stm32f10x_tim.o(i.TIM_OC2Init)
    TIM_OC2PreloadConfig                     0x08004b41   Thumb Code    26  stm32f10x_tim.o(i.TIM_OC2PreloadConfig)
    TIM_OC3Init                              0x08004b5d   Thumb Code   150  stm32f10x_tim.o(i.TIM_OC3Init)
    TIM_OC3PreloadConfig                     0x08004bfd   Thumb Code    18  stm32f10x_tim.o(i.TIM_OC3PreloadConfig)
    TIM_OC4Init                              0x08004c11   Thumb Code   114  stm32f10x_tim.o(i.TIM_OC4Init)
    TIM_OC4PreloadConfig                     0x08004c8d   Thumb Code    26  stm32f10x_tim.o(i.TIM_OC4PreloadConfig)
    TIM_SetCompare1                          0x08004ca7   Thumb Code     4  stm32f10x_tim.o(i.TIM_SetCompare1)
    TIM_SetCompare2                          0x08004cab   Thumb Code     4  stm32f10x_tim.o(i.TIM_SetCompare2)
    TIM_SetCompare3                          0x08004caf   Thumb Code     4  stm32f10x_tim.o(i.TIM_SetCompare3)
    TIM_SetCompare4                          0x08004cb3   Thumb Code     6  stm32f10x_tim.o(i.TIM_SetCompare4)
    TIM_TimeBaseInit                         0x08004cb9   Thumb Code   122  stm32f10x_tim.o(i.TIM_TimeBaseInit)
    USART1_IRQHandler                        0x08004d5d   Thumb Code   122  cuankou.o(i.USART1_IRQHandler)
    USART_Cmd                                0x08004de5   Thumb Code    24  stm32f10x_usart.o(i.USART_Cmd)
    USART_GetITStatus                        0x08004dfd   Thumb Code    84  stm32f10x_usart.o(i.USART_GetITStatus)
    USART_ITConfig                           0x08004e51   Thumb Code    74  stm32f10x_usart.o(i.USART_ITConfig)
    USART_Init                               0x08004e9d   Thumb Code   210  stm32f10x_usart.o(i.USART_Init)
    USART_ReceiveData                        0x08004f75   Thumb Code    10  stm32f10x_usart.o(i.USART_ReceiveData)
    USART_cuankou                            0x08004f81   Thumb Code   178  cuankou.o(i.USART_cuankou)
    UsageFault_Handler                       0x08005041   Thumb Code     4  stm32f10x_it.o(i.UsageFault_Handler)
    __ARM_fpclassify                         0x08005045   Thumb Code    40  fpclassify.o(i.__ARM_fpclassify)
    __kernel_poly                            0x0800506d   Thumb Code   170  poly.o(i.__kernel_poly)
    __mathlib_dbl_infnan                     0x08005117   Thumb Code     6  dunder.o(i.__mathlib_dbl_infnan)
    __mathlib_dbl_infnan2                    0x0800511d   Thumb Code     4  dunder.o(i.__mathlib_dbl_infnan2)
    __mathlib_dbl_invalid                    0x08005121   Thumb Code    12  dunder.o(i.__mathlib_dbl_invalid)
    __mathlib_dbl_underflow                  0x0800512d   Thumb Code    10  dunder.o(i.__mathlib_dbl_underflow)
    _is_digit                                0x0800513d   Thumb Code    14  __printf_wp.o(i._is_digit)
    _sys_exit                                0x0800514b   Thumb Code     6  cuankou.o(i._sys_exit)
    asin                                     0x080051f9   Thumb Code   572  asin.o(i.asin)
    atan                                     0x08005469   Thumb Code   474  atan.o(i.atan)
    atan2                                    0x08005689   Thumb Code   346  atan2.o(i.atan2)
    coder_PID_Init                           0x08005809   Thumb Code     8  pid.o(i.coder_PID_Init)
    delay_init                               0x08005879   Thumb Code    50  delay.o(i.delay_init)
    delay_ms                                 0x080058bd   Thumb Code    72  delay.o(i.delay_ms)
    delay_us                                 0x08005909   Thumb Code    72  delay.o(i.delay_us)
    dmp_enable_6x_lp_quat                    0x08005955   Thumb Code    60  inv_mpu_dmp_motion_driver.o(i.dmp_enable_6x_lp_quat)
    dmp_enable_feature                       0x08005991   Thumb Code   530  inv_mpu_dmp_motion_driver.o(i.dmp_enable_feature)
    dmp_enable_gyro_cal                      0x08005bad   Thumb Code    62  inv_mpu_dmp_motion_driver.o(i.dmp_enable_gyro_cal)
    dmp_enable_lp_quat                       0x08005c05   Thumb Code    60  inv_mpu_dmp_motion_driver.o(i.dmp_enable_lp_quat)
    dmp_load_motion_driver_firmware          0x08005c41   Thumb Code    20  inv_mpu_dmp_motion_driver.o(i.dmp_load_motion_driver_firmware)
    dmp_read_fifo                            0x08005c59   Thumb Code   456  inv_mpu_dmp_motion_driver.o(i.dmp_read_fifo)
    dmp_set_accel_bias                       0x08005e25   Thumb Code   300  inv_mpu_dmp_motion_driver.o(i.dmp_set_accel_bias)
    dmp_set_fifo_rate                        0x08005f55   Thumb Code    96  inv_mpu_dmp_motion_driver.o(i.dmp_set_fifo_rate)
    dmp_set_gyro_bias                        0x08005fc5   Thumb Code   294  inv_mpu_dmp_motion_driver.o(i.dmp_set_gyro_bias)
    dmp_set_orientation                      0x080060f5   Thumb Code   290  inv_mpu_dmp_motion_driver.o(i.dmp_set_orientation)
    dmp_set_shake_reject_thresh              0x0800622d   Thumb Code    56  inv_mpu_dmp_motion_driver.o(i.dmp_set_shake_reject_thresh)
    dmp_set_shake_reject_time                0x08006265   Thumb Code    38  inv_mpu_dmp_motion_driver.o(i.dmp_set_shake_reject_time)
    dmp_set_shake_reject_timeout             0x0800628b   Thumb Code    38  inv_mpu_dmp_motion_driver.o(i.dmp_set_shake_reject_timeout)
    dmp_set_tap_axes                         0x080062b1   Thumb Code    70  inv_mpu_dmp_motion_driver.o(i.dmp_set_tap_axes)
    dmp_set_tap_count                        0x080062f7   Thumb Code    38  inv_mpu_dmp_motion_driver.o(i.dmp_set_tap_count)
    dmp_set_tap_thresh                       0x0800631d   Thumb Code   396  inv_mpu_dmp_motion_driver.o(i.dmp_set_tap_thresh)
    dmp_set_tap_time                         0x080064bd   Thumb Code    38  inv_mpu_dmp_motion_driver.o(i.dmp_set_tap_time)
    dmp_set_tap_time_multi                   0x080064e3   Thumb Code    38  inv_mpu_dmp_motion_driver.o(i.dmp_set_tap_time_multi)
    fputc                                    0x08006509   Thumb Code    24  cuankou.o(i.fputc)
    getKey                                   0x08006525   Thumb Code   120  key.o(i.getKey)
    inv_orientation_matrix_to_scalar         0x08006bd5   Thumb Code    40  inv_mpu.o(i.inv_orientation_matrix_to_scalar)
    inv_row_2_scale                          0x08006bfd   Thumb Code    78  inv_mpu.o(i.inv_row_2_scale)
    key_IRQHandler                           0x08006c4d   Thumb Code    74  key.o(i.key_IRQHandler)
    main                                     0x08006c9d   Thumb Code   232  main.o(i.main)
    mget_ms                                  0x08006ddd   Thumb Code     2  inv_mpu.o(i.mget_ms)
    mpu_configure_fifo                       0x08006de1   Thumb Code   106  inv_mpu.o(i.mpu_configure_fifo)
    mpu_dmp_get_data                         0x08006e51   Thumb Code   544  inv_mpu.o(i.mpu_dmp_get_data)
    mpu_dmp_init                             0x08007075   Thumb Code   154  inv_mpu.o(i.mpu_dmp_init)
    mpu_get_accel_fsr                        0x08007115   Thumb Code    72  inv_mpu.o(i.mpu_get_accel_fsr)
    mpu_get_accel_sens                       0x08007161   Thumb Code    78  inv_mpu.o(i.mpu_get_accel_sens)
    mpu_get_fifo_config                      0x080071b5   Thumb Code    12  inv_mpu.o(i.mpu_get_fifo_config)
    mpu_get_gyro_fsr                         0x080071c5   Thumb Code    64  inv_mpu.o(i.mpu_get_gyro_fsr)
    mpu_get_gyro_sens                        0x08007209   Thumb Code    58  inv_mpu.o(i.mpu_get_gyro_sens)
    mpu_get_lpf                              0x08007259   Thumb Code    74  inv_mpu.o(i.mpu_get_lpf)
    mpu_get_sample_rate                      0x080072a9   Thumb Code    26  inv_mpu.o(i.mpu_get_sample_rate)
    mpu_init                                 0x080072c9   Thumb Code   416  inv_mpu.o(i.mpu_init)
    mpu_load_firmware                        0x080074b9   Thumb Code   180  inv_mpu.o(i.mpu_load_firmware)
    mpu_lp_accel_mode                        0x08007571   Thumb Code   218  inv_mpu.o(i.mpu_lp_accel_mode)
    mpu_read_fifo_stream                     0x08007651   Thumb Code   186  inv_mpu.o(i.mpu_read_fifo_stream)
    mpu_read_mem                             0x08007711   Thumb Code   122  inv_mpu.o(i.mpu_read_mem)
    mpu_reset_fifo                           0x08007791   Thumb Code   450  inv_mpu.o(i.mpu_reset_fifo)
    mpu_run_self_test                        0x08007959   Thumb Code   278  inv_mpu.o(i.mpu_run_self_test)
    mpu_set_accel_fsr                        0x08007a75   Thumb Code   126  inv_mpu.o(i.mpu_set_accel_fsr)
    mpu_set_bypass                           0x08007af9   Thumb Code   328  inv_mpu.o(i.mpu_set_bypass)
    mpu_set_dmp_state                        0x08007c45   Thumb Code   138  inv_mpu.o(i.mpu_set_dmp_state)
    mpu_set_gyro_fsr                         0x08007cd5   Thumb Code   132  inv_mpu.o(i.mpu_set_gyro_fsr)
    mpu_set_int_latched                      0x08007d5d   Thumb Code   102  inv_mpu.o(i.mpu_set_int_latched)
    mpu_set_lpf                              0x08007dc9   Thumb Code   126  inv_mpu.o(i.mpu_set_lpf)
    mpu_set_sample_rate                      0x08007e4d   Thumb Code   152  inv_mpu.o(i.mpu_set_sample_rate)
    mpu_set_sensors                          0x08007ee9   Thumb Code   202  inv_mpu.o(i.mpu_set_sensors)
    mpu_write_mem                            0x08007fb9   Thumb Code   122  inv_mpu.o(i.mpu_write_mem)
    run_self_test                            0x08008039   Thumb Code   148  inv_mpu.o(i.run_self_test)
    sqrt                                     0x0800815d   Thumb Code    76  sqrt.o(i.sqrt)
    task_100ms                               0x080081a9   Thumb Code    24  task.o(i.task_100ms)
    task_10ms                                0x080081c9   Thumb Code    30  task.o(i.task_10ms)
    task_1ms                                 0x080081f1   Thumb Code    32  task.o(i.task_1ms)
    task_20ms                                0x0800821d   Thumb Code    24  task.o(i.task_20ms)
    _get_lc_numeric                          0x0800823d   Thumb Code    44  lc_numeric_c.o(locale$$code)
    __aeabi_d2f                              0x08008269   Thumb Code     0  d2f.o(x$fpl$d2f)
    _d2f                                     0x08008269   Thumb Code    98  d2f.o(x$fpl$d2f)
    __aeabi_dadd                             0x080082cd   Thumb Code     0  daddsub_clz.o(x$fpl$dadd)
    _dadd                                    0x080082cd   Thumb Code   332  daddsub_clz.o(x$fpl$dadd)
    __fpl_dcheck_NaN1                        0x0800841d   Thumb Code    10  dcheck1.o(x$fpl$dcheck1)
    __aeabi_ddiv                             0x0800842d   Thumb Code     0  ddiv.o(x$fpl$ddiv)
    _ddiv                                    0x0800842d   Thumb Code   552  ddiv.o(x$fpl$ddiv)
    __aeabi_d2iz                             0x080086dd   Thumb Code     0  dfix.o(x$fpl$dfix)
    _dfix                                    0x080086dd   Thumb Code    94  dfix.o(x$fpl$dfix)
    __aeabi_i2d                              0x0800873b   Thumb Code     0  dflt_clz.o(x$fpl$dflt)
    _dflt                                    0x0800873b   Thumb Code    46  dflt_clz.o(x$fpl$dflt)
    __aeabi_dmul                             0x08008769   Thumb Code     0  dmul.o(x$fpl$dmul)
    _dmul                                    0x08008769   Thumb Code   332  dmul.o(x$fpl$dmul)
    __fpl_dnaninf                            0x080088bd   Thumb Code   156  dnaninf.o(x$fpl$dnaninf)
    __fpl_dretinf                            0x08008959   Thumb Code    12  dretinf.o(x$fpl$dretinf)
    __aeabi_drsub                            0x08008965   Thumb Code     0  daddsub_clz.o(x$fpl$drsb)
    _drsb                                    0x08008965   Thumb Code    22  daddsub_clz.o(x$fpl$drsb)
    _dsqrt                                   0x0800897d   Thumb Code   456  dsqrt_noumaal.o(x$fpl$dsqrt)
    __aeabi_dsub                             0x08008b49   Thumb Code     0  daddsub_clz.o(x$fpl$dsub)
    _dsub                                    0x08008b49   Thumb Code   464  daddsub_clz.o(x$fpl$dsub)
    __aeabi_f2d                              0x08008d1d   Thumb Code     0  f2d.o(x$fpl$f2d)
    _f2d                                     0x08008d1d   Thumb Code    86  f2d.o(x$fpl$f2d)
    __aeabi_fadd                             0x08008d75   Thumb Code     0  faddsub_clz.o(x$fpl$fadd)
    _fadd                                    0x08008d75   Thumb Code   196  faddsub_clz.o(x$fpl$fadd)
    __fpl_fcmp_Inf                           0x08008e39   Thumb Code    24  fcmpi.o(x$fpl$fcmpinf)
    __aeabi_fdiv                             0x08008e51   Thumb Code     0  fdiv.o(x$fpl$fdiv)
    _fdiv                                    0x08008e51   Thumb Code   384  fdiv.o(x$fpl$fdiv)
    __aeabi_cfcmpeq                          0x08008fd5   Thumb Code     0  feqf.o(x$fpl$feqf)
    _fcmpeq                                  0x08008fd5   Thumb Code   104  feqf.o(x$fpl$feqf)
    __aeabi_f2iz                             0x0800903d   Thumb Code     0  ffix.o(x$fpl$ffix)
    _ffix                                    0x0800903d   Thumb Code    54  ffix.o(x$fpl$ffix)
    __aeabi_f2uiz                            0x08009075   Thumb Code     0  ffixu.o(x$fpl$ffixu)
    _ffixu                                   0x08009075   Thumb Code    62  ffixu.o(x$fpl$ffixu)
    __aeabi_i2f                              0x080090b5   Thumb Code     0  fflt_clz.o(x$fpl$fflt)
    _fflt                                    0x080090b5   Thumb Code    48  fflt_clz.o(x$fpl$fflt)
    __aeabi_ui2f                             0x080090e5   Thumb Code     0  fflt_clz.o(x$fpl$ffltu)
    _ffltu                                   0x080090e5   Thumb Code    38  fflt_clz.o(x$fpl$ffltu)
    __aeabi_cfcmple                          0x0800910d   Thumb Code     0  fleqf.o(x$fpl$fleqf)
    _fcmple                                  0x0800910d   Thumb Code   104  fleqf.o(x$fpl$fleqf)
    __fpl_fcmple_InfNaN                      0x0800915f   Thumb Code     0  fleqf.o(x$fpl$fleqf)
    __aeabi_fmul                             0x08009175   Thumb Code     0  fmul.o(x$fpl$fmul)
    _fmul                                    0x08009175   Thumb Code   258  fmul.o(x$fpl$fmul)
    __fpl_fnaninf                            0x08009277   Thumb Code   140  fnaninf.o(x$fpl$fnaninf)
    __fpl_fretinf                            0x08009303   Thumb Code    10  fretinf.o(x$fpl$fretinf)
    __aeabi_cfrcmple                         0x0800930d   Thumb Code     0  frleqf.o(x$fpl$frleqf)
    _frcmple                                 0x0800930d   Thumb Code    98  frleqf.o(x$fpl$frleqf)
    __aeabi_fsub                             0x08009371   Thumb Code     0  faddsub_clz.o(x$fpl$fsub)
    _fsub                                    0x08009371   Thumb Code   234  faddsub_clz.o(x$fpl$fsub)
    _printf_fp_dec                           0x0800945b   Thumb Code     4  printf1.o(x$fpl$printf1)
    __fpl_return_NaN                         0x0800945f   Thumb Code   100  retnan.o(x$fpl$retnan)
    __ARM_scalbn                             0x080094c3   Thumb Code    92  scalbn.o(x$fpl$scalbn)
    __fpl_cmpreturn                          0x0800951f   Thumb Code    48  trapv.o(x$fpl$trapveneer)
    __I$use$fp                               0x0800954e   Number         0  usenofp.o(x$fpl$usenofp)
    asc2_1206                                0x0800954e   Data        1140  oled.o(.constdata)
    asc2_1608                                0x080099c2   Data        1520  oled.o(.constdata)
    asc2_2412                                0x08009fb2   Data        3420  oled.o(.constdata)
    gbk_1212                                 0x0800ad0e   Data         168  oled.o(.constdata)
    gbk_1616                                 0x0800adb6   Data         224  oled.o(.constdata)
    gbk_2412                                 0x0800ae96   Data         504  oled.o(.constdata)
    reg                                      0x0800b090   Data          27  inv_mpu.o(.constdata)
    hw                                       0x0800b0ac   Data          12  inv_mpu.o(.constdata)
    test                                     0x0800b0b8   Data          40  inv_mpu.o(.constdata)
    __mathlib_zero                           0x0800bdd0   Data           8  qnan.o(.constdata)
    Region$$Table$$Base                      0x0800bebc   Number         0  anon$$obj.o(Region$$Table)
    Region$$Table$$Limit                     0x0800bedc   Number         0  anon$$obj.o(Region$$Table)
    SystemCoreClock                          0x20000000   Data           4  system_stm32f10x.o(.data)
    AHBPrescTable                            0x20000004   Data          16  system_stm32f10x.o(.data)
    system_time                              0x2000002c   Data           4  timer.o(.data)
    L_Pwm_R                                  0x20000030   Data           8  motor.o(.data)
    USART_RX_STA                             0x20000038   Data           2  cuankou.o(.data)
    __stdout                                 0x2000003c   Data           4  cuankou.o(.data)
    pitch                                    0x20000060   Data           4  mpu6050.o(.data)
    roll                                     0x20000064   Data           4  mpu6050.o(.data)
    yaw                                      0x20000068   Data           4  mpu6050.o(.data)
    aacx                                     0x2000006c   Data           2  mpu6050.o(.data)
    aacy                                     0x2000006e   Data           2  mpu6050.o(.data)
    aacz                                     0x20000070   Data           2  mpu6050.o(.data)
    gyrox                                    0x20000072   Data           2  mpu6050.o(.data)
    gyroy                                    0x20000074   Data           2  mpu6050.o(.data)
    gyroz                                    0x20000076   Data           2  mpu6050.o(.data)
    temp                                     0x20000078   Data           2  mpu6050.o(.data)
    Page_Coordinate_P                        0x2000008c   Data           4  pages.o(.data)
    Key                                      0x20000090   Data           1  pages.o(.data)
    page                                     0x20000094   Data           4  pages.o(.data)
    text                                     0x200000d4   Data          20  main.o(.bss)
    L_Speed_R                                0x200000f8   Data          16  motor.o(.bss)
    USART_RX_BUF                             0x20000108   Data         200  cuankou.o(.bss)
    L_Code_R                                 0x200001d0   Data          24  code.o(.bss)
    Mpu6050_Primary_S                        0x200001e8   Data          68  mpu6050.o(.bss)
    OLED_GRAM                                0x2000022c   Data        1024  oled.o(.bss)
    Page_Coordinate                          0x2000062c   Data          12  pages.o(.bss)
    SpeedPid_S                               0x20000680   Data          56  pid.o(.bss)
    BalancePid_S                             0x200006b8   Data          40  pid.o(.bss)
    CoderPid_S                               0x200006e0   Data          28  pid.o(.bss)
    Kalman_Angle_S                           0x200006fc   Data          12  kalman.o(.bss)
    Pdot                                     0x20000708   Data          16  kalman.o(.bss)
    __libspace_start                         0x20000728   Data          96  libspace.o(.bss)
    __temporary_stack_top$libspace           0x20000788   Data           0  libspace.o(.bss)



==============================================================================

Memory Map of the image

  Image Entry point : 0x080001ed

  Load Region LR_1 (Base: 0x08000000, Size: 0x0000bfcc, Max: 0xffffffff, ABSOLUTE)

    Execution Region ER_RO (Base: 0x08000000, Size: 0x0000bef8, Max: 0xffffffff, ABSOLUTE)

    Base Addr    Size         Type   Attr      Idx    E Section Name        Object

    0x08000000   0x00000130   Data   RO          390    RESET               startup_stm32f10x_hd.o
    0x08000130   0x00000008   Code   RO         4738  * !!!main             c_w.l(__main.o)
    0x08000138   0x00000034   Code   RO         5129    !!!scatter          c_w.l(__scatter.o)
    0x0800016c   0x0000001a   Code   RO         5131    !!handler_copy      c_w.l(__scatter_copy.o)
    0x08000186   0x00000002   PAD
    0x08000188   0x0000001c   Code   RO         5133    !!handler_zi        c_w.l(__scatter_zi.o)
    0x080001a4   0x00000000   Code   RO         4727    .ARM.Collect$$_printf_percent$$00000000  c_w.l(_printf_percent.o)
    0x080001a4   0x00000006   Code   RO         4726    .ARM.Collect$$_printf_percent$$00000003  c_w.l(_printf_f.o)
    0x080001aa   0x00000006   Code   RO         4725    .ARM.Collect$$_printf_percent$$00000009  c_w.l(_printf_d.o)
    0x080001b0   0x00000004   Code   RO         4859    .ARM.Collect$$_printf_percent$$00000017  c_w.l(_printf_percent_end.o)
    0x080001b4   0x00000002   Code   RO         4999    .ARM.Collect$$libinit$$00000000  c_w.l(libinit.o)
    0x080001b6   0x00000000   Code   RO         5001    .ARM.Collect$$libinit$$00000002  c_w.l(libinit2.o)
    0x080001b6   0x00000000   Code   RO         5003    .ARM.Collect$$libinit$$00000004  c_w.l(libinit2.o)
    0x080001b6   0x00000000   Code   RO         5006    .ARM.Collect$$libinit$$0000000A  c_w.l(libinit2.o)
    0x080001b6   0x00000000   Code   RO         5008    .ARM.Collect$$libinit$$0000000C  c_w.l(libinit2.o)
    0x080001b6   0x00000000   Code   RO         5010    .ARM.Collect$$libinit$$0000000E  c_w.l(libinit2.o)
    0x080001b6   0x00000006   Code   RO         5011    .ARM.Collect$$libinit$$0000000F  c_w.l(libinit2.o)
    0x080001bc   0x00000000   Code   RO         5013    .ARM.Collect$$libinit$$00000011  c_w.l(libinit2.o)
    0x080001bc   0x00000000   Code   RO         5015    .ARM.Collect$$libinit$$00000013  c_w.l(libinit2.o)
    0x080001bc   0x00000000   Code   RO         5017    .ARM.Collect$$libinit$$00000015  c_w.l(libinit2.o)
    0x080001bc   0x0000000a   Code   RO         5018    .ARM.Collect$$libinit$$00000016  c_w.l(libinit2.o)
    0x080001c6   0x00000000   Code   RO         5019    .ARM.Collect$$libinit$$00000017  c_w.l(libinit2.o)
    0x080001c6   0x00000000   Code   RO         5021    .ARM.Collect$$libinit$$00000019  c_w.l(libinit2.o)
    0x080001c6   0x00000000   Code   RO         5023    .ARM.Collect$$libinit$$0000001B  c_w.l(libinit2.o)
    0x080001c6   0x00000000   Code   RO         5025    .ARM.Collect$$libinit$$0000001D  c_w.l(libinit2.o)
    0x080001c6   0x00000000   Code   RO         5027    .ARM.Collect$$libinit$$0000001F  c_w.l(libinit2.o)
    0x080001c6   0x00000000   Code   RO         5029    .ARM.Collect$$libinit$$00000021  c_w.l(libinit2.o)
    0x080001c6   0x00000000   Code   RO         5031    .ARM.Collect$$libinit$$00000023  c_w.l(libinit2.o)
    0x080001c6   0x00000000   Code   RO         5033    .ARM.Collect$$libinit$$00000025  c_w.l(libinit2.o)
    0x080001c6   0x00000000   Code   RO         5037    .ARM.Collect$$libinit$$0000002C  c_w.l(libinit2.o)
    0x080001c6   0x00000000   Code   RO         5039    .ARM.Collect$$libinit$$0000002E  c_w.l(libinit2.o)
    0x080001c6   0x00000000   Code   RO         5041    .ARM.Collect$$libinit$$00000030  c_w.l(libinit2.o)
    0x080001c6   0x00000000   Code   RO         5043    .ARM.Collect$$libinit$$00000032  c_w.l(libinit2.o)
    0x080001c6   0x00000002   Code   RO         5044    .ARM.Collect$$libinit$$00000033  c_w.l(libinit2.o)
    0x080001c8   0x00000002   Code   RO         5090    .ARM.Collect$$libshutdown$$00000000  c_w.l(libshutdown.o)
    0x080001ca   0x00000000   Code   RO         5100    .ARM.Collect$$libshutdown$$00000003  c_w.l(libshutdown2.o)
    0x080001ca   0x00000000   Code   RO         5103    .ARM.Collect$$libshutdown$$00000006  c_w.l(libshutdown2.o)
    0x080001ca   0x00000000   Code   RO         5106    .ARM.Collect$$libshutdown$$00000009  c_w.l(libshutdown2.o)
    0x080001ca   0x00000000   Code   RO         5108    .ARM.Collect$$libshutdown$$0000000B  c_w.l(libshutdown2.o)
    0x080001ca   0x00000000   Code   RO         5111    .ARM.Collect$$libshutdown$$0000000E  c_w.l(libshutdown2.o)
    0x080001ca   0x00000002   Code   RO         5112    .ARM.Collect$$libshutdown$$0000000F  c_w.l(libshutdown2.o)
    0x080001cc   0x00000000   Code   RO         4842    .ARM.Collect$$rtentry$$00000000  c_w.l(__rtentry.o)
    0x080001cc   0x00000000   Code   RO         4911    .ARM.Collect$$rtentry$$00000002  c_w.l(__rtentry2.o)
    0x080001cc   0x00000006   Code   RO         4923    .ARM.Collect$$rtentry$$00000004  c_w.l(__rtentry4.o)
    0x080001d2   0x00000000   Code   RO         4913    .ARM.Collect$$rtentry$$00000009  c_w.l(__rtentry2.o)
    0x080001d2   0x00000004   Code   RO         4914    .ARM.Collect$$rtentry$$0000000A  c_w.l(__rtentry2.o)
    0x080001d6   0x00000000   Code   RO         4916    .ARM.Collect$$rtentry$$0000000C  c_w.l(__rtentry2.o)
    0x080001d6   0x00000008   Code   RO         4917    .ARM.Collect$$rtentry$$0000000D  c_w.l(__rtentry2.o)
    0x080001de   0x00000002   Code   RO         5047    .ARM.Collect$$rtexit$$00000000  c_w.l(rtexit.o)
    0x080001e0   0x00000000   Code   RO         5060    .ARM.Collect$$rtexit$$00000002  c_w.l(rtexit2.o)
    0x080001e0   0x00000004   Code   RO         5061    .ARM.Collect$$rtexit$$00000003  c_w.l(rtexit2.o)
    0x080001e4   0x00000006   Code   RO         5062    .ARM.Collect$$rtexit$$00000004  c_w.l(rtexit2.o)
    0x080001ea   0x00000002   PAD
    0x080001ec   0x00000040   Code   RO          391  * .text               startup_stm32f10x_hd.o
    0x0800022c   0x00000002   Code   RO         4662    .text               c_w.l(use_no_semi_2.o)
    0x0800022e   0x00000048   Code   RO         4664    .text               c_w.l(llsdiv.o)
    0x08000276   0x00000002   PAD
    0x08000278   0x00000018   Code   RO         4670    .text               c_w.l(noretval__2printf.o)
    0x08000290   0x00000028   Code   RO         4672    .text               c_w.l(noretval__2sprintf.o)
    0x080002b8   0x0000004e   Code   RO         4676    .text               c_w.l(_printf_pad.o)
    0x08000306   0x00000002   PAD
    0x08000308   0x00000078   Code   RO         4680    .text               c_w.l(_printf_dec.o)
    0x08000380   0x00000138   Code   RO         4715    .text               c_w.l(__printf_flags_wp.o)
    0x080004b8   0x00000058   Code   RO         4730    .text               c_w.l(memcmp.o)
    0x08000510   0x00000010   Code   RO         4732    .text               c_w.l(aeabi_memset.o)
    0x08000520   0x0000004e   Code   RO         4734    .text               c_w.l(rt_memclr_w.o)
    0x0800056e   0x00000006   Code   RO         4736    .text               c_w.l(heapauxi.o)
    0x08000574   0x00000002   Code   RO         4840    .text               c_w.l(use_no_semi.o)
    0x08000576   0x000000ee   Code   RO         4843    .text               c_w.l(lludivv7m.o)
    0x08000664   0x00000016   Code   RO         4845    .text               c_w.l(_rserrno.o)
    0x0800067a   0x000000b2   Code   RO         4847    .text               c_w.l(_printf_intcommon.o)
    0x0800072c   0x0000041a   Code   RO         4849    .text               c_w.l(_printf_fp_dec.o)
    0x08000b46   0x00000002   PAD
    0x08000b48   0x00000030   Code   RO         4851    .text               c_w.l(_printf_char_common.o)
    0x08000b78   0x0000000a   Code   RO         4853    .text               c_w.l(_sputc.o)
    0x08000b82   0x00000002   PAD
    0x08000b84   0x00000024   Code   RO         4857    .text               c_w.l(_printf_char_file.o)
    0x08000ba8   0x00000044   Code   RO         4860    .text               c_w.l(rt_memclr.o)
    0x08000bec   0x00000008   Code   RO         4932    .text               c_w.l(rt_locale_intlibspace.o)
    0x08000bf4   0x00000008   Code   RO         4937    .text               c_w.l(rt_errno_addr_intlibspace.o)
    0x08000bfc   0x0000008a   Code   RO         4939    .text               c_w.l(lludiv10.o)
    0x08000c86   0x00000002   PAD
    0x08000c88   0x00000080   Code   RO         4941    .text               c_w.l(_printf_fp_infnan.o)
    0x08000d08   0x000000dc   Code   RO         4945    .text               c_w.l(bigflt0.o)
    0x08000de4   0x00000008   Code   RO         4970    .text               c_w.l(ferror.o)
    0x08000dec   0x00000008   Code   RO         4983    .text               c_w.l(libspace.o)
    0x08000df4   0x0000004a   Code   RO         4986    .text               c_w.l(sys_stackheap_outer.o)
    0x08000e3e   0x0000000c   Code   RO         4990    .text               c_w.l(exit.o)
    0x08000e4a   0x00000002   PAD
    0x08000e4c   0x00000080   Code   RO         4992    .text               c_w.l(strcmpv7m.o)
    0x08000ecc   0x0000003e   Code   RO         4948    CL$$btod_d2e        c_w.l(btod.o)
    0x08000f0a   0x00000046   Code   RO         4950    CL$$btod_d2e_denorm_low  c_w.l(btod.o)
    0x08000f50   0x00000060   Code   RO         4949    CL$$btod_d2e_norm_op1  c_w.l(btod.o)
    0x08000fb0   0x00000338   Code   RO         4958    CL$$btod_div_common  c_w.l(btod.o)
    0x080012e8   0x000000c6   Code   RO         4955    CL$$btod_e2e        c_w.l(btod.o)
    0x080013ae   0x00000028   Code   RO         4952    CL$$btod_ediv       c_w.l(btod.o)
    0x080013d6   0x00000028   Code   RO         4951    CL$$btod_emul       c_w.l(btod.o)
    0x080013fe   0x00000244   Code   RO         4957    CL$$btod_mult_common  c_w.l(btod.o)
    0x08001642   0x00000002   PAD
    0x08001644   0x0000029c   Code   RO         3926    i.Balance_Page      pages.o
    0x080018e0   0x000000c8   Code   RO         3993    i.Balance_Pid_First  pid.o
    0x080019a8   0x0000001c   Code   RO         3994    i.Balance_Pid_Init  pid.o
    0x080019c4   0x000000fc   Code   RO         3995    i.Balance_Pid_Second  pid.o
    0x08001ac0   0x00000004   Code   RO          194    i.BusFault_Handler  stm32f10x_it.o
    0x08001ac4   0x000000d8   Code   RO         3564    i.Code_init         code.o
    0x08001b9c   0x00000002   Code   RO          195    i.DebugMon_Handler  stm32f10x_it.o
    0x08001b9e   0x00000002   PAD
    0x08001ba0   0x00000068   Code   RO         3565    i.EXTI4_IRQHandler  code.o
    0x08001c08   0x00000068   Code   RO         3566    i.EXTI9_5_IRQHandler  code.o
    0x08001c70   0x0000000c   Code   RO         1193    i.EXTI_ClearITPendingBit  stm32f10x_exti.o
    0x08001c7c   0x00000094   Code   RO         1198    i.EXTI_Init         stm32f10x_exti.o
    0x08001d10   0x00000040   Code   RO         1543    i.GPIO_EXTILineConfig  stm32f10x_gpio.o
    0x08001d50   0x00000116   Code   RO         1546    i.GPIO_Init         stm32f10x_gpio.o
    0x08001e66   0x00000002   PAD
    0x08001e68   0x00000090   Code   RO         1548    i.GPIO_PinRemapConfig  stm32f10x_gpio.o
    0x08001ef8   0x00000004   Code   RO         1554    i.GPIO_SetBits      stm32f10x_gpio.o
    0x08001efc   0x00000004   Code   RO          196    i.HardFault_Handler  stm32f10x_it.o
    0x08001f00   0x0000017c   Code   RO         3927    i.Home_Page         pages.o
    0x0800207c   0x00000014   Code   RO         3376    i.KEY_get           key.o
    0x08002090   0x00000070   Code   RO         3377    i.KEY_init          key.o
    0x08002100   0x00000120   Code   RO         3928    i.Kalman_Page       pages.o
    0x08002220   0x0000007c   Code   RO         3996    i.Keep_Balance      pid.o
    0x0800229c   0x00000078   Code   RO         3426    i.LED_init          led.o
    0x08002314   0x0000001c   Code   RO         3667    i.MPU6050_SetPoint  mpu6050.o
    0x08002330   0x00000050   Code   RO         3668    i.MPU_Get_Accelerometer  mpu6050.o
    0x08002380   0x00000050   Code   RO         3669    i.MPU_Get_Gyroscope  mpu6050.o
    0x080023d0   0x00000068   Code   RO         3670    i.MPU_Get_Temperature  mpu6050.o
    0x08002438   0x00000038   Code   RO         3595    i.MPU_IIC_Ack       mpuiic.o
    0x08002470   0x0000000a   Code   RO         3596    i.MPU_IIC_Delay     mpuiic.o
    0x0800247a   0x00000002   PAD
    0x0800247c   0x00000070   Code   RO         3597    i.MPU_IIC_Init      mpuiic.o
    0x080024ec   0x00000038   Code   RO         3598    i.MPU_IIC_NAck      mpuiic.o
    0x08002524   0x00000058   Code   RO         3599    i.MPU_IIC_Read_Byte  mpuiic.o
    0x0800257c   0x00000048   Code   RO         3600    i.MPU_IIC_Send_Byte  mpuiic.o
    0x080025c4   0x00000034   Code   RO         3601    i.MPU_IIC_Start     mpuiic.o
    0x080025f8   0x00000030   Code   RO         3602    i.MPU_IIC_Stop      mpuiic.o
    0x08002628   0x00000050   Code   RO         3603    i.MPU_IIC_Wait_Ack  mpuiic.o
    0x08002678   0x0000007a   Code   RO         3671    i.MPU_Init          mpu6050.o
    0x080026f2   0x0000003a   Code   RO         3672    i.MPU_Read_Byte     mpu6050.o
    0x0800272c   0x00000074   Code   RO         3673    i.MPU_Read_Len      mpu6050.o
    0x080027a0   0x00000010   Code   RO         3674    i.MPU_Set_Accel_Fsr  mpu6050.o
    0x080027b0   0x00000010   Code   RO         3675    i.MPU_Set_Gyro_Fsr  mpu6050.o
    0x080027c0   0x0000003a   Code   RO         3676    i.MPU_Set_LPF       mpu6050.o
    0x080027fa   0x0000003a   Code   RO         3677    i.MPU_Set_Rate      mpu6050.o
    0x08002834   0x00000044   Code   RO         3678    i.MPU_Write_Byte    mpu6050.o
    0x08002878   0x00000060   Code   RO         3679    i.MPU_Write_Len     mpu6050.o
    0x080028d8   0x00000004   Code   RO          197    i.MemManage_Handler  stm32f10x_it.o
    0x080028dc   0x00000280   Code   RO         3929    i.Motor_Page        pages.o
    0x08002b5c   0x000000a0   Code   RO         3492    i.Motor_Set_Pwm     motor.o
    0x08002bfc   0x0000002c   Code   RO         3493    i.Motor_init        motor.o
    0x08002c28   0x000000a0   Code   RO         3680    i.Mpu6050_Get_Data  mpu6050.o
    0x08002cc8   0x000002d8   Code   RO         3930    i.Mpu6050_Page      pages.o
    0x08002fa0   0x00000002   Code   RO          198    i.NMI_Handler       stm32f10x_it.o
    0x08002fa2   0x00000002   PAD
    0x08002fa4   0x00000070   Code   RO          395    i.NVIC_Init         misc.o
    0x08003014   0x00000014   Code   RO          396    i.NVIC_PriorityGroupConfig  misc.o
    0x08003028   0x00000030   Code   RO         3764    i.OLED_Clear        oled.o
    0x08003058   0x00000068   Code   RO         3768    i.OLED_DrawPoint    oled.o
    0x080030c0   0x0000003a   Code   RO         3769    i.OLED_Fill         oled.o
    0x080030fa   0x00000002   PAD
    0x080030fc   0x00000150   Code   RO         3770    i.OLED_Init         oled.o
    0x0800324c   0x0000010c   Code   RO         3931    i.OLED_PageShow     pages.o
    0x08003358   0x0000004c   Code   RO         3772    i.OLED_Refresh_Gram  oled.o
    0x080033a4   0x0000010c   Code   RO         3774    i.OLED_ShowChar     oled.o
    0x080034b0   0x00000066   Code   RO         3779    i.OLED_ShowString   oled.o
    0x08003516   0x00000002   PAD
    0x08003518   0x0000004c   Code   RO         3780    i.OLED_WR_Byte      oled.o
    0x08003564   0x00000084   Code   RO         3462    i.PWM3_OC1_init     pwm.o
    0x080035e8   0x00000084   Code   RO         3463    i.PWM3_OC2_init     pwm.o
    0x0800366c   0x00000084   Code   RO         3464    i.PWM3_OC3_init     pwm.o
    0x080036f0   0x00000084   Code   RO         3465    i.PWM3_OC4_init     pwm.o
    0x08003774   0x0000004c   Code   RO         3932    i.Page_Freshen      pages.o
    0x080037c0   0x0000001c   Code   RO         3933    i.Page_Init         pages.o
    0x080037dc   0x00000002   Code   RO          199    i.PendSV_Handler    stm32f10x_it.o
    0x080037de   0x00000002   PAD
    0x080037e0   0x00000b04   Code   RO         3934    i.Pid_Page          pages.o
    0x080042e4   0x00000020   Code   RO         1962    i.RCC_APB1PeriphClockCmd  stm32f10x_rcc.o
    0x08004304   0x00000020   Code   RO         1964    i.RCC_APB2PeriphClockCmd  stm32f10x_rcc.o
    0x08004324   0x000000d4   Code   RO         1972    i.RCC_GetClocksFreq  stm32f10x_rcc.o
    0x080043f8   0x00000058   Code   RO         3378    i.Read_KeyGpio      key.o
    0x08004450   0x00000024   Code   RO         3604    i.SDA_CIN           mpuiic.o
    0x08004474   0x00000024   Code   RO         3605    i.SDA_COUT          mpuiic.o
    0x08004498   0x00000002   Code   RO          200    i.SVC_Handler       stm32f10x_it.o
    0x0800449a   0x00000008   Code   RO          283    i.SetSysClock       system_stm32f10x.o
    0x080044a2   0x00000002   PAD
    0x080044a4   0x000000e0   Code   RO          284    i.SetSysClockTo72   system_stm32f10x.o
    0x08004584   0x0000021c   Code   RO         3997    i.Speed_Pid         pid.o
    0x080047a0   0x00000038   Code   RO         3998    i.Speed_Pid_Init    pid.o
    0x080047d8   0x00000074   Code   RO         3999    i.Speed_Pid_Pwm     pid.o
    0x0800484c   0x00000028   Code   RO          399    i.SysTick_CLKSourceConfig  misc.o
    0x08004874   0x00000002   Code   RO          201    i.SysTick_Handler   stm32f10x_it.o
    0x08004876   0x00000002   PAD
    0x08004878   0x00000060   Code   RO          286    i.SystemInit        system_stm32f10x.o
    0x080048d8   0x00000064   Code   RO         3438    i.TIM3_IRQHandler   timer.o
    0x0800493c   0x00000060   Code   RO         3439    i.TIMER_init        timer.o
    0x0800499c   0x00000006   Code   RO         2591    i.TIM_ClearITPendingBit  stm32f10x_tim.o
    0x080049a2   0x00000018   Code   RO         2596    i.TIM_Cmd           stm32f10x_tim.o
    0x080049ba   0x00000022   Code   RO         2617    i.TIM_GetITStatus   stm32f10x_tim.o
    0x080049dc   0x00000012   Code   RO         2621    i.TIM_ITConfig      stm32f10x_tim.o
    0x080049ee   0x00000002   PAD
    0x080049f0   0x00000098   Code   RO         2625    i.TIM_OC1Init       stm32f10x_tim.o
    0x08004a88   0x00000012   Code   RO         2628    i.TIM_OC1PreloadConfig  stm32f10x_tim.o
    0x08004a9a   0x00000002   PAD
    0x08004a9c   0x000000a4   Code   RO         2630    i.TIM_OC2Init       stm32f10x_tim.o
    0x08004b40   0x0000001a   Code   RO         2633    i.TIM_OC2PreloadConfig  stm32f10x_tim.o
    0x08004b5a   0x00000002   PAD
    0x08004b5c   0x000000a0   Code   RO         2635    i.TIM_OC3Init       stm32f10x_tim.o
    0x08004bfc   0x00000012   Code   RO         2638    i.TIM_OC3PreloadConfig  stm32f10x_tim.o
    0x08004c0e   0x00000002   PAD
    0x08004c10   0x0000007c   Code   RO         2640    i.TIM_OC4Init       stm32f10x_tim.o
    0x08004c8c   0x0000001a   Code   RO         2642    i.TIM_OC4PreloadConfig  stm32f10x_tim.o
    0x08004ca6   0x00000004   Code   RO         2657    i.TIM_SetCompare1   stm32f10x_tim.o
    0x08004caa   0x00000004   Code   RO         2658    i.TIM_SetCompare2   stm32f10x_tim.o
    0x08004cae   0x00000004   Code   RO         2659    i.TIM_SetCompare3   stm32f10x_tim.o
    0x08004cb2   0x00000006   Code   RO         2660    i.TIM_SetCompare4   stm32f10x_tim.o
    0x08004cb8   0x000000a4   Code   RO         2667    i.TIM_TimeBaseInit  stm32f10x_tim.o
    0x08004d5c   0x00000088   Code   RO         3523    i.USART1_IRQHandler  cuankou.o
    0x08004de4   0x00000018   Code   RO         3132    i.USART_Cmd         stm32f10x_usart.o
    0x08004dfc   0x00000054   Code   RO         3136    i.USART_GetITStatus  stm32f10x_usart.o
    0x08004e50   0x0000004a   Code   RO         3138    i.USART_ITConfig    stm32f10x_usart.o
    0x08004e9a   0x00000002   PAD
    0x08004e9c   0x000000d8   Code   RO         3139    i.USART_Init        stm32f10x_usart.o
    0x08004f74   0x0000000a   Code   RO         3146    i.USART_ReceiveData  stm32f10x_usart.o
    0x08004f7e   0x00000002   PAD
    0x08004f80   0x000000c0   Code   RO         3524    i.USART_cuankou     cuankou.o
    0x08005040   0x00000004   Code   RO          202    i.UsageFault_Handler  stm32f10x_it.o
    0x08005044   0x00000028   Code   RO         4905    i.__ARM_fpclassify  m_ws.l(fpclassify.o)
    0x0800506c   0x000000aa   Code   RO         4907    i.__kernel_poly     m_ws.l(poly.o)
    0x08005116   0x00000006   Code   RO         4892    i.__mathlib_dbl_infnan  m_ws.l(dunder.o)
    0x0800511c   0x00000004   Code   RO         4893    i.__mathlib_dbl_infnan2  m_ws.l(dunder.o)
    0x08005120   0x0000000c   Code   RO         4894    i.__mathlib_dbl_invalid  m_ws.l(dunder.o)
    0x0800512c   0x00000010   Code   RO         4897    i.__mathlib_dbl_underflow  m_ws.l(dunder.o)
    0x0800513c   0x0000000e   Code   RO         4713    i._is_digit         c_w.l(__printf_wp.o)
    0x0800514a   0x00000006   Code   RO         3525    i._sys_exit         cuankou.o
    0x08005150   0x000000a8   Code   RO         4094    i.accel_self_test   inv_mpu.o
    0x080051f8   0x00000270   Code   RO         4805    i.asin              m_ws.l(asin.o)
    0x08005468   0x00000220   Code   RO         4882    i.atan              m_ws.l(atan.o)
    0x08005688   0x00000180   Code   RO         4815    i.atan2             m_ws.l(atan2.o)
    0x08005808   0x0000000c   Code   RO         4001    i.coder_PID_Init    pid.o
    0x08005814   0x00000064   Code   RO         4423    i.decode_gesture    inv_mpu_dmp_motion_driver.o
    0x08005878   0x00000044   Code   RO          317    i.delay_init        delay.o
    0x080058bc   0x0000004c   Code   RO          318    i.delay_ms          delay.o
    0x08005908   0x0000004c   Code   RO          319    i.delay_us          delay.o
    0x08005954   0x0000003c   Code   RO         4424    i.dmp_enable_6x_lp_quat  inv_mpu_dmp_motion_driver.o
    0x08005990   0x0000021c   Code   RO         4425    i.dmp_enable_feature  inv_mpu_dmp_motion_driver.o
    0x08005bac   0x00000058   Code   RO         4426    i.dmp_enable_gyro_cal  inv_mpu_dmp_motion_driver.o
    0x08005c04   0x0000003c   Code   RO         4427    i.dmp_enable_lp_quat  inv_mpu_dmp_motion_driver.o
    0x08005c40   0x00000018   Code   RO         4432    i.dmp_load_motion_driver_firmware  inv_mpu_dmp_motion_driver.o
    0x08005c58   0x000001cc   Code   RO         4433    i.dmp_read_fifo     inv_mpu_dmp_motion_driver.o
    0x08005e24   0x00000130   Code   RO         4436    i.dmp_set_accel_bias  inv_mpu_dmp_motion_driver.o
    0x08005f54   0x00000070   Code   RO         4437    i.dmp_set_fifo_rate  inv_mpu_dmp_motion_driver.o
    0x08005fc4   0x00000130   Code   RO         4438    i.dmp_set_gyro_bias  inv_mpu_dmp_motion_driver.o
    0x080060f4   0x00000138   Code   RO         4440    i.dmp_set_orientation  inv_mpu_dmp_motion_driver.o
    0x0800622c   0x00000038   Code   RO         4443    i.dmp_set_shake_reject_thresh  inv_mpu_dmp_motion_driver.o
    0x08006264   0x00000026   Code   RO         4444    i.dmp_set_shake_reject_time  inv_mpu_dmp_motion_driver.o
    0x0800628a   0x00000026   Code   RO         4445    i.dmp_set_shake_reject_timeout  inv_mpu_dmp_motion_driver.o
    0x080062b0   0x00000046   Code   RO         4446    i.dmp_set_tap_axes  inv_mpu_dmp_motion_driver.o
    0x080062f6   0x00000026   Code   RO         4447    i.dmp_set_tap_count  inv_mpu_dmp_motion_driver.o
    0x0800631c   0x000001a0   Code   RO         4448    i.dmp_set_tap_thresh  inv_mpu_dmp_motion_driver.o
    0x080064bc   0x00000026   Code   RO         4449    i.dmp_set_tap_time  inv_mpu_dmp_motion_driver.o
    0x080064e2   0x00000026   Code   RO         4450    i.dmp_set_tap_time_multi  inv_mpu_dmp_motion_driver.o
    0x08006508   0x0000001c   Code   RO         3526    i.fputc             cuankou.o
    0x08006524   0x0000007c   Code   RO         3379    i.getKey            key.o
    0x080065a0   0x000000b4   Code   RO         4095    i.get_accel_prod_shift  inv_mpu.o
    0x08006654   0x00000470   Code   RO         4096    i.get_st_biases     inv_mpu.o
    0x08006ac4   0x00000110   Code   RO         4097    i.gyro_self_test    inv_mpu.o
    0x08006bd4   0x00000028   Code   RO         4098    i.inv_orientation_matrix_to_scalar  inv_mpu.o
    0x08006bfc   0x0000004e   Code   RO         4099    i.inv_row_2_scale   inv_mpu.o
    0x08006c4a   0x00000002   PAD
    0x08006c4c   0x00000050   Code   RO         3380    i.key_IRQHandler    key.o
    0x08006c9c   0x00000140   Code   RO            1    i.main              main.o
    0x08006ddc   0x00000002   Code   RO         4100    i.mget_ms           inv_mpu.o
    0x08006dde   0x00000002   PAD
    0x08006de0   0x00000070   Code   RO         4101    i.mpu_configure_fifo  inv_mpu.o
    0x08006e50   0x00000224   Code   RO         4102    i.mpu_dmp_get_data  inv_mpu.o
    0x08007074   0x000000a0   Code   RO         4103    i.mpu_dmp_init      inv_mpu.o
    0x08007114   0x0000004c   Code   RO         4104    i.mpu_get_accel_fsr  inv_mpu.o
    0x08007160   0x00000054   Code   RO         4106    i.mpu_get_accel_sens  inv_mpu.o
    0x080071b4   0x00000010   Code   RO         4111    i.mpu_get_fifo_config  inv_mpu.o
    0x080071c4   0x00000044   Code   RO         4112    i.mpu_get_gyro_fsr  inv_mpu.o
    0x08007208   0x00000050   Code   RO         4114    i.mpu_get_gyro_sens  inv_mpu.o
    0x08007258   0x00000050   Code   RO         4116    i.mpu_get_lpf       inv_mpu.o
    0x080072a8   0x00000020   Code   RO         4118    i.mpu_get_sample_rate  inv_mpu.o
    0x080072c8   0x000001f0   Code   RO         4120    i.mpu_init          inv_mpu.o
    0x080074b8   0x000000b8   Code   RO         4121    i.mpu_load_firmware  inv_mpu.o
    0x08007570   0x000000e0   Code   RO         4122    i.mpu_lp_accel_mode  inv_mpu.o
    0x08007650   0x000000c0   Code   RO         4125    i.mpu_read_fifo_stream  inv_mpu.o
    0x08007710   0x00000080   Code   RO         4126    i.mpu_read_mem      inv_mpu.o
    0x08007790   0x000001c8   Code   RO         4129    i.mpu_reset_fifo    inv_mpu.o
    0x08007958   0x0000011c   Code   RO         4130    i.mpu_run_self_test  inv_mpu.o
    0x08007a74   0x00000084   Code   RO         4132    i.mpu_set_accel_fsr  inv_mpu.o
    0x08007af8   0x0000014c   Code   RO         4133    i.mpu_set_bypass    inv_mpu.o
    0x08007c44   0x00000090   Code   RO         4135    i.mpu_set_dmp_state  inv_mpu.o
    0x08007cd4   0x00000088   Code   RO         4136    i.mpu_set_gyro_fsr  inv_mpu.o
    0x08007d5c   0x0000006c   Code   RO         4137    i.mpu_set_int_latched  inv_mpu.o
    0x08007dc8   0x00000084   Code   RO         4139    i.mpu_set_lpf       inv_mpu.o
    0x08007e4c   0x0000009c   Code   RO         4140    i.mpu_set_sample_rate  inv_mpu.o
    0x08007ee8   0x000000d0   Code   RO         4141    i.mpu_set_sensors   inv_mpu.o
    0x08007fb8   0x00000080   Code   RO         4142    i.mpu_write_mem     inv_mpu.o
    0x08008038   0x00000094   Code   RO         4143    i.run_self_test     inv_mpu.o
    0x080080cc   0x00000090   Code   RO         4144    i.set_int_enable    inv_mpu.o
    0x0800815c   0x0000004c   Code   RO         4833    i.sqrt              m_ws.l(sqrt.o)
    0x080081a8   0x00000020   Code   RO         3895    i.task_100ms        task.o
    0x080081c8   0x00000028   Code   RO         3896    i.task_10ms         task.o
    0x080081f0   0x0000002c   Code   RO         3897    i.task_1ms          task.o
    0x0800821c   0x00000020   Code   RO         3898    i.task_20ms         task.o
    0x0800823c   0x0000002c   Code   RO         4975    locale$$code        c_w.l(lc_numeric_c.o)
    0x08008268   0x00000062   Code   RO         4740    x$fpl$d2f           fz_ws.l(d2f.o)
    0x080082ca   0x00000002   PAD
    0x080082cc   0x00000150   Code   RO         4742    x$fpl$dadd          fz_ws.l(daddsub_clz.o)
    0x0800841c   0x00000010   Code   RO         4977    x$fpl$dcheck1       fz_ws.l(dcheck1.o)
    0x0800842c   0x000002b0   Code   RO         4749    x$fpl$ddiv          fz_ws.l(ddiv.o)
    0x080086dc   0x0000005e   Code   RO         4752    x$fpl$dfix          fz_ws.l(dfix.o)
    0x0800873a   0x0000002e   Code   RO         4761    x$fpl$dflt          fz_ws.l(dflt_clz.o)
    0x08008768   0x00000154   Code   RO         4766    x$fpl$dmul          fz_ws.l(dmul.o)
    0x080088bc   0x0000009c   Code   RO         4864    x$fpl$dnaninf       fz_ws.l(dnaninf.o)
    0x08008958   0x0000000c   Code   RO         4866    x$fpl$dretinf       fz_ws.l(dretinf.o)
    0x08008964   0x00000016   Code   RO         4743    x$fpl$drsb          fz_ws.l(daddsub_clz.o)
    0x0800897a   0x00000002   PAD
    0x0800897c   0x000001cc   Code   RO         4870    x$fpl$dsqrt         fz_ws.l(dsqrt_noumaal.o)
    0x08008b48   0x000001d4   Code   RO         4744    x$fpl$dsub          fz_ws.l(daddsub_clz.o)
    0x08008d1c   0x00000056   Code   RO         4768    x$fpl$f2d           fz_ws.l(f2d.o)
    0x08008d72   0x00000002   PAD
    0x08008d74   0x000000c4   Code   RO         4770    x$fpl$fadd          fz_ws.l(faddsub_clz.o)
    0x08008e38   0x00000018   Code   RO         4872    x$fpl$fcmpinf       fz_ws.l(fcmpi.o)
    0x08008e50   0x00000184   Code   RO         4777    x$fpl$fdiv          fz_ws.l(fdiv.o)
    0x08008fd4   0x00000068   Code   RO         4780    x$fpl$feqf          fz_ws.l(feqf.o)
    0x0800903c   0x00000036   Code   RO         4782    x$fpl$ffix          fz_ws.l(ffix.o)
    0x08009072   0x00000002   PAD
    0x08009074   0x0000003e   Code   RO         4786    x$fpl$ffixu         fz_ws.l(ffixu.o)
    0x080090b2   0x00000002   PAD
    0x080090b4   0x00000030   Code   RO         4791    x$fpl$fflt          fz_ws.l(fflt_clz.o)
    0x080090e4   0x00000026   Code   RO         4790    x$fpl$ffltu         fz_ws.l(fflt_clz.o)
    0x0800910a   0x00000002   PAD
    0x0800910c   0x00000068   Code   RO         4796    x$fpl$fleqf         fz_ws.l(fleqf.o)
    0x08009174   0x00000102   Code   RO         4798    x$fpl$fmul          fz_ws.l(fmul.o)
    0x08009276   0x0000008c   Code   RO         4874    x$fpl$fnaninf       fz_ws.l(fnaninf.o)
    0x08009302   0x0000000a   Code   RO         4876    x$fpl$fretinf       fz_ws.l(fretinf.o)
    0x0800930c   0x00000062   Code   RO         4800    x$fpl$frleqf        fz_ws.l(frleqf.o)
    0x0800936e   0x00000002   PAD
    0x08009370   0x000000ea   Code   RO         4772    x$fpl$fsub          fz_ws.l(faddsub_clz.o)
    0x0800945a   0x00000004   Code   RO         4802    x$fpl$printf1       fz_ws.l(printf1.o)
    0x0800945e   0x00000064   Code   RO         5045    x$fpl$retnan        fz_ws.l(retnan.o)
    0x080094c2   0x0000005c   Code   RO         4878    x$fpl$scalbn        fz_ws.l(scalbn.o)
    0x0800951e   0x00000030   Code   RO         5057    x$fpl$trapveneer    fz_ws.l(trapv.o)
    0x0800954e   0x00000000   Code   RO         4880    x$fpl$usenofp       fz_ws.l(usenofp.o)
    0x0800954e   0x00001b40   Data   RO         3784    .constdata          oled.o
    0x0800b08e   0x00000002   PAD
    0x0800b090   0x00000050   Data   RO         4146    .constdata          inv_mpu.o
    0x0800b0e0   0x00000bf6   Data   RO         4452    .constdata          inv_mpu_dmp_motion_driver.o
    0x0800bcd6   0x00000011   Data   RO         4716    .constdata          c_w.l(__printf_flags_wp.o)
    0x0800bce7   0x00000001   PAD
    0x0800bce8   0x00000050   Data   RO         4806    .constdata          m_ws.l(asin.o)
    0x0800bd38   0x00000098   Data   RO         4883    .constdata          m_ws.l(atan.o)
    0x0800bdd0   0x00000008   Data   RO         4909    .constdata          m_ws.l(qnan.o)
    0x0800bdd8   0x00000094   Data   RO         4946    .constdata          c_w.l(bigflt0.o)
    0x0800be6c   0x0000004d   Data   RO         4147    .conststring        inv_mpu.o
    0x0800beb9   0x00000003   PAD
    0x0800bebc   0x00000020   Data   RO         5127    Region$$Table       anon$$obj.o
    0x0800bedc   0x0000001c   Data   RO         4974    locale$$data        c_w.l(lc_numeric_c.o)


    Execution Region ER_RW (Base: 0x20000000, Size: 0x000000d4, Max: 0xffffffff, ABSOLUTE)

    Base Addr    Size         Type   Attr      Idx    E Section Name        Object

    0x20000000   0x00000014   Data   RW          287    .data               system_stm32f10x.o
    0x20000014   0x00000004   Data   RW          320    .data               delay.o
    0x20000018   0x00000014   Data   RW         1992    .data               stm32f10x_rcc.o
    0x2000002c   0x00000004   Data   RW         3440    .data               timer.o
    0x20000030   0x00000008   Data   RW         3496    .data               motor.o
    0x20000038   0x00000008   Data   RW         3528    .data               cuankou.o
    0x20000040   0x00000020   Data   RW         3568    .data               code.o
    0x20000060   0x0000001a   Data   RW         3682    .data               mpu6050.o
    0x2000007a   0x00000002   PAD
    0x2000007c   0x00000010   Data   RW         3899    .data               task.o
    0x2000008c   0x00000010   Data   RW         3936    .data               pages.o
    0x2000009c   0x00000035   Data   RW         4148    .data               inv_mpu.o


    Execution Region ER_ZI (Base: 0x200000d4, Size: 0x00000cb4, Max: 0xffffffff, ABSOLUTE)

    Base Addr    Size         Type   Attr      Idx    E Section Name        Object

    0x200000d4   0x00000014   Zero   RW            2    .bss                main.o
    0x200000e8   0x00000010   Zero   RW         3381    .bss                key.o
    0x200000f8   0x00000010   Zero   RW         3495    .bss                motor.o
    0x20000108   0x000000c8   Zero   RW         3527    .bss                cuankou.o
    0x200001d0   0x00000018   Zero   RW         3567    .bss                code.o
    0x200001e8   0x00000044   Zero   RW         3681    .bss                mpu6050.o
    0x2000022c   0x00000400   Zero   RW         3783    .bss                oled.o
    0x2000062c   0x00000054   Zero   RW         3935    .bss                pages.o
    0x20000680   0x0000007c   Zero   RW         4002    .bss                pid.o
    0x200006fc   0x0000001c   Zero   RW         4066    .bss                kalman.o
    0x20000718   0x00000010   Zero   RW         4451    .bss                inv_mpu_dmp_motion_driver.o
    0x20000728   0x00000060   Zero   RW         4984    .bss                c_w.l(libspace.o)
    0x20000788   0x00000200   Zero   RW          389    HEAP                startup_stm32f10x_hd.o
    0x20000988   0x00000400   Zero   RW          388    STACK               startup_stm32f10x_hd.o


==============================================================================

Image component sizes


      Code (inc. data)   RO Data    RW Data    ZI Data      Debug   Object Name

       424         50          0         32         24       2511   code.o
       362         32          0          8        200       4200   cuankou.o
       220         26          0          4          0       1759   delay.o
      6864        290        157         53          0      30792   inv_mpu.o
      3096        122       3062          0         16      20582   inv_mpu_dmp_motion_driver.o
         0          0          0          0         28       1418   kalman.o
       424         22          0          0         16       3453   key.o
       120          4          0          0          0        535   led.o
       320         88          0          0         20     258221   main.o
       172         22          0          0          0       2113   misc.o
       204         10          0          8         16       2097   motor.o
      1060         66          0         26         68      11952   mpu6050.o
       646        106          0          0          0       5803   mpuiic.o
      1068         56       6976          0       1024       6883   oled.o
      5896       1670          0         16         84       7528   pages.o
      1328         90          0          0        124       7606   pid.o
       528         38          0          0          0       2828   pwm.o
        64         26        304          0       1536        804   startup_stm32f10x_hd.o
       160         12          0          0          0       1545   stm32f10x_exti.o
       490         10          0          0          0       4007   stm32f10x_gpio.o
        26          0          0          0          0       3838   stm32f10x_it.o
       276         32          0         20          0       4510   stm32f10x_rcc.o
       952         92          0          0          0      11142   stm32f10x_tim.o
       408          6          0          0          0       5042   stm32f10x_usart.o
         0          0          0          0          0         32   sys.o
       328         28          0         20          0       2157   system_stm32f10x.o
       148         38          0         16          0       1868   task.o
       196         18          0          4          0       1373   timer.o

    ----------------------------------------------------------------------
     25814       2954      10536        212       3156     406599   Object Totals
         0          0         32          0          0          0   (incl. Generated)
        34          0          5          5          0          0   (incl. Padding)

    ----------------------------------------------------------------------

      Code (inc. data)   RO Data    RW Data    ZI Data      Debug   Library Member Name

         8          0          0          0          0         68   __main.o
       312          4         17          0          0         92   __printf_flags_wp.o
        14          0          0          0          0         68   __printf_wp.o
         0          0          0          0          0          0   __rtentry.o
        12          0          0          0          0          0   __rtentry2.o
         6          0          0          0          0          0   __rtentry4.o
        52          8          0          0          0          0   __scatter.o
        26          0          0          0          0          0   __scatter_copy.o
        28          0          0          0          0          0   __scatter_zi.o
        48          6          0          0          0         96   _printf_char_common.o
        36          4          0          0          0         80   _printf_char_file.o
         6          0          0          0          0          0   _printf_d.o
       120         16          0          0          0         92   _printf_dec.o
         6          0          0          0          0          0   _printf_f.o
      1050          0          0          0          0        216   _printf_fp_dec.o
       128         16          0          0          0         84   _printf_fp_infnan.o
       178          0          0          0          0         88   _printf_intcommon.o
        78          0          0          0          0        108   _printf_pad.o
         0          0          0          0          0          0   _printf_percent.o
         4          0          0          0          0          0   _printf_percent_end.o
        22          0          0          0          0        100   _rserrno.o
        10          0          0          0          0         68   _sputc.o
        16          0          0          0          0         68   aeabi_memset.o
       220          4        148          0          0         96   bigflt0.o
      1910        128          0          0          0        672   btod.o
        12          0          0          0          0         72   exit.o
         8          0          0          0          0         68   ferror.o
         6          0          0          0          0        152   heapauxi.o
        44         10         28          0          0         76   lc_numeric_c.o
         2          0          0          0          0          0   libinit.o
        18          0          0          0          0          0   libinit2.o
         2          0          0          0          0          0   libshutdown.o
         2          0          0          0          0          0   libshutdown2.o
         8          4          0          0         96         68   libspace.o
        72          0          0          0          0         76   llsdiv.o
       138          0          0          0          0         80   lludiv10.o
       238          0          0          0          0        100   lludivv7m.o
        88          0          0          0          0         76   memcmp.o
        24          4          0          0          0         84   noretval__2printf.o
        40          6          0          0          0         84   noretval__2sprintf.o
         8          4          0          0          0         68   rt_errno_addr_intlibspace.o
         8          4          0          0          0         68   rt_locale_intlibspace.o
        68          0          0          0          0         68   rt_memclr.o
        78          0          0          0          0         80   rt_memclr_w.o
         2          0          0          0          0          0   rtexit.o
        10          0          0          0          0          0   rtexit2.o
       128          0          0          0          0         68   strcmpv7m.o
        74          0          0          0          0         80   sys_stackheap_outer.o
         2          0          0          0          0         68   use_no_semi.o
         2          0          0          0          0         68   use_no_semi_2.o
        98          4          0          0          0         92   d2f.o
       826         16          0          0          0        348   daddsub_clz.o
        16          4          0          0          0         68   dcheck1.o
       688        140          0          0          0        208   ddiv.o
        94          4          0          0          0         92   dfix.o
        46          0          0          0          0         68   dflt_clz.o
       340         12          0          0          0        104   dmul.o
       156          4          0          0          0         92   dnaninf.o
        12          0          0          0          0         68   dretinf.o
       460         56          0          0          0        120   dsqrt_noumaal.o
        86          4          0          0          0         84   f2d.o
       430          8          0          0          0        168   faddsub_clz.o
        24          0          0          0          0         68   fcmpi.o
       388         76          0          0          0         96   fdiv.o
       104          4          0          0          0         84   feqf.o
        54          4          0          0          0         84   ffix.o
        62          4          0          0          0         84   ffixu.o
        86          0          0          0          0        136   fflt_clz.o
       104          4          0          0          0         84   fleqf.o
       258          4          0          0          0         84   fmul.o
       140          4          0          0          0         84   fnaninf.o
        10          0          0          0          0         68   fretinf.o
        98          0          0          0          0         68   frleqf.o
         4          0          0          0          0         68   printf1.o
       100          0          0          0          0         68   retnan.o
        92          0          0          0          0         68   scalbn.o
        48          0          0          0          0         68   trapv.o
         0          0          0          0          0          0   usenofp.o
       624         52         80          0          0        168   asin.o
       544         70        152          0          0        124   atan.o
       384         38          0          0          0        144   atan2.o
        38          6          0          0          0        272   dunder.o
        40          0          0          0          0         68   fpclassify.o
       170          0          0          0          0         96   poly.o
         0          0          8          0          0          0   qnan.o
        76          0          0          0          0         84   sqrt.o

    ----------------------------------------------------------------------
     12104        736        434          0         96       7180   Library Totals
        32          0          1          0          0          0   (incl. Padding)

    ----------------------------------------------------------------------

      Code (inc. data)   RO Data    RW Data    ZI Data      Debug   Library Name

      5372        218        193          0         96       3500   c_w.l
      4824        352          0          0          0       2724   fz_ws.l
      1876        166        240          0          0        956   m_ws.l

    ----------------------------------------------------------------------
     12104        736        434          0         96       7180   Library Totals

    ----------------------------------------------------------------------

==============================================================================


      Code (inc. data)   RO Data    RW Data    ZI Data      Debug   

     37918       3690      10970        212       3252     400619   Grand Totals
     37918       3690      10970        212       3252     400619   ELF Image Totals
     37918       3690      10970        212          0          0   ROM Totals

==============================================================================

    Total RO  Size (Code + RO Data)                48888 (  47.74kB)
    Total RW  Size (RW Data + ZI Data)              3464 (   3.38kB)
    Total ROM Size (Code + RO Data + RW Data)      49100 (  47.95kB)

==============================================================================

